Archive member included because of file (symbol)

/opt/devkitPro/libnds/lib/libdswifi9.a(sgIP_Hub.o)
                              Init_Peripherals.o (htons)
/opt/devkitPro/libnds/lib/libdswifi9.a(sgIP_memblock.o)
                              /opt/devkitPro/libnds/lib/libdswifi9.a(sgIP_Hub.o) (sgIP_memblock_exposeheader)
/opt/devkitPro/libnds/lib/libdswifi9.a(sgIP_sockets.o)
                              Init_Peripherals.o (ioctl)
/opt/devkitPro/libnds/lib/libdswifi9.a(wifi_arm9.o)
                              /opt/devkitPro/libnds/lib/libdswifi9.a(sgIP_memblock.o) (sgIP_DisableInterrupts)
/opt/devkitPro/libnds/lib/libdswifi9.a(spinlock.o)
                              /opt/devkitPro/libnds/lib/libdswifi9.a(wifi_arm9.o) (SLasm_Acquire)
/opt/devkitPro/libnds/lib/libdswifi9.a(sgIP.o)
                              /opt/devkitPro/libnds/lib/libdswifi9.a(wifi_arm9.o) (sgIP_Timer)
/opt/devkitPro/libnds/lib/libdswifi9.a(sgIP_ARP.o)
                              /opt/devkitPro/libnds/lib/libdswifi9.a(sgIP.o) (sgIP_ARP_Init)
/opt/devkitPro/libnds/lib/libdswifi9.a(sgIP_DHCP.o)
                              /opt/devkitPro/libnds/lib/libdswifi9.a(wifi_arm9.o) (gethostname)
/opt/devkitPro/libnds/lib/libdswifi9.a(sgIP_DNS.o)
                              /opt/devkitPro/libnds/lib/libdswifi9.a(sgIP.o) (sgIP_DNS_Init)
/opt/devkitPro/libnds/lib/libdswifi9.a(sgIP_IP.o)
                              /opt/devkitPro/libnds/lib/libdswifi9.a(sgIP.o) (sgIP_IP_ReceivePacket)
/opt/devkitPro/libnds/lib/libdswifi9.a(sgIP_TCP.o)
                              /opt/devkitPro/libnds/lib/libdswifi9.a(sgIP.o) (sgIP_TCP_Init)
/opt/devkitPro/libnds/lib/libdswifi9.a(sgIP_UDP.o)
                              /opt/devkitPro/libnds/lib/libdswifi9.a(sgIP.o) (sgIP_UDP_Init)
/opt/devkitPro/libnds/lib/libdswifi9.a(sgIP_ICMP.o)
                              /opt/devkitPro/libnds/lib/libdswifi9.a(sgIP_IP.o) (sgIP_ICMP_ReceivePacket)
/opt/devkitPro/devkitARM/lib/gcc/arm-eabi/4.3.3/../../../../arm-eabi/lib/thumb/libm.a(lib_a-w_acos.o)
                              Pattern_Recognition.o (acos)
/opt/devkitPro/devkitARM/lib/gcc/arm-eabi/4.3.3/../../../../arm-eabi/lib/thumb/libm.a(lib_a-w_sqrt.o)
                              Pattern_Recognition.o (sqrt)
/opt/devkitPro/devkitARM/lib/gcc/arm-eabi/4.3.3/../../../../arm-eabi/lib/thumb/libm.a(lib_a-e_acos.o)
                              /opt/devkitPro/devkitARM/lib/gcc/arm-eabi/4.3.3/../../../../arm-eabi/lib/thumb/libm.a(lib_a-w_acos.o) (__ieee754_acos)
/opt/devkitPro/devkitARM/lib/gcc/arm-eabi/4.3.3/../../../../arm-eabi/lib/thumb/libm.a(lib_a-e_sqrt.o)
                              /opt/devkitPro/devkitARM/lib/gcc/arm-eabi/4.3.3/../../../../arm-eabi/lib/thumb/libm.a(lib_a-w_sqrt.o) (__ieee754_sqrt)
/opt/devkitPro/devkitARM/lib/gcc/arm-eabi/4.3.3/../../../../arm-eabi/lib/thumb/libm.a(lib_a-s_fabs.o)
                              /opt/devkitPro/devkitARM/lib/gcc/arm-eabi/4.3.3/../../../../arm-eabi/lib/thumb/libm.a(lib_a-w_acos.o) (fabs)
/opt/devkitPro/devkitARM/lib/gcc/arm-eabi/4.3.3/../../../../arm-eabi/lib/thumb/libm.a(lib_a-s_isnand.o)
                              /opt/devkitPro/devkitARM/lib/gcc/arm-eabi/4.3.3/../../../../arm-eabi/lib/thumb/libm.a(lib_a-w_acos.o) (__isnand)
/opt/devkitPro/devkitARM/lib/gcc/arm-eabi/4.3.3/../../../../arm-eabi/lib/thumb/libm.a(lib_a-s_lib_ver.o)
                              /opt/devkitPro/devkitARM/lib/gcc/arm-eabi/4.3.3/../../../../arm-eabi/lib/thumb/libm.a(lib_a-w_acos.o) (__fdlib_version)
/opt/devkitPro/devkitARM/lib/gcc/arm-eabi/4.3.3/../../../../arm-eabi/lib/thumb/libm.a(lib_a-s_matherr.o)
                              /opt/devkitPro/devkitARM/lib/gcc/arm-eabi/4.3.3/../../../../arm-eabi/lib/thumb/libm.a(lib_a-w_acos.o) (matherr)
/opt/devkitPro/devkitARM/lib/gcc/arm-eabi/4.3.3/../../../../arm-eabi/lib/thumb/libm.a(lib_a-s_nan.o)
                              /opt/devkitPro/devkitARM/lib/gcc/arm-eabi/4.3.3/../../../../arm-eabi/lib/thumb/libm.a(lib_a-w_acos.o) (nan)
/opt/devkitPro/libnds/lib/libnds9.a(initSystem.o)
                              /opt/devkitPro/devkitARM/lib/gcc/arm-eabi/4.3.3/../../../../arm-eabi/lib/thumb/ds_arm9_crt0.o (initSystem)
/opt/devkitPro/libnds/lib/libnds9.a(keys.o)
                              Game_Update.o (scanKeys)
/opt/devkitPro/libnds/lib/libnds9.a(system.o)
                              /opt/devkitPro/libnds/lib/libnds9.a(initSystem.o) (powerValueHandler)
/opt/devkitPro/libnds/lib/libnds9.a(touch.o)
                              Game_Update.o (touchRead)
/opt/devkitPro/libnds/lib/libnds9.a(videoGL.o)
                              Game_Update.o (glGlobalData)
/opt/devkitPro/libnds/lib/libnds9.a(fifosystem.o)
                              /opt/devkitPro/libnds/lib/libdswifi9.a(wifi_arm9.o) (fifoSetValue32Handler)
/opt/devkitPro/libnds/lib/libnds9.a(interrupts.o)
                              Game_Update.o (irqSet)
/opt/devkitPro/libnds/lib/libnds9.a(dcache.o)
[...]
Memory Configuration

Name             Origin             Length             Attributes
rom              0x08000000         0x02000000
ewram            0x02000000         0x003ff000
dtcm             0x0b000000         0x00004000
vectors          0x01000000         0x00000100
itcm             0x01000100         0x00007f00
*default*        0x00000000         0xffffffff

Linker script and memory map

                0x01000000                __vectors_start = 0x1000000
                0x01000100                __itcm_start = 0x1000100
                0x023ff000                __ewram_end = 0x23ff000
                0x023ff000                __eheap_end = 0x23ff000
                0x0b000000                __dtcm_start = 0xb000000
                0x0b004000                __dtcm_top = 0xb004000
                0x0b003ff8                __irq_flags = (__dtcm_top - 0x8)
                0x0b003ffc                __irq_vector = (__dtcm_top - 0x4)
                0x0b003f00                __sp_svc = (__dtcm_top - 0x100)
                0x0b003e00                __sp_irq = (__sp_svc - 0x100)
                0x0b003d00                __sp_usr = (__sp_irq - 0x100)

.init           0x02000000      0x30c
                0x02000000                __text_start = .
 *(.init)
 .init          0x02000000      0x300 /opt/devkitPro/devkitARM/lib/gcc/arm-eabi/4.3.3/../../../../arm-eabi/lib/thumb/ds_arm9_crt0.o
                0x02000000                _start
 .init          0x02000300        0x4 /opt/devkitPro/devkitARM/lib/gcc/arm-eabi/4.3.3/thumb/crti.o
                0x02000300                _init
 .init          0x02000304        0x8 /opt/devkitPro/devkitARM/lib/gcc/arm-eabi/4.3.3/thumb/crtn.o
                0x0200030c                . = ALIGN (0x4)

.plt
 *(.plt)

.text           0x02000310     0xdd64
 *(EXCLUDE_FILE(*.itcm*) .text)
 .text          0x02000310        0x0 /opt/devkitPro/devkitARM/lib/gcc/arm-eabi/4.3.3/../../../../arm-eabi/lib/thumb/ds_arm9_crt0.o
 .text          0x02000310        0x0 /opt/devkitPro/devkitARM/lib/gcc/arm-eabi/4.3.3/thumb/crti.o
 .text          0x02000310       0x70 /opt/devkitPro/devkitARM/lib/gcc/arm-eabi/4.3.3/thumb/crtbegin.o
 .text          0x02000380        0x0 soundbank.bin.o
 .text          0x02000380        0x0 Assemblage.o
 .text          0x02000380        0x0 Background2.o
 .text          0x02000380        0x0 Background.o
 .text          0x02000380        0x0 ecranBase.o
 .text          0x02000380        0x0 MenuDescription.o
 .text          0x02000380        0x0 MenuInstruction.o
 .text          0x02000380        0x0 Menu.o
 .text          0x02000380        0x0 MenuTactile.o
 .text          0x02000380        0x0 Paper.o
 .text          0x02000380        0x0 Rock.o
 .text          0x02000380        0x0 RSP.o
 .text          0x02000380        0x0 Scissor.o
 .text          0x02000380        0x0 WIN.o
 .text          0x02000380        0x0 YourChoice.o
 .text          0x02000380      0x7ec Game_Update.o
                0x02000b1c                ISR_Timer0
                0x02000380                Game_Update
                0x020007d0                drawArea
                0x02000a18                checkIfThe2HavePlayed
                0x020005d4                Opponent_Move
                0x02000684                Check_Results
                0x0200091c                userPlayed
                0x02000514                Handle_Button
                0x02000734                printMenu2
                0x02000af4                delay_ds
 .text          0x02000b6c      0x338 Handle_Outcome.o
                0x02000c70                Draw_Round
                0x02000ce4                printTimesUp
                0x02000be4                Loose_Round
                0x02000d48                printScore
                0x02000b6c                Win_Round
                0x02000e38                handleScore
 .text          0x02000ea4      0x148 Init_Graphics.o
                0x02000ea4                Init_Graphics
                0x02000f50                Init_Sub_Graphics
                0x02000eb4                Init_Main_Graphics
 .text          0x02000fec       0x3c Init_Interruptions.o
                0x02000ffc                Init_Timer
                0x02000fec                Init_Interruptions
                0x02001024                Init_Keys
 .text          0x02001028      0x2fc Init_Peripherals.o
                0x0200112c                openSocket
                0x02001054                initWiFi
                0x02001244                disconnectFromWiFi
                0x020012b4                receiveData
                0x02001028                Init_Sound
                0x02001264                sendData
                0x02001210                closeSocket
 .text          0x02001324       0x34 main.o
                0x02001344                Initialization
                0x02001324                main
 .text          0x02001358      0xac0 Pattern_Recognition.o
                0x02001358                Detect_Move
                0x02001d08                Vectors_Angle
 .text          0x02001e18        0x0 Shared.o
 .text          0x02001e18      0x204 /opt/devkitPro/libnds/lib/libdswifi9.a(sgIP_Hub.o)
                0x02001f4c                sgIP_Hub_SendRawPacket
                0x02001fbc                sgIP_Hub_ReceiveHardwarePacket
                0x02001ef0                sgIP_Hub_GetCompatibleIP
                0x02001f2c                htonl
                0x02001e68                sgIP_Hub_AddHardwareInterface
                0x02001ec8                sgIP_Hub_RemoveHardwareInterface
                0x02001f08                sgIP_Hub_GetDefaultInterface
                0x02001e18                sgIP_Hub_Init
                0x02001ee8                sgIP_Hub_IPMaxMessageSize
                0x02001e2c                sgIP_Hub_AddProtocolInterface
                0x02001f1c                htons
                0x02001f74                sgIP_Hub_SendProtocolPacket
                0x02001ea8                sgIP_Hub_RemoveProtocolInterface
 .text          0x0200201c      0x2e0 /opt/devkitPro/libnds/lib/libdswifi9.a(sgIP_memblock.o)
                0x02002260                sgIP_memblock_free
                0x02002174                sgIP_memblock_CopyFromLinear
                0x020022ec                sgIP_memblock_alloc
                0x02002170                sgIP_memblock_CopyBlock
                0x020021ec                sgIP_memblock_CopyToLinear
                0x02002050                sgIP_memblock_IPChecksum
                0x0200201c                sgIP_memblock_Init
                0x02002020                sgIP_memblock_exposeheader
                0x02002290                sgIP_memblock_trimsize
                0x020022c4                sgIP_memblock_allocHW
 .text          0x020022fc      0xb4c /opt/devkitPro/libnds/lib/libdswifi9.a(sgIP_sockets.o)
                0x020026f4                ioctl
                0x02002adc                recv
                0x02002c14                connect
                0x0200278c                kill_socket
                0x0200299c                recvfrom
                0x02002db0                socket
                0x02002324                select
                0x02002b78                send
                0x02002874                accept
                0x020022fc                sgIP_sockets_Init
                0x02002cfc                bind
                0x0200231c                setsockopt
                0x02002a68                sendto
                0x0200294c                listen
                0x020027c4                spawn_socket
                0x02002824                shutdown
                0x020025ac                gethostbyname
                0x02002d5c                closesocket
                0x0200265c                getpeername
                0x02002320                getsockopt
                0x020025b8                getsockname
 .text          0x02002e48     0x15dc /opt/devkitPro/libnds/lib/libdswifi9.a(wifi_arm9.o)
                0x02004358                Wifi_InitDefault
                0x02002f28                wHeapFree
                0x02003260                Wifi_RawSetPacketHandler
                0x020032b0                Wifi_SetPromiscuousMode
                0x0200385c                wifiValue32Handler
                0x0200326c                Wifi_SetSyncHandler
                0x02003484                Wifi_GetData
                0x020030f0                Wifi_RawTxFrame
                0x02002f74                ethhdr_print
                0x0200352c                Wifi_SetIP
                0x0200429c                wHeapAllocInit
                0x0200338c                Wifi_DisconnectAP
                0x0200351c                arm9_synctoarm7
                0x02003444                Wifi_GetIPInfo
                0x020032fc                Wifi_SetChannel
                0x02003870                Wifi_Timer
                0x02003404                Wifi_CheckInit
                0x02002e58                sgIP_RestoreInterrupts
                0x02002e68                sgIP_IntrWaitEvent
                0x020042c4                Wifi_Init
                0x02003890                Wifi_TransmitFunction
                0x02003c94                Wifi_FindMatchingAP
                0x02003324                Wifi_GetNumAP
                0x02002f8c                Wifi_CopyMacAddr
                0x02003850                Wifi_Sync
                0x02002f78                erasemem
                0x02003294                Wifi_EnableWifi
                0x02003054                Wifi_RxRawReadPacket
                0x020033bc                Wifi_Interface_Init
                0x0200416c                Wifi_ConnectAP
                0x02003430                Wifi_GetIP
                0x02003880                Timer_50ms
                0x02003480                Wifi_SetDHCP
                0x02002f9c                Wifi_CmpMacAddr
                0x020032e0                Wifi_ScanMode
                0x02003bec                Wifi_GetAPData
                0x0200335c                Wifi_AutoConnect
                0x02002f54                sgIP_free
                0x02003dc4                Wifi_AssocStatus
                0x02002f48                sgIP_malloc
                0x02002fc8                Wifi_TxBufferWordsAvailable
                0x02002e6c                wHeapAlloc
                0x02002ff0                Wifi_TxBufferWrite
                0x02003554                Wifi_Update
                0x020030c4                Wifi_RxReadOffset
                0x020034f8                Wifi_GetStats
                0x02003278                Wifi_DisableWifi
                0x02002e48                sgIP_DisableInterrupts
 .text          0x02004424       0x5c /opt/devkitPro/libnds/lib/libdswifi9.a(spinlock.o)
                0x02004424                SLasm_Acquire
                0x02004458                SLasm_Release
 .text          0x02004480       0xa4 /opt/devkitPro/libnds/lib/libdswifi9.a(sgIP.o)
                0x02004480                sgIP_Timer
                0x020044e8                sgIP_Init
 .text          0x02004524      0x668 /opt/devkitPro/libnds/lib/libdswifi9.a(sgIP_ARP.o)
                0x02004a70                sgIP_ARP_ProcessARPFrame
                0x02004558                sgIP_is_broadcast_address
                0x02004868                sgIP_ARP_Timer100ms
                0x02004568                sgIP_ARP_Init
                0x020046a4                sgIP_ARP_SendGratARP
                0x020045bc                sgIP_ARP_ProcessIPFrame
                0x02004564                sgIP_ARP_Check_isok
                0x02004588                sgIP_ARP_FlushInterface
                0x020045c0                sgIP_ARP_SendARPRequest
                0x02004788                sgIP_ARP_SendARPResponse
                0x02004938                sgIP_ARP_SendProtocolFrame
                0x020048e0                sgIP_GetArpSlot
                0x02004524                sgIP_FindArpSlot
 .text          0x02004b8c      0x8e8 /opt/devkitPro/libnds/lib/libdswifi9.a(sgIP_DHCP.o)
                0x02004b8c                sgIP_DHCP_IsDhcpIp
                0x02005434                sgIP_DHCP_Init
                0x02004f70                sgIP_DHCP_Update
                0x02005330                sgIP_DHCP_Release
                0x02004cac                sgIP_DHCP_BeginDgram
                0x02004c74                sgIP_DHCP_Terminate
                0x02004b9c                sethostname
                0x02004ef4                sgIP_DHCP_SendDgram
                0x02004c18                gethostname
                0x02005368                sgIP_DHCP_Start
                0x02004c58                sgIP_DHCP_SetHostName
 .text          0x02005474      0xabc /opt/devkitPro/libnds/lib/libdswifi9.a(sgIP_DNS.o)
                0x02005b1c                sgIP_DNS_gethostbyname
                0x02005700                sgIP_DNS_GetUnusedRecord
                0x02005794                sgIP_DNS_FindDNSRecord
                0x02005b00                inet_addr
                0x020054ac                sgIP_DNS_Timer1000ms
                0x020055a4                sgIP_DNS_GenerateHostent
                0x02005ae4                inet_aton
                0x020056ec                inet_ntoa
                0x02005474                sgIP_DNS_Init
                0x020058ac                sgIP_DNS_isipaddress
                0x02005678                sgIP_DNS_CopyAliasAt
 .text          0x02005f30      0x150 /opt/devkitPro/libnds/lib/libdswifi9.a(sgIP_IP.o)
                0x02005f30                sgIP_IP_RequiredHeaderSize
                0x02005fe8                sgIP_IP_ReceivePacket
                0x02005f48                sgIP_IP_SendViaIP
                0x02005f34                sgIP_IP_GetLocalBindAddr
                0x02005fd8                sgIP_IP_MaxContentsSize
 .text          0x02006080     0x11cc /opt/devkitPro/libnds/lib/libdswifi9.a(sgIP_TCP.o)
                0x02006080                sgIP_TCP_Init
                0x02006104                sgIP_TCP_GetUnusedOutgoingPort
                0x02006170                sgIP_TCP_Close
                0x02006980                sgIP_TCP_Timer
                0x020066a0                sgIP_TCP_Recv
                0x02006298                sgIP_TCP_AllocRecord
                0x020062e8                sgIP_TCP_FreeRecord
                0x02006bec                sgIP_TCP_CalcChecksum
                0x020061a0                sgIP_TCP_Accept
                0x020063d4                sgIP_TCP_GenHeader
                0x02006240                sgIP_TCP_Listen
                0x020068b4                sgIP_TCP_Connect
                0x02006514                sgIP_TCP_SendSynReply
                0x02006c58                sgIP_TCP_ReceivePacket
                0x020065b8                sgIP_TCP_SendPacket
                0x020067a0                sgIP_TCP_Send
                0x020060b4                sgIP_TCP_support_seqhash
                0x02006218                sgIP_TCP_Bind
                0x02006498                sgIP_TCP_FixChecksum
 .text          0x0200724c      0x474 /opt/devkitPro/libnds/lib/libdswifi9.a(sgIP_UDP.o)
                0x020072d0                sgIP_UDP_Bind
                0x02007268                sgIP_UDP_GetUnusedOutgoingPort
                0x020074a4                sgIP_UDP_CalcChecksum
                0x0200724c                sgIP_UDP_Init
                0x02007400                sgIP_UDP_FreeRecord
                0x02007518                sgIP_UDP_SendPacket
                0x02007614                sgIP_UDP_ReceivePacket
                0x02007600                sgIP_UDP_SendTo
                0x0200730c                sgIP_UDP_RecvFrom
                0x02007464                sgIP_UDP_AllocRecord
 .text          0x020076c0       0x6c /opt/devkitPro/libnds/lib/libdswifi9.a(sgIP_ICMP.o)
                0x020076c4                sgIP_ICMP_ReceivePacket
                0x020076c0                sgIP_ICMP_Init
 *fill*         0x0200772c        0x4 ff
 .text          0x02007730       0xc8 /opt/devkitPro/devkitARM/lib/gcc/arm-eabi/4.3.3/../../../../arm-eabi/lib/thumb/libm.a(lib_a-w_acos.o)
                0x02007730                acos
 .text          0x020077f8       0xc8 /opt/devkitPro/devkitARM/lib/gcc/arm-eabi/4.3.3/../../../../arm-eabi/lib/thumb/libm.a(lib_a-w_sqrt.o)
                0x020077f8                sqrt
 .text          0x020078c0      0x4a0 /opt/devkitPro/devkitARM/lib/gcc/arm-eabi/4.3.3/../../../../arm-eabi/lib/thumb/libm.a(lib_a-e_acos.o)
                0x020078c0                __ieee754_acos
 .text          0x02007d60      0x1dc /opt/devkitPro/devkitARM/lib/gcc/arm-eabi/4.3.3/../../../../arm-eabi/lib/thumb/libm.a(lib_a-e_sqrt.o)
                0x02007d60                __ieee754_sqrt
 .text          0x02007f3c       0x14 /opt/devkitPro/devkitARM/lib/gcc/arm-eabi/4.3.3/../../../../arm-eabi/lib/thumb/libm.a(lib_a-s_fabs.o)
                0x02007f3c                fabs
 .text          0x02007f50       0x1c /opt/devkitPro/devkitARM/lib/gcc/arm-eabi/4.3.3/../../../../arm-eabi/lib/thumb/libm.a(lib_a-s_isnand.o)
                0x02007f50                __isnand
 .text          0x02007f6c        0x0 /opt/devkitPro/devkitARM/lib/gcc/arm-eabi/4.3.3/../../../../arm-eabi/lib/thumb/libm.a(lib_a-s_lib_ver.o)
 .text          0x02007f6c        0x4 /opt/devkitPro/devkitARM/lib/gcc/arm-eabi/4.3.3/../../../../arm-eabi/lib/thumb/libm.a(lib_a-s_matherr.o)
                0x02007f6c                matherr
 .text          0x02007f70       0x10 /opt/devkitPro/devkitARM/lib/gcc/arm-eabi/4.3.3/../../../../arm-eabi/lib/thumb/libm.a(lib_a-s_nan.o)
                0x02007f70                nan
 .text          0x02007f80       0xec /opt/devkitPro/libnds/lib/libnds9.a(initSystem.o)
                0x02007f80                initSystem
 .text          0x0200806c      0x134 /opt/devkitPro/libnds/lib/libnds9.a(keys.o)
                0x0200812c                keysSetRepeat
                0x0200811c                keysDownRepeat
                0x02008168                keysCurrent
                0x020080fc                keysHeld
                0x02008150                keysUp
                0x02008108                keysDown
                0x0200806c                scanKeys
 .text          0x020081a0       0xf4 /opt/devkitPro/libnds/lib/libnds9.a(system.o)
                0x02008250                systemMsgHandler
                0x020081e8                powerOn
                0x02008238                powerValueHandler
                0x020081a0                ledBlink
                0x0200821c                systemSleep
                0x020081b8                powerOff
 .text          0x02008294       0x4c /opt/devkitPro/libnds/lib/libnds9.a(touch.o)
                0x02008294                touchRead
                0x020082bc                touchReadXY
 .text          0x020082e0      0xa94 /opt/devkitPro/libnds/lib/libnds9.a(videoGL.o)
                0x02008428                glTexCoord2f32
                0x02008764                glTexImage2D
                0x0200839c                glGenTextures
                0x0200836c                glResetTextures
                0x02008a80                glRotatef32i
                0x0200870c                glTexLoadPal
                0x020084b4                glTexParameter
                0x020082e0                glGetGlobals
                0x02008534                getNextPaletteSlot
                0x02008588                vramGetBank
                0x02008524                alignVal
                0x0200850c                glGetTexParameter
                0x02008740                gluTexLoadPal
                0x020082e8                glMaterialf
                0x020083dc                glBindTexture
                0x020084e4                glGetTexturePointer
                0x02008648                vramIsTextureBank
                0x0200840c                glColorTable
                0x020086a8                getNextTextureSlot
                0x020088dc                glInit_C
 .text          0x02008d74     0x18b8 /opt/devkitPro/libnds/lib/libnds9.a(fifosystem.o)
                0x02009d10                fifoInternalRecvPopFirst
                0x02008dfc                fifoCheckValue32
                0x02008f0c                fifoCheckDatamsgLength
                0x02009704                fifoGetLostWordCount
                0x02009674                fifoGetBufferUsage
                0x0200a3d4                fifoSendValue32
                0x0200a2e4                fifoInternalSend
                0x020093dc                fifoGetDatamsg
                0x020091f4                fifoGetValue32
                0x0200900c                fifoGetAddress
                0x02008f9c                fifoCountDatamsg
                0x02009344                fifoForceValue32Handler
                0x02008e84                fifoCheckDatamsg
                0x02009cb0                fifoInternalRecvPeek
                0x0200a204                fifoInternalAllocFreeBlock
                0x020091cc                fifoSetAddressHandler
                0x02009c70                fifoInternalProtect
                0x020095b8                fifoForceDatamsgHandler
                0x0200a118                fifoInternalSendEnqueue
                0x0200a37c                fifoSendDatamsg
                0x02009f50                fifoInternalSendEmpty
                0x0200a09c                fifoInternalSendInterrupt
                0x0200a41c                fifoSendAddress
                0x02009f60                fifoInternalSendDeque
                0x02009710                fifoInternalRecvInterrupt
                0x02008d74                fifoCheckAddress
                0x0200a258                fifoInternalFreeCheck
                0x02009de4                fifoInternalRecvWordCount
                0x02009e64                fifoInternalRecvPushBack
                0x02009c8c                fifoInternalUnprotect
                0x0200915c                fifoForceAddressHandler
                0x020093b4                fifoSetValue32Handler
                0x0200a034                fifoInternalBeginSend
                0x0200a458                fifoInit
                0x0200964c                fifoSetDatamsgHandler
                0x0200a234                fifoInternalFreeBlock
 .text          0x0200a62c      0x1a8 /opt/devkitPro/libnds/lib/libnds9.a(interrupts.o)
                0x0200a70c                irqEnable
                0x0200a630                irqSet
                0x0200a758                irqDisable
                0x0200a690                irqInit
                0x0200a62c                irqDummy
                0x0200a6dc                irqInitHandler
                0x0200a7a4                irqClear
 .text          0x0200a7d4       0x70 /opt/devkitPro/libnds/lib/libnds9.a(dcache.o)
                0x0200a7d4                DC_FlushAll
                0x0200a800                DC_FlushRange
                0x0200a828                DC_InvalidateRange
                0x0200a81c                DC_InvalidateAll
 *fill*         0x0200a844        0xc ff
 .text          0x0200a850       0x70 /opt/devkitPro/libnds/lib/libnds9.a(biosCalls.o)
                0x0200a860                swiSleep
                0x0200a89a                swiDecompressLZSSVram
                0x0200a882                swiFastCopy
                0x0200a886                swiSqrt
                0x0200a850                swiSoftReset
                0x0200a88a                swiCRC16
                0x0200a89e                swiDecompressHuffman
                0x0200a8b6                swiSetHaltCR
                0x0200a86c                swiRemainder
                0x0200a892                swiUnpackBits
                0x0200a896                swiDecompressLZSSWram
                0x0200a8b2                swiDecodeDelta16
                0x0200a854                swiDelay
                0x0200a872                swiDivMod
                0x0200a8a6                swiDecompressRLEVram
                0x0200a8a2                swiDecompressRLEWram
                0x0200a8ae                swiDecodeDelta8
                0x0200a868                swiDivide
                0x0200a864                swiChangeSoundBias
                0x0200a85c                swiWaitForVBlank
                0x0200a858                swiIntrWait
                0x0200a88e                swiIsDebugger
                0x0200a8aa                swiWaitForIRQ
                0x0200a87e                swiCopy
 .text          0x0200a8c0        0x0 /opt/devkitPro/libnds/lib/libnds9.a(interruptDispatcher.o)
 .text          0x0200a8c0      0x264 /opt/devkitPro/libnds/lib/libnds9.a(trig.o)
                0x0200aa58                arcSinComp
                0x0200aa88                asinLerp
                0x0200aa18                tanLerp
                0x0200a8c0                sinLutLookup
                0x0200a9cc                tanLutLookup
                0x0200a9b0                cosLerp
                0x0200ab08                acosLerp
                0x0200a910                sinLerp
 .text          0x0200ab24      0x144 /opt/devkitPro/libnds/lib/libnds9.a(video.o)
                0x0200abd8                vramSetBankF
                0x0200ab68                vramRestoreMainBanks
                0x0200ac00                vramSetBankH
                0x0200abb0                vramSetBankD
                0x0200abc4                vramSetBankE
                0x0200ac28                setBrightness
                0x0200abec                vramSetBankG
                0x0200ab88                vramSetBankB
                0x0200ab9c                vramSetBankC
                0x0200ac14                vramSetBankI
                0x0200ab24                vramSetMainBanks
                0x0200ab74                vramSetBankA
 .text          0x0200ac68      0x240 /opt/devkitPro/libnds/lib/libmm9.a(mm_comms.o)
                0x0200ae56                mmReverbStop
                0x0200ad84                mmEffectVolume
                0x0200acea                mmSetModulePitch
                0x0200acf2                mmSelectMode
                0x0200acca                mmPause
                0x0200ace2                mmSetJingleVolume
                0x0200adee                mmReverbEnable
                0x0200acc0                mmStart
                0x0200acee                mmSetEffectsVolume
                0x0200ada6                mmEffectCancel
                0x0200acda                mmJingle
                0x0200acce                mmResume
                0x0200ad0a                mmStreamEnd
                0x0200acb4                mmLockChannels
                0x0200ac68                mmSetupComms
                0x0200acba                mmUnlockChannels
                0x0200ad8c                mmEffectRate
                0x0200ad60                mmEffect
                0x0200ace6                mmSetModuleTempo
                0x0200ada0                mmEffectRelease
                0x0200ad88                mmEffectPanning
                0x0200acde                mmSetModuleVolume
                0x0200ae52                mmReverbStart
                0x0200adf6                mmReverbConfigure
                0x0200acf6                mmStreamBegin
                0x0200acd6                mmPosition
                0x0200adf2                mmReverbDisable
                0x0200acd2                mmStop
                0x0200adac                mmEffectEx
                0x0200adea                mmEffectCancelAll
                0x0200ad96                mmEffectScaleRate
                0x0200acaa                mmSendBank
 .text          0x0200aea8      0x108 /opt/devkitPro/libnds/lib/libmm9.a(mm_main9.o)
                0x0200aede                mmInitDefault
                0x0200af68                mmRestoreIRQ_t
                0x0200af28                mmInitDefaultMem
                0x0200af4a                mmSuspendIRQ_t
                0x0200aeb4                mmInit
                0x0200aeae                mmSetEventHandler
                0x0200aea8                mmActive
 .text          0x0200afb0      0x120 /opt/devkitPro/libnds/lib/libmm9.a(mm_memory.o)
                0x0200afb0                mmLoad
                0x0200b058                mmLoadEffect
                0x0200b000                mmUnload
                0x0200b090                mmUnloadEffect
 .text          0x0200b0d0      0x100 /opt/devkitPro/libnds/lib/libmm9.a(mm_soundbank.o)
                0x0200b116                mmsHandleFileOp
                0x0200b0d8                mmSoundBankInFiles
                0x0200b0d0                mmSoundBankInMemory
                0x0200b0ea                mmSetCustomSoundBankHandler
 .text          0x0200b1d0       0x3c /opt/devkitPro/libnds/lib/libmm9.a(mm_flusher.o)
                0x0200b1d0                mmFlushBank
 .text          0x0200b20c       0x8c /opt/devkitPro/devkitARM/lib/gcc/arm-eabi/4.3.3/thumb/libgcc.a(_udivsi3.o)
                0x0200b20c                __udivsi3
                0x0200b20c                __aeabi_uidiv
                0x0200b288                __aeabi_uidivmod
 .text          0x0200b298       0xa4 /opt/devkitPro/devkitARM/lib/gcc/arm-eabi/4.3.3/thumb/libgcc.a(_divsi3.o)
                0x0200b298                __aeabi_idiv
                0x0200b298                __divsi3
                0x0200b32c                __aeabi_idivmod
 .text          0x0200b33c        0x4 /opt/devkitPro/devkitARM/lib/gcc/arm-eabi/4.3.3/thumb/libgcc.a(_dvmd_tls.o)
                0x0200b33c                __aeabi_ldiv0
                0x0200b33c                __div0
                0x0200b33c                __aeabi_idiv0
 .text          0x0200b340      0x41c /opt/devkitPro/devkitARM/lib/gcc/arm-eabi/4.3.3/thumb/libgcc.a(_addsubdf3.o)
                0x0200b6fc                __floatdidf
                0x0200b680                __floatsidf
                0x0200b65c                __aeabi_ui2d
                0x0200b340                __aeabi_drsub
                0x0200b6a8                __extendsfdf2
                0x0200b34c                __adddf3
                0x0200b65c                __floatunsidf
                0x0200b34c                __aeabi_dadd
                0x0200b6e8                __aeabi_ul2d
                0x0200b348                __aeabi_dsub
                0x0200b6e8                __floatundidf
                0x0200b680                __aeabi_i2d
                0x0200b6fc                __aeabi_l2d
                0x0200b6a8                __aeabi_f2d
                0x0200b348                __subdf3
 .text          0x0200b75c      0x49c /opt/devkitPro/devkitARM/lib/gcc/arm-eabi/4.3.3/thumb/libgcc.a(_muldivdf3.o)
                0x0200b9ec                __aeabi_ddiv
                0x0200b75c                __aeabi_dmul
                0x0200b9ec                __divdf3
                0x0200b75c                __muldf3
 .text          0x0200bbf8      0x140 /opt/devkitPro/devkitARM/lib/gcc/arm-eabi/4.3.3/thumb/libgcc.a(_cmpdf2.o)
                0x0200bcf0                __aeabi_dcmple
                0x0200bc08                __cmpdf2
                0x0200bc08                __eqdf2
                0x0200bbf8                __gtdf2
                0x0200bca8                __aeabi_cdcmple
                0x0200bc8c                __aeabi_cdrcmple
                0x0200bc00                __ltdf2
                0x0200bcd8                __aeabi_dcmplt
                0x0200bc00                __ledf2
                0x0200bd20                __aeabi_dcmpgt
                0x0200bd08                __aeabi_dcmpge
                0x0200bc08                __nedf2
                0x0200bcc0                __aeabi_dcmpeq
                0x0200bca8                __aeabi_cdcmpeq
                0x0200bbf8                __gedf2
 .text          0x0200bd38       0x5c /opt/devkitPro/devkitARM/lib/gcc/arm-eabi/4.3.3/thumb/libgcc.a(_fixdfsi.o)
                0x0200bd38                __fixdfsi
                0x0200bd38                __aeabi_d2iz
 .text          0x0200bd94       0x70 /opt/devkitPro/devkitARM/lib/gcc/arm-eabi/4.3.3/thumb/libgcc.a(_muldi3.o)
                0x0200bd94                __aeabi_lmul
                0x0200bd94                __muldi3
 .text          0x0200be04       0x5c /opt/devkitPro/devkitARM/lib/gcc/arm-eabi/4.3.3/../../../../arm-eabi/lib/thumb/libg.a(lib_a-bsearch.o)
                0x0200be04                bsearch
 .text          0x0200be60        0xc /opt/devkitPro/devkitARM/lib/gcc/arm-eabi/4.3.3/../../../../arm-eabi/lib/thumb/libg.a(lib_a-errno.o)
                0x0200be60                __errno
 .text          0x0200be6c       0xc0 /opt/devkitPro/devkitARM/lib/gcc/arm-eabi/4.3.3/../../../../arm-eabi/lib/thumb/libg.a(lib_a-fclose.o)
                0x0200be6c                _fclose_r
                0x0200bf10                fclose
 .text          0x0200bf2c      0x150 /opt/devkitPro/devkitARM/lib/gcc/arm-eabi/4.3.3/../../../../arm-eabi/lib/thumb/libg.a(lib_a-fflush.o)
                0x0200c048                fflush
                0x0200bf2c                _fflush_r
 .text          0x0200c07c      0x1f0 /opt/devkitPro/devkitARM/lib/gcc/arm-eabi/4.3.3/../../../../arm-eabi/lib/thumb/libg.a(lib_a-findfp.o)
                0x0200c148                __sinit
                0x0200c1a4                __sfmoreglue
                0x0200c0e0                _cleanup
                0x0200c0cc                _cleanup_r
                0x0200c0b0                __fp_lock_all
                0x0200c07c                __sfp_lock_acquire
                0x0200c1d8                __sfp
                0x0200c088                __sinit_lock_release
                0x0200c094                __fp_unlock_all
                0x0200c080                __sfp_lock_release
                0x0200c084                __sinit_lock_acquire
 .text          0x0200c26c       0xa4 /opt/devkitPro/devkitARM/lib/gcc/arm-eabi/4.3.3/../../../../arm-eabi/lib/thumb/libg.a(lib_a-fopen.o)
                0x0200c2f4                fopen
                0x0200c26c                _fopen_r
 .text          0x0200c310      0x19c /opt/devkitPro/devkitARM/lib/gcc/arm-eabi/4.3.3/../../../../arm-eabi/lib/thumb/libg.a(lib_a-fread.o)
                0x0200c484                fread
                0x0200c310                _fread_r
 .text          0x0200c4ac      0x23c /opt/devkitPro/devkitARM/lib/gcc/arm-eabi/4.3.3/../../../../arm-eabi/lib/thumb/libg.a(lib_a-freer.o)
                0x0200c554                _free_r
                0x0200c4ac                _malloc_trim_r
 .text          0x0200c6e8      0x30c /opt/devkitPro/devkitARM/lib/gcc/arm-eabi/4.3.3/../../../../arm-eabi/lib/thumb/libg.a(lib_a-fseek.o)
                0x0200c9cc                fseek
                0x0200c6e8                _fseek_r
 .text          0x0200c9f4       0xc8 /opt/devkitPro/devkitARM/lib/gcc/arm-eabi/4.3.3/../../../../arm-eabi/lib/thumb/libg.a(lib_a-fwalk.o)
                0x0200ca5c                _fwalk
                0x0200c9f4                _fwalk_reent
 .text          0x0200cabc        0x0 /opt/devkitPro/devkitARM/lib/gcc/arm-eabi/4.3.3/../../../../arm-eabi/lib/thumb/libg.a(lib_a-impure.o)
 .text          0x0200cabc       0x88 /opt/devkitPro/devkitARM/lib/gcc/arm-eabi/4.3.3/../../../../arm-eabi/lib/thumb/libg.a(lib_a-init.o)
                0x0200caec                __libc_init_array
                0x0200cabc                __libc_fini_array
 .text          0x0200cb44       0xe8 /opt/devkitPro/devkitARM/lib/gcc/arm-eabi/4.3.3/../../../../arm-eabi/lib/thumb/libg.a(lib_a-makebuf.o)
                0x0200cb44                __smakebuf_r
 .text          0x0200cc2c       0x30 /opt/devkitPro/devkitARM/lib/gcc/arm-eabi/4.3.3/../../../../arm-eabi/lib/thumb/libg.a(lib_a-malloc.o)
                0x0200cc44                malloc
                0x0200cc2c                free
 .text          0x0200cc5c      0x510 /opt/devkitPro/devkitARM/lib/gcc/arm-eabi/4.3.3/../../../../arm-eabi/lib/thumb/libg.a(lib_a-mallocr.o)
                0x0200cc5c                _malloc_r
 .text          0x0200d16c       0x88 /opt/devkitPro/devkitARM/lib/gcc/arm-eabi/4.3.3/../../../../arm-eabi/lib/thumb/libg.a(lib_a-memcpy.o)
                0x0200d16c                memcpy
 .text          0x0200d1f4       0xb0 /opt/devkitPro/devkitARM/lib/gcc/arm-eabi/4.3.3/../../../../arm-eabi/lib/thumb/libg.a(lib_a-memset.o)
                0x0200d1f4                memset
 .text          0x0200d2a4        0x8 /opt/devkitPro/devkitARM/lib/gcc/arm-eabi/4.3.3/../../../../arm-eabi/lib/thumb/libg.a(lib_a-mlock.o)
                0x0200d2a8                __malloc_unlock
                0x0200d2a4                __malloc_lock
 *fill*         0x0200d2ac        0x4 ff
 .text          0x0200d2b0       0x58 /opt/devkitPro/devkitARM/lib/gcc/arm-eabi/4.3.3/../../../../arm-eabi/lib/thumb/libg.a(lib_a-rand.o)
                0x0200d2c4                rand
                0x0200d2b0                srand
 .text          0x0200d308       0x1c /opt/devkitPro/devkitARM/lib/gcc/arm-eabi/4.3.3/../../../../arm-eabi/lib/thumb/libg.a(lib_a-realloc.o)
                0x0200d308                realloc
 .text          0x0200d324      0x340 /opt/devkitPro/devkitARM/lib/gcc/arm-eabi/4.3.3/../../../../arm-eabi/lib/thumb/libg.a(lib_a-reallocr.o)
                0x0200d324                _realloc_r
 .text          0x0200d664      0x128 /opt/devkitPro/devkitARM/lib/gcc/arm-eabi/4.3.3/../../../../arm-eabi/lib/thumb/libg.a(lib_a-refill.o)
                0x0200d664                __srefill_r
 .text          0x0200d78c       0xb8 /opt/devkitPro/devkitARM/lib/gcc/arm-eabi/4.3.3/../../../../arm-eabi/lib/thumb/libg.a(lib_a-stdio.o)
                0x0200d7a0                __sseek
                0x0200d814                __sread
                0x0200d78c                __sclose
                0x0200d7d4                __swrite
 .text          0x0200d844       0x5c /opt/devkitPro/devkitARM/lib/gcc/arm-eabi/4.3.3/../../../../arm-eabi/lib/thumb/libg.a(lib_a-strcmp.o)
                0x0200d844                strcmp
 .text          0x0200d8a0       0x60 /opt/devkitPro/devkitARM/lib/gcc/arm-eabi/4.3.3/../../../../arm-eabi/lib/thumb/libg.a(lib_a-strlen.o)
                0x0200d8a0                strlen
 .text          0x0200d900       0x74 /opt/devkitPro/devkitARM/lib/gcc/arm-eabi/4.3.3/../../../../arm-eabi/lib/thumb/libg.a(lib_a-strncpy.o)
                0x0200d900                strncpy
 .text          0x0200d974       0x34 /opt/devkitPro/devkitARM/lib/gcc/arm-eabi/4.3.3/../../../../arm-eabi/lib/thumb/libg.a(lib_a-time.o)
                0x0200d974                time
 .text          0x0200d9a8       0x7c /opt/devkitPro/devkitARM/lib/gcc/arm-eabi/4.3.3/../../../../arm-eabi/lib/thumb/libg.a(lib_a-flags.o)
                0x0200d9a8                __sflags
 .text          0x0200da24       0xb0 /opt/devkitPro/devkitARM/lib/gcc/arm-eabi/4.3.3/../../../../arm-eabi/lib/thumb/libg.a(lib_a-memmove.o)
                0x0200da24                memmove
 .text          0x0200dad4       0x54 /opt/devkitPro/devkitARM/lib/gcc/arm-eabi/4.3.3/../../../../arm-eabi/lib/thumb/libsysbase.a(close.o)
                0x0200dad4                _close_r
 .text          0x0200db28       0x5c /opt/devkitPro/devkitARM/lib/gcc/arm-eabi/4.3.3/../../../../arm-eabi/lib/thumb/libsysbase.a(fstat.o)
                0x0200db28                _fstat_r
 .text          0x0200db84        0x4 /opt/devkitPro/devkitARM/lib/gcc/arm-eabi/4.3.3/../../../../arm-eabi/lib/thumb/libsysbase.a(isatty.o)
                0x0200db84                _isatty_r
 .text          0x0200db88       0x54 /opt/devkitPro/devkitARM/lib/gcc/arm-eabi/4.3.3/../../../../arm-eabi/lib/thumb/libsysbase.a(lseek.o)
                0x0200db88                _lseek_r
 .text          0x0200dbdc       0x9c /opt/devkitPro/devkitARM/lib/gcc/arm-eabi/4.3.3/../../../../arm-eabi/lib/thumb/libsysbase.a(open.o)
                0x0200dbdc                _open_r
 .text          0x0200dc78       0x54 /opt/devkitPro/devkitARM/lib/gcc/arm-eabi/4.3.3/../../../../arm-eabi/lib/thumb/libsysbase.a(read.o)
                0x0200dc78                _read_r
 .text          0x0200dccc       0x54 /opt/devkitPro/devkitARM/lib/gcc/arm-eabi/4.3.3/../../../../arm-eabi/lib/thumb/libsysbase.a(sbrk.o)
                0x0200dccc                _sbrk_r
 .text          0x0200dd20       0x4c /opt/devkitPro/devkitARM/lib/gcc/arm-eabi/4.3.3/../../../../arm-eabi/lib/thumb/libsysbase.a(times.o)
                0x0200dd28                _gettimeofday_r
                0x0200dd20                _times_r
                0x0200dd54                _times
 .text          0x0200dd6c       0x54 /opt/devkitPro/devkitARM/lib/gcc/arm-eabi/4.3.3/../../../../arm-eabi/lib/thumb/libsysbase.a(write.o)
                0x0200dd6c                _write_r
 .text          0x0200ddc0        0x0 /opt/devkitPro/devkitARM/lib/gcc/arm-eabi/4.3.3/../../../../arm-eabi/lib/thumb/libsysbase.a(malloc_vars.o)
 .text          0x0200ddc0       0x54 /opt/devkitPro/devkitARM/lib/gcc/arm-eabi/4.3.3/../../../../arm-eabi/lib/thumb/libsysbase.a(build_argv.o)
                0x0200ddc0                build_argv
 .text          0x0200de14       0x90 /opt/devkitPro/devkitARM/lib/gcc/arm-eabi/4.3.3/../../../../arm-eabi/lib/thumb/libsysbase.a(handle_manager.o)
                0x0200de74                __release_handle
                0x0200de34                __alloc_handle
                0x0200de14                __get_handle
 .text          0x0200dea4      0x134 /opt/devkitPro/devkitARM/lib/gcc/arm-eabi/4.3.3/../../../../arm-eabi/lib/thumb/libsysbase.a(iosupport.o)
                0x0200dfb4                RemoveDevice
                0x0200dea4                setDefaultDevice
                0x0200deb8                AddDevice
                0x0200df94                GetDeviceOpTab
                0x0200df30                FindDevice
 .text          0x0200dfd8       0x9c /opt/devkitPro/devkitARM/lib/gcc/arm-eabi/4.3.3/../../../../arm-eabi/lib/thumb/libg.a(lib_a-strncmp.o)
                0x0200dfd8                strncmp
 .text          0x0200e074        0x0 /opt/devkitPro/devkitARM/lib/gcc/arm-eabi/4.3.3/thumb/crtend.o
 .text          0x0200e074        0x0 /opt/devkitPro/devkitARM/lib/gcc/arm-eabi/4.3.3/thumb/crtn.o
 *(.text.*)
 *(.stub)
 *(.gnu.warning)
 *(.gnu.linkonce.t*)
 *(.glue_7)
 .glue_7        0x0200e074        0x0 /opt/devkitPro/devkitARM/lib/gcc/arm-eabi/4.3.3/../../../../arm-eabi/lib/thumb/ds_arm9_crt0.o
 .glue_7        0x0200e074        0x0 /opt/devkitPro/devkitARM/lib/gcc/arm-eabi/4.3.3/thumb/crti.o
 .glue_7        0x0200e074        0x0 /opt/devkitPro/devkitARM/lib/gcc/arm-eabi/4.3.3/thumb/crtbegin.o
 .glue_7        0x0200e074        0x0 soundbank.bin.o
 .glue_7        0x0200e074        0x0 Assemblage.o
 .glue_7        0x0200e074        0x0 Background2.o
 .glue_7        0x0200e074        0x0 Background.o
 .glue_7        0x0200e074        0x0 ecranBase.o
 .glue_7        0x0200e074        0x0 MenuDescription.o
 .glue_7        0x0200e074        0x0 MenuInstruction.o
 .glue_7        0x0200e074        0x0 Menu.o
 .glue_7        0x0200e074        0x0 MenuTactile.o
 .glue_7        0x0200e074        0x0 Paper.o
 .glue_7        0x0200e074        0x0 Rock.o
 .glue_7        0x0200e074        0x0 RSP.o
 .glue_7        0x0200e074        0x0 Scissor.o
 .glue_7        0x0200e074        0x0 WIN.o
 .glue_7        0x0200e074        0x0 YourChoice.o
 .glue_7        0x0200e074        0x0 Game_Update.o
 .glue_7        0x0200e074        0x0 Handle_Outcome.o
 .glue_7        0x0200e074        0x0 Init_Graphics.o
 .glue_7        0x0200e074        0x0 Init_Interruptions.o
 .glue_7        0x0200e074        0x0 Init_Peripherals.o
 .glue_7        0x0200e074        0x0 main.o
 .glue_7        0x0200e074        0x0 Pattern_Recognition.o
 .glue_7        0x0200e074        0x0 Shared.o
 .glue_7        0x0200e074        0x0 /opt/devkitPro/libnds/lib/libdswifi9.a(sgIP_Hub.o)
 .glue_7        0x0200e074        0x0 /opt/devkitPro/libnds/lib/libdswifi9.a(sgIP_memblock.o)
 .glue_7        0x0200e074        0x0 /opt/devkitPro/libnds/lib/libdswifi9.a(sgIP_sockets.o)
 .glue_7        0x0200e074        0x0 /opt/devkitPro/libnds/lib/libdswifi9.a(wifi_arm9.o)
 .glue_7        0x0200e074        0x0 /opt/devkitPro/libnds/lib/libdswifi9.a(spinlock.o)
 .glue_7        0x0200e074        0x0 /opt/devkitPro/libnds/lib/libdswifi9.a(sgIP.o)
 .glue_7        0x0200e074        0x0 /opt/devkitPro/libnds/lib/libdswifi9.a(sgIP_ARP.o)
 .glue_7        0x0200e074        0x0 /opt/devkitPro/libnds/lib/libdswifi9.a(sgIP_DHCP.o)
 .glue_7        0x0200e074        0x0 /opt/devkitPro/libnds/lib/libdswifi9.a(sgIP_DNS.o)
 .glue_7        0x0200e074        0x0 /opt/devkitPro/libnds/lib/libdswifi9.a(sgIP_IP.o)
 .glue_7        0x0200e074        0x0 /opt/devkitPro/libnds/lib/libdswifi9.a(sgIP_TCP.o)
 .glue_7        0x0200e074        0x0 /opt/devkitPro/libnds/lib/libdswifi9.a(sgIP_UDP.o)
 .glue_7        0x0200e074        0x0 /opt/devkitPro/libnds/lib/libdswifi9.a(sgIP_ICMP.o)
 .glue_7        0x0200e074        0x0 /opt/devkitPro/devkitARM/lib/gcc/arm-eabi/4.3.3/../../../../arm-eabi/lib/thumb/libm.a(lib_a-w_acos.o)
 .glue_7        0x0200e074        0x0 /opt/devkitPro/devkitARM/lib/gcc/arm-eabi/4.3.3/../../../../arm-eabi/lib/thumb/libm.a(lib_a-w_sqrt.o)
 .glue_7        0x0200e074        0x0 /opt/devkitPro/devkitARM/lib/gcc/arm-eabi/4.3.3/../../../../arm-eabi/lib/thumb/libm.a(lib_a-e_acos.o)
 .glue_7        0x0200e074        0x0 /opt/devkitPro/devkitARM/lib/gcc/arm-eabi/4.3.3/../../../../arm-eabi/lib/thumb/libm.a(lib_a-e_sqrt.o)
 .glue_7        0x0200e074        0x0 /opt/devkitPro/devkitARM/lib/gcc/arm-eabi/4.3.3/../../../../arm-eabi/lib/thumb/libm.a(lib_a-s_fabs.o)
 .glue_7        0x0200e074        0x0 /opt/devkitPro/devkitARM/lib/gcc/arm-eabi/4.3.3/../../../../arm-eabi/lib/thumb/libm.a(lib_a-s_isnand.o)
 .glue_7        0x0200e074        0x0 /opt/devkitPro/devkitARM/lib/gcc/arm-eabi/4.3.3/../../../../arm-eabi/lib/thumb/libm.a(lib_a-s_lib_ver.o)
 .glue_7        0x0200e074        0x0 /opt/devkitPro/devkitARM/lib/gcc/arm-eabi/4.3.3/../../../../arm-eabi/lib/thumb/libm.a(lib_a-s_matherr.o)
 .glue_7        0x0200e074        0x0 /opt/devkitPro/devkitARM/lib/gcc/arm-eabi/4.3.3/../../../../arm-eabi/lib/thumb/libm.a(lib_a-s_nan.o)
 .glue_7        0x0200e074        0x0 /opt/devkitPro/libnds/lib/libnds9.a(initSystem.o)
 .glue_7        0x0200e074        0x0 /opt/devkitPro/libnds/lib/libnds9.a(keys.o)
 .glue_7        0x0200e074        0x0 /opt/devkitPro/libnds/lib/libnds9.a(system.o)
 .glue_7        0x0200e074        0x0 /opt/devkitPro/libnds/lib/libnds9.a(touch.o)
 .glue_7        0x0200e074        0x0 /opt/devkitPro/libnds/lib/libnds9.a(videoGL.o)
 .glue_7        0x0200e074        0x0 /opt/devkitPro/libnds/lib/libnds9.a(fifosystem.o)
 .glue_7        0x0200e074        0x0 /opt/devkitPro/libnds/lib/libnds9.a(interrupts.o)
 .glue_7        0x0200e074        0x0 /opt/devkitPro/libnds/lib/libnds9.a(dcache.o)
 .glue_7        0x0200e074        0x0 /opt/devkitPro/libnds/lib/libnds9.a(biosCalls.o)
 .glue_7        0x0200e074        0x0 /opt/devkitPro/libnds/lib/libnds9.a(interruptDispatcher.o)
 .glue_7        0x0200e074        0x0 /opt/devkitPro/libnds/lib/libnds9.a(trig.o)
 .glue_7        0x0200e074        0x0 /opt/devkitPro/libnds/lib/libnds9.a(video.o)
 .glue_7        0x0200e074        0x0 /opt/devkitPro/libnds/lib/libmm9.a(mm_comms.o)
 .glue_7        0x0200e074        0x0 /opt/devkitPro/libnds/lib/libmm9.a(mm_main9.o)
 .glue_7        0x0200e074        0x0 /opt/devkitPro/libnds/lib/libmm9.a(mm_memory.o)
 .glue_7        0x0200e074        0x0 /opt/devkitPro/libnds/lib/libmm9.a(mm_soundbank.o)
 .glue_7        0x0200e074        0x0 /opt/devkitPro/libnds/lib/libmm9.a(mm_flusher.o)
 .glue_7        0x0200e074        0x0 /opt/devkitPro/devkitARM/lib/gcc/arm-eabi/4.3.3/thumb/libgcc.a(_udivsi3.o)
 .glue_7        0x0200e074        0x0 /opt/devkitPro/devkitARM/lib/gcc/arm-eabi/4.3.3/thumb/libgcc.a(_divsi3.o)
 .glue_7        0x0200e074        0x0 /opt/devkitPro/devkitARM/lib/gcc/arm-eabi/4.3.3/thumb/libgcc.a(_dvmd_tls.o)
 .glue_7        0x0200e074        0x0 /opt/devkitPro/devkitARM/lib/gcc/arm-eabi/4.3.3/thumb/libgcc.a(_addsubdf3.o)
 .glue_7        0x0200e074        0x0 /opt/devkitPro/devkitARM/lib/gcc/arm-eabi/4.3.3/thumb/libgcc.a(_muldivdf3.o)
 .glue_7        0x0200e074        0x0 /opt/devkitPro/devkitARM/lib/gcc/arm-eabi/4.3.3/thumb/libgcc.a(_cmpdf2.o)
 .glue_7        0x0200e074        0x0 /opt/devkitPro/devkitARM/lib/gcc/arm-eabi/4.3.3/thumb/libgcc.a(_fixdfsi.o)
 .glue_7        0x0200e074        0x0 /opt/devkitPro/devkitARM/lib/gcc/arm-eabi/4.3.3/thumb/libgcc.a(_muldi3.o)
 .glue_7        0x0200e074        0x0 /opt/devkitPro/devkitARM/lib/gcc/arm-eabi/4.3.3/../../../../arm-eabi/lib/thumb/libg.a(lib_a-bsearch.o)
 .glue_7        0x0200e074        0x0 /opt/devkitPro/devkitARM/lib/gcc/arm-eabi/4.3.3/../../../../arm-eabi/lib/thumb/libg.a(lib_a-errno.o)
 .glue_7        0x0200e074        0x0 /opt/devkitPro/devkitARM/lib/gcc/arm-eabi/4.3.3/../../../../arm-eabi/lib/thumb/libg.a(lib_a-fclose.o)
 .glue_7        0x0200e074        0x0 /opt/devkitPro/devkitARM/lib/gcc/arm-eabi/4.3.3/../../../../arm-eabi/lib/thumb/libg.a(lib_a-fflush.o)
 .glue_7        0x0200e074        0x0 /opt/devkitPro/devkitARM/lib/gcc/arm-eabi/4.3.3/../../../../arm-eabi/lib/thumb/libg.a(lib_a-findfp.o)
 .glue_7        0x0200e074        0x0 /opt/devkitPro/devkitARM/lib/gcc/arm-eabi/4.3.3/../../../../arm-eabi/lib/thumb/libg.a(lib_a-fopen.o)
 .glue_7        0x0200e074        0x0 /opt/devkitPro/devkitARM/lib/gcc/arm-eabi/4.3.3/../../../../arm-eabi/lib/thumb/libg.a(lib_a-fread.o)
 .glue_7        0x0200e074        0x0 /opt/devkitPro/devkitARM/lib/gcc/arm-eabi/4.3.3/../../../../arm-eabi/lib/thumb/libg.a(lib_a-freer.o)
 .glue_7        0x0200e074        0x0 /opt/devkitPro/devkitARM/lib/gcc/arm-eabi/4.3.3/../../../../arm-eabi/lib/thumb/libg.a(lib_a-fseek.o)
 .glue_7        0x0200e074        0x0 /opt/devkitPro/devkitARM/lib/gcc/arm-eabi/4.3.3/../../../../arm-eabi/lib/thumb/libg.a(lib_a-fwalk.o)
 .glue_7        0x0200e074        0x0 /opt/devkitPro/devkitARM/lib/gcc/arm-eabi/4.3.3/../../../../arm-eabi/lib/thumb/libg.a(lib_a-impure.o)
 .glue_7        0x0200e074        0x0 /opt/devkitPro/devkitARM/lib/gcc/arm-eabi/4.3.3/../../../../arm-eabi/lib/thumb/libg.a(lib_a-init.o)
 .glue_7        0x0200e074        0x0 /opt/devkitPro/devkitARM/lib/gcc/arm-eabi/4.3.3/../../../../arm-eabi/lib/thumb/libg.a(lib_a-makebuf.o)
 .glue_7        0x0200e074        0x0 /opt/devkitPro/devkitARM/lib/gcc/arm-eabi/4.3.3/../../../../arm-eabi/lib/thumb/libg.a(lib_a-malloc.o)
 .glue_7        0x0200e074        0x0 /opt/devkitPro/devkitARM/lib/gcc/arm-eabi/4.3.3/../../../../arm-eabi/lib/thumb/libg.a(lib_a-mallocr.o)
 .glue_7        0x0200e074        0x0 /opt/devkitPro/devkitARM/lib/gcc/arm-eabi/4.3.3/../../../../arm-eabi/lib/thumb/libg.a(lib_a-memcpy.o)
 .glue_7        0x0200e074        0x0 /opt/devkitPro/devkitARM/lib/gcc/arm-eabi/4.3.3/../../../../arm-eabi/lib/thumb/libg.a(lib_a-memset.o)
 .glue_7        0x0200e074        0x0 /opt/devkitPro/devkitARM/lib/gcc/arm-eabi/4.3.3/../../../../arm-eabi/lib/thumb/libg.a(lib_a-mlock.o)
 .glue_7        0x0200e074        0x0 /opt/devkitPro/devkitARM/lib/gcc/arm-eabi/4.3.3/../../../../arm-eabi/lib/thumb/libg.a(lib_a-rand.o)
 .glue_7        0x0200e074        0x0 /opt/devkitPro/devkitARM/lib/gcc/arm-eabi/4.3.3/../../../../arm-eabi/lib/thumb/libg.a(lib_a-realloc.o)
 .glue_7        0x0200e074        0x0 /opt/devkitPro/devkitARM/lib/gcc/arm-eabi/4.3.3/../../../../arm-eabi/lib/thumb/libg.a(lib_a-reallocr.o)
 .glue_7        0x0200e074        0x0 /opt/devkitPro/devkitARM/lib/gcc/arm-eabi/4.3.3/../../../../arm-eabi/lib/thumb/libg.a(lib_a-refill.o)
 .glue_7        0x0200e074        0x0 /opt/devkitPro/devkitARM/lib/gcc/arm-eabi/4.3.3/../../../../arm-eabi/lib/thumb/libg.a(lib_a-stdio.o)
 .glue_7        0x0200e074        0x0 /opt/devkitPro/devkitARM/lib/gcc/arm-eabi/4.3.3/../../../../arm-eabi/lib/thumb/libg.a(lib_a-strcmp.o)
 .glue_7        0x0200e074        0x0 /opt/devkitPro/devkitARM/lib/gcc/arm-eabi/4.3.3/../../../../arm-eabi/lib/thumb/libg.a(lib_a-strlen.o)
 .glue_7        0x0200e074        0x0 /opt/devkitPro/devkitARM/lib/gcc/arm-eabi/4.3.3/../../../../arm-eabi/lib/thumb/libg.a(lib_a-strncpy.o)
 .glue_7        0x0200e074        0x0 /opt/devkitPro/devkitARM/lib/gcc/arm-eabi/4.3.3/../../../../arm-eabi/lib/thumb/libg.a(lib_a-time.o)
 .glue_7        0x0200e074        0x0 /opt/devkitPro/devkitARM/lib/gcc/arm-eabi/4.3.3/../../../../arm-eabi/lib/thumb/libg.a(lib_a-flags.o)
 .glue_7        0x0200e074        0x0 /opt/devkitPro/devkitARM/lib/gcc/arm-eabi/4.3.3/../../../../arm-eabi/lib/thumb/libg.a(lib_a-memmove.o)
 .glue_7        0x0200e074        0x0 /opt/devkitPro/devkitARM/lib/gcc/arm-eabi/4.3.3/../../../../arm-eabi/lib/thumb/libsysbase.a(close.o)
 .glue_7        0x0200e074        0x0 /opt/devkitPro/devkitARM/lib/gcc/arm-eabi/4.3.3/../../../../arm-eabi/lib/thumb/libsysbase.a(fstat.o)
 .glue_7        0x0200e074        0x0 /opt/devkitPro/devkitARM/lib/gcc/arm-eabi/4.3.3/../../../../arm-eabi/lib/thumb/libsysbase.a(isatty.o)
 .glue_7        0x0200e074        0x0 /opt/devkitPro/devkitARM/lib/gcc/arm-eabi/4.3.3/../../../../arm-eabi/lib/thumb/libsysbase.a(lseek.o)
 .glue_7        0x0200e074        0x0 /opt/devkitPro/devkitARM/lib/gcc/arm-eabi/4.3.3/../../../../arm-eabi/lib/thumb/libsysbase.a(open.o)
 .glue_7        0x0200e074        0x0 /opt/devkitPro/devkitARM/lib/gcc/arm-eabi/4.3.3/../../../../arm-eabi/lib/thumb/libsysbase.a(read.o)
 .glue_7        0x0200e074        0x0 /opt/devkitPro/devkitARM/lib/gcc/arm-eabi/4.3.3/../../../../arm-eabi/lib/thumb/libsysbase.a(sbrk.o)
 .glue_7        0x0200e074        0x0 /opt/devkitPro/devkitARM/lib/gcc/arm-eabi/4.3.3/../../../../arm-eabi/lib/thumb/libsysbase.a(times.o)
 .glue_7        0x0200e074        0x0 /opt/devkitPro/devkitARM/lib/gcc/arm-eabi/4.3.3/../../../../arm-eabi/lib/thumb/libsysbase.a(write.o)
 .glue_7        0x0200e074        0x0 /opt/devkitPro/devkitARM/lib/gcc/arm-eabi/4.3.3/../../../../arm-eabi/lib/thumb/libsysbase.a(malloc_vars.o)
 .glue_7        0x0200e074        0x0 /opt/devkitPro/devkitARM/lib/gcc/arm-eabi/4.3.3/../../../../arm-eabi/lib/thumb/libsysbase.a(build_argv.o)
 .glue_7        0x0200e074        0x0 /opt/devkitPro/devkitARM/lib/gcc/arm-eabi/4.3.3/../../../../arm-eabi/lib/thumb/libsysbase.a(handle_manager.o)
 .glue_7        0x0200e074        0x0 /opt/devkitPro/devkitARM/lib/gcc/arm-eabi/4.3.3/../../../../arm-eabi/lib/thumb/libsysbase.a(iosupport.o)
 .glue_7        0x0200e074        0x0 /opt/devkitPro/devkitARM/lib/gcc/arm-eabi/4.3.3/../../../../arm-eabi/lib/thumb/libg.a(lib_a-strncmp.o)
 .glue_7        0x0200e074        0x0 /opt/devkitPro/devkitARM/lib/gcc/arm-eabi/4.3.3/thumb/crtend.o
 .glue_7        0x0200e074        0x0 /opt/devkitPro/devkitARM/lib/gcc/arm-eabi/4.3.3/thumb/crtn.o
 *(.glue_7t)
 .glue_7t       0x0200e074        0x0 /opt/devkitPro/devkitARM/lib/gcc/arm-eabi/4.3.3/../../../../arm-eabi/lib/thumb/ds_arm9_crt0.o
 .glue_7t       0x0200e074        0x0 /opt/devkitPro/devkitARM/lib/gcc/arm-eabi/4.3.3/thumb/crti.o
 .glue_7t       0x0200e074        0x0 /opt/devkitPro/devkitARM/lib/gcc/arm-eabi/4.3.3/thumb/crtbegin.o
 .glue_7t       0x0200e074        0x0 soundbank.bin.o
 .glue_7t       0x0200e074        0x0 Assemblage.o
 .glue_7t       0x0200e074        0x0 Background2.o
 .glue_7t       0x0200e074        0x0 Background.o
 .glue_7t       0x0200e074        0x0 ecranBase.o
 .glue_7t       0x0200e074        0x0 MenuDescription.o
 .glue_7t       0x0200e074        0x0 MenuInstruction.o
 .glue_7t       0x0200e074        0x0 Menu.o
 .glue_7t       0x0200e074        0x0 MenuTactile.o
 .glue_7t       0x0200e074        0x0 Paper.o
 .glue_7t       0x0200e074        0x0 Rock.o
 .glue_7t       0x0200e074        0x0 RSP.o
 .glue_7t       0x0200e074        0x0 Scissor.o
 .glue_7t       0x0200e074        0x0 WIN.o
 .glue_7t       0x0200e074        0x0 YourChoice.o
 .glue_7t       0x0200e074        0x0 Game_Update.o
 .glue_7t       0x0200e074        0x0 Handle_Outcome.o
 .glue_7t       0x0200e074        0x0 Init_Graphics.o
 .glue_7t       0x0200e074        0x0 Init_Interruptions.o
 .glue_7t       0x0200e074        0x0 Init_Peripherals.o
 .glue_7t       0x0200e074        0x0 main.o
 .glue_7t       0x0200e074        0x0 Pattern_Recognition.o
 .glue_7t       0x0200e074        0x0 Shared.o
 .glue_7t       0x0200e074        0x0 /opt/devkitPro/libnds/lib/libdswifi9.a(sgIP_Hub.o)
 .glue_7t       0x0200e074        0x0 /opt/devkitPro/libnds/lib/libdswifi9.a(sgIP_memblock.o)
 .glue_7t       0x0200e074        0x0 /opt/devkitPro/libnds/lib/libdswifi9.a(sgIP_sockets.o)
 .glue_7t       0x0200e074        0x0 /opt/devkitPro/libnds/lib/libdswifi9.a(wifi_arm9.o)
 .glue_7t       0x0200e074        0x0 /opt/devkitPro/libnds/lib/libdswifi9.a(spinlock.o)
 .glue_7t       0x0200e074        0x0 /opt/devkitPro/libnds/lib/libdswifi9.a(sgIP.o)
 .glue_7t       0x0200e074        0x0 /opt/devkitPro/libnds/lib/libdswifi9.a(sgIP_ARP.o)
 .glue_7t       0x0200e074        0x0 /opt/devkitPro/libnds/lib/libdswifi9.a(sgIP_DHCP.o)
 .glue_7t       0x0200e074        0x0 /opt/devkitPro/libnds/lib/libdswifi9.a(sgIP_DNS.o)
 .glue_7t       0x0200e074        0x0 /opt/devkitPro/libnds/lib/libdswifi9.a(sgIP_IP.o)
 .glue_7t       0x0200e074        0x0 /opt/devkitPro/libnds/lib/libdswifi9.a(sgIP_TCP.o)
 .glue_7t       0x0200e074        0x0 /opt/devkitPro/libnds/lib/libdswifi9.a(sgIP_UDP.o)
 .glue_7t       0x0200e074        0x0 /opt/devkitPro/libnds/lib/libdswifi9.a(sgIP_ICMP.o)
 .glue_7t       0x0200e074        0x0 /opt/devkitPro/devkitARM/lib/gcc/arm-eabi/4.3.3/../../../../arm-eabi/lib/thumb/libm.a(lib_a-w_acos.o)
 .glue_7t       0x0200e074        0x0 /opt/devkitPro/devkitARM/lib/gcc/arm-eabi/4.3.3/../../../../arm-eabi/lib/thumb/libm.a(lib_a-w_sqrt.o)
 .glue_7t       0x0200e074        0x0 /opt/devkitPro/devkitARM/lib/gcc/arm-eabi/4.3.3/../../../../arm-eabi/lib/thumb/libm.a(lib_a-e_acos.o)
 .glue_7t       0x0200e074        0x0 /opt/devkitPro/devkitARM/lib/gcc/arm-eabi/4.3.3/../../../../arm-eabi/lib/thumb/libm.a(lib_a-e_sqrt.o)
 .glue_7t       0x0200e074        0x0 /opt/devkitPro/devkitARM/lib/gcc/arm-eabi/4.3.3/../../../../arm-eabi/lib/thumb/libm.a(lib_a-s_fabs.o)
 .glue_7t       0x0200e074        0x0 /opt/devkitPro/devkitARM/lib/gcc/arm-eabi/4.3.3/../../../../arm-eabi/lib/thumb/libm.a(lib_a-s_isnand.o)
 .glue_7t       0x0200e074        0x0 /opt/devkitPro/devkitARM/lib/gcc/arm-eabi/4.3.3/../../../../arm-eabi/lib/thumb/libm.a(lib_a-s_lib_ver.o)
 .glue_7t       0x0200e074        0x0 /opt/devkitPro/devkitARM/lib/gcc/arm-eabi/4.3.3/../../../../arm-eabi/lib/thumb/libm.a(lib_a-s_matherr.o)
 .glue_7t       0x0200e074        0x0 /opt/devkitPro/devkitARM/lib/gcc/arm-eabi/4.3.3/../../../../arm-eabi/lib/thumb/libm.a(lib_a-s_nan.o)
 .glue_7t       0x0200e074        0x0 /opt/devkitPro/libnds/lib/libnds9.a(initSystem.o)
 .glue_7t       0x0200e074        0x0 /opt/devkitPro/libnds/lib/libnds9.a(keys.o)
 .glue_7t       0x0200e074        0x0 /opt/devkitPro/libnds/lib/libnds9.a(system.o)
 .glue_7t       0x0200e074        0x0 /opt/devkitPro/libnds/lib/libnds9.a(touch.o)
 .glue_7t       0x0200e074        0x0 /opt/devkitPro/libnds/lib/libnds9.a(videoGL.o)
 .glue_7t       0x0200e074        0x0 /opt/devkitPro/libnds/lib/libnds9.a(fifosystem.o)
 .glue_7t       0x0200e074        0x0 /opt/devkitPro/libnds/lib/libnds9.a(interrupts.o)
 .glue_7t       0x0200e074        0x0 /opt/devkitPro/libnds/lib/libnds9.a(dcache.o)
 .glue_7t       0x0200e074        0x0 /opt/devkitPro/libnds/lib/libnds9.a(biosCalls.o)
 .glue_7t       0x0200e074        0x0 /opt/devkitPro/libnds/lib/libnds9.a(interruptDispatcher.o)
 .glue_7t       0x0200e074        0x0 /opt/devkitPro/libnds/lib/libnds9.a(trig.o)
 .glue_7t       0x0200e074        0x0 /opt/devkitPro/libnds/lib/libnds9.a(video.o)
 .glue_7t       0x0200e074        0x0 /opt/devkitPro/libnds/lib/libmm9.a(mm_comms.o)
 .glue_7t       0x0200e074        0x0 /opt/devkitPro/libnds/lib/libmm9.a(mm_main9.o)
 .glue_7t       0x0200e074        0x0 /opt/devkitPro/libnds/lib/libmm9.a(mm_memory.o)
 .glue_7t       0x0200e074        0x0 /opt/devkitPro/libnds/lib/libmm9.a(mm_soundbank.o)
 .glue_7t       0x0200e074        0x0 /opt/devkitPro/libnds/lib/libmm9.a(mm_flusher.o)
 .glue_7t       0x0200e074        0x0 /opt/devkitPro/devkitARM/lib/gcc/arm-eabi/4.3.3/thumb/libgcc.a(_udivsi3.o)
 .glue_7t       0x0200e074        0x0 /opt/devkitPro/devkitARM/lib/gcc/arm-eabi/4.3.3/thumb/libgcc.a(_divsi3.o)
 .glue_7t       0x0200e074        0x0 /opt/devkitPro/devkitARM/lib/gcc/arm-eabi/4.3.3/thumb/libgcc.a(_dvmd_tls.o)
 .glue_7t       0x0200e074        0x0 /opt/devkitPro/devkitARM/lib/gcc/arm-eabi/4.3.3/thumb/libgcc.a(_addsubdf3.o)
 .glue_7t       0x0200e074        0x0 /opt/devkitPro/devkitARM/lib/gcc/arm-eabi/4.3.3/thumb/libgcc.a(_muldivdf3.o)
 .glue_7t       0x0200e074        0x0 /opt/devkitPro/devkitARM/lib/gcc/arm-eabi/4.3.3/thumb/libgcc.a(_cmpdf2.o)
 .glue_7t       0x0200e074        0x0 /opt/devkitPro/devkitARM/lib/gcc/arm-eabi/4.3.3/thumb/libgcc.a(_fixdfsi.o)
 .glue_7t       0x0200e074        0x0 /opt/devkitPro/devkitARM/lib/gcc/arm-eabi/4.3.3/thumb/libgcc.a(_muldi3.o)
 .glue_7t       0x0200e074        0x0 /opt/devkitPro/devkitARM/lib/gcc/arm-eabi/4.3.3/../../../../arm-eabi/lib/thumb/libg.a(lib_a-bsearch.o)
 .glue_7t       0x0200e074        0x0 /opt/devkitPro/devkitARM/lib/gcc/arm-eabi/4.3.3/../../../../arm-eabi/lib/thumb/libg.a(lib_a-errno.o)
 .glue_7t       0x0200e074        0x0 /opt/devkitPro/devkitARM/lib/gcc/arm-eabi/4.3.3/../../../../arm-eabi/lib/thumb/libg.a(lib_a-fclose.o)
 .glue_7t       0x0200e074        0x0 /opt/devkitPro/devkitARM/lib/gcc/arm-eabi/4.3.3/../../../../arm-eabi/lib/thumb/libg.a(lib_a-fflush.o)
 .glue_7t       0x0200e074        0x0 /opt/devkitPro/devkitARM/lib/gcc/arm-eabi/4.3.3/../../../../arm-eabi/lib/thumb/libg.a(lib_a-findfp.o)
 .glue_7t       0x0200e074        0x0 /opt/devkitPro/devkitARM/lib/gcc/arm-eabi/4.3.3/../../../../arm-eabi/lib/thumb/libg.a(lib_a-fopen.o)
 .glue_7t       0x0200e074        0x0 /opt/devkitPro/devkitARM/lib/gcc/arm-eabi/4.3.3/../../../../arm-eabi/lib/thumb/libg.a(lib_a-fread.o)
 .glue_7t       0x0200e074        0x0 /opt/devkitPro/devkitARM/lib/gcc/arm-eabi/4.3.3/../../../../arm-eabi/lib/thumb/libg.a(lib_a-freer.o)
 .glue_7t       0x0200e074        0x0 /opt/devkitPro/devkitARM/lib/gcc/arm-eabi/4.3.3/../../../../arm-eabi/lib/thumb/libg.a(lib_a-fseek.o)
 .glue_7t       0x0200e074        0x0 /opt/devkitPro/devkitARM/lib/gcc/arm-eabi/4.3.3/../../../../arm-eabi/lib/thumb/libg.a(lib_a-fwalk.o)
 .glue_7t       0x0200e074        0x0 /opt/devkitPro/devkitARM/lib/gcc/arm-eabi/4.3.3/../../../../arm-eabi/lib/thumb/libg.a(lib_a-impure.o)
 .glue_7t       0x0200e074        0x0 /opt/devkitPro/devkitARM/lib/gcc/arm-eabi/4.3.3/../../../../arm-eabi/lib/thumb/libg.a(lib_a-init.o)
 .glue_7t       0x0200e074        0x0 /opt/devkitPro/devkitARM/lib/gcc/arm-eabi/4.3.3/../../../../arm-eabi/lib/thumb/libg.a(lib_a-makebuf.o)
 .glue_7t       0x0200e074        0x0 /opt/devkitPro/devkitARM/lib/gcc/arm-eabi/4.3.3/../../../../arm-eabi/lib/thumb/libg.a(lib_a-malloc.o)
 .glue_7t       0x0200e074        0x0 /opt/devkitPro/devkitARM/lib/gcc/arm-eabi/4.3.3/../../../../arm-eabi/lib/thumb/libg.a(lib_a-mallocr.o)
 .glue_7t       0x0200e074        0x0 /opt/devkitPro/devkitARM/lib/gcc/arm-eabi/4.3.3/../../../../arm-eabi/lib/thumb/libg.a(lib_a-memcpy.o)
 .glue_7t       0x0200e074        0x0 /opt/devkitPro/devkitARM/lib/gcc/arm-eabi/4.3.3/../../../../arm-eabi/lib/thumb/libg.a(lib_a-memset.o)
 .glue_7t       0x0200e074        0x0 /opt/devkitPro/devkitARM/lib/gcc/arm-eabi/4.3.3/../../../../arm-eabi/lib/thumb/libg.a(lib_a-mlock.o)
 .glue_7t       0x0200e074        0x0 /opt/devkitPro/devkitARM/lib/gcc/arm-eabi/4.3.3/../../../../arm-eabi/lib/thumb/libg.a(lib_a-rand.o)
 .glue_7t       0x0200e074        0x0 /opt/devkitPro/devkitARM/lib/gcc/arm-eabi/4.3.3/../../../../arm-eabi/lib/thumb/libg.a(lib_a-realloc.o)
 .glue_7t       0x0200e074        0x0 /opt/devkitPro/devkitARM/lib/gcc/arm-eabi/4.3.3/../../../../arm-eabi/lib/thumb/libg.a(lib_a-reallocr.o)
 .glue_7t       0x0200e074        0x0 /opt/devkitPro/devkitARM/lib/gcc/arm-eabi/4.3.3/../../../../arm-eabi/lib/thumb/libg.a(lib_a-refill.o)
 .glue_7t       0x0200e074        0x0 /opt/devkitPro/devkitARM/lib/gcc/arm-eabi/4.3.3/../../../../arm-eabi/lib/thumb/libg.a(lib_a-stdio.o)
 .glue_7t       0x0200e074        0x0 /opt/devkitPro/devkitARM/lib/gcc/arm-eabi/4.3.3/../../../../arm-eabi/lib/thumb/libg.a(lib_a-strcmp.o)
 .glue_7t       0x0200e074        0x0 /opt/devkitPro/devkitARM/lib/gcc/arm-eabi/4.3.3/../../../../arm-eabi/lib/thumb/libg.a(lib_a-strlen.o)
 .glue_7t       0x0200e074        0x0 /opt/devkitPro/devkitARM/lib/gcc/arm-eabi/4.3.3/../../../../arm-eabi/lib/thumb/libg.a(lib_a-strncpy.o)
 .glue_7t       0x0200e074        0x0 /opt/devkitPro/devkitARM/lib/gcc/arm-eabi/4.3.3/../../../../arm-eabi/lib/thumb/libg.a(lib_a-time.o)
 .glue_7t       0x0200e074        0x0 /opt/devkitPro/devkitARM/lib/gcc/arm-eabi/4.3.3/../../../../arm-eabi/lib/thumb/libg.a(lib_a-flags.o)
 .glue_7t       0x0200e074        0x0 /opt/devkitPro/devkitARM/lib/gcc/arm-eabi/4.3.3/../../../../arm-eabi/lib/thumb/libg.a(lib_a-memmove.o)
 .glue_7t       0x0200e074        0x0 /opt/devkitPro/devkitARM/lib/gcc/arm-eabi/4.3.3/../../../../arm-eabi/lib/thumb/libsysbase.a(close.o)
 .glue_7t       0x0200e074        0x0 /opt/devkitPro/devkitARM/lib/gcc/arm-eabi/4.3.3/../../../../arm-eabi/lib/thumb/libsysbase.a(fstat.o)
 .glue_7t       0x0200e074        0x0 /opt/devkitPro/devkitARM/lib/gcc/arm-eabi/4.3.3/../../../../arm-eabi/lib/thumb/libsysbase.a(isatty.o)
 .glue_7t       0x0200e074        0x0 /opt/devkitPro/devkitARM/lib/gcc/arm-eabi/4.3.3/../../../../arm-eabi/lib/thumb/libsysbase.a(lseek.o)
 .glue_7t       0x0200e074        0x0 /opt/devkitPro/devkitARM/lib/gcc/arm-eabi/4.3.3/../../../../arm-eabi/lib/thumb/libsysbase.a(open.o)
 .glue_7t       0x0200e074        0x0 /opt/devkitPro/devkitARM/lib/gcc/arm-eabi/4.3.3/../../../../arm-eabi/lib/thumb/libsysbase.a(read.o)
 .glue_7t       0x0200e074        0x0 /opt/devkitPro/devkitARM/lib/gcc/arm-eabi/4.3.3/../../../../arm-eabi/lib/thumb/libsysbase.a(sbrk.o)
 .glue_7t       0x0200e074        0x0 /opt/devkitPro/devkitARM/lib/gcc/arm-eabi/4.3.3/../../../../arm-eabi/lib/thumb/libsysbase.a(times.o)
 .glue_7t       0x0200e074        0x0 /opt/devkitPro/devkitARM/lib/gcc/arm-eabi/4.3.3/../../../../arm-eabi/lib/thumb/libsysbase.a(write.o)
 .glue_7t       0x0200e074        0x0 /opt/devkitPro/devkitARM/lib/gcc/arm-eabi/4.3.3/../../../../arm-eabi/lib/thumb/libsysbase.a(malloc_vars.o)
 .glue_7t       0x0200e074        0x0 /opt/devkitPro/devkitARM/lib/gcc/arm-eabi/4.3.3/../../../../arm-eabi/lib/thumb/libsysbase.a(build_argv.o)
 .glue_7t       0x0200e074        0x0 /opt/devkitPro/devkitARM/lib/gcc/arm-eabi/4.3.3/../../../../arm-eabi/lib/thumb/libsysbase.a(handle_manager.o)
 .glue_7t       0x0200e074        0x0 /opt/devkitPro/devkitARM/lib/gcc/arm-eabi/4.3.3/../../../../arm-eabi/lib/thumb/libsysbase.a(iosupport.o)
 .glue_7t       0x0200e074        0x0 /opt/devkitPro/devkitARM/lib/gcc/arm-eabi/4.3.3/../../../../arm-eabi/lib/thumb/libg.a(lib_a-strncmp.o)
 .glue_7t       0x0200e074        0x0 /opt/devkitPro/devkitARM/lib/gcc/arm-eabi/4.3.3/thumb/crtend.o
 .glue_7t       0x0200e074        0x0 /opt/devkitPro/devkitARM/lib/gcc/arm-eabi/4.3.3/thumb/crtn.o
                0x0200e074                . = ALIGN (0x4)

.vfp11_veneer   0x00000000        0x0
 .vfp11_veneer  0x00000000        0x0 /opt/devkitPro/devkitARM/lib/gcc/arm-eabi/4.3.3/../../../../arm-eabi/lib/thumb/ds_arm9_crt0.o
 .vfp11_veneer  0x00000000        0x0 /opt/devkitPro/devkitARM/lib/gcc/arm-eabi/4.3.3/thumb/crti.o
 .vfp11_veneer  0x00000000        0x0 /opt/devkitPro/devkitARM/lib/gcc/arm-eabi/4.3.3/thumb/crtbegin.o
 .vfp11_veneer  0x00000000        0x0 soundbank.bin.o
 .vfp11_veneer  0x00000000        0x0 Assemblage.o
 .vfp11_veneer  0x00000000        0x0 Background2.o
 .vfp11_veneer  0x00000000        0x0 Background.o
 .vfp11_veneer  0x00000000        0x0 ecranBase.o
 .vfp11_veneer  0x00000000        0x0 MenuDescription.o
 .vfp11_veneer  0x00000000        0x0 MenuInstruction.o
 .vfp11_veneer  0x00000000        0x0 Menu.o
 .vfp11_veneer  0x00000000        0x0 MenuTactile.o
 .vfp11_veneer  0x00000000        0x0 Paper.o
 .vfp11_veneer  0x00000000        0x0 Rock.o
 .vfp11_veneer  0x00000000        0x0 RSP.o
 .vfp11_veneer  0x00000000        0x0 Scissor.o
 .vfp11_veneer  0x00000000        0x0 WIN.o
 .vfp11_veneer  0x00000000        0x0 YourChoice.o
 .vfp11_veneer  0x00000000        0x0 Game_Update.o
 .vfp11_veneer  0x00000000        0x0 Handle_Outcome.o
 .vfp11_veneer  0x00000000        0x0 Init_Graphics.o
 .vfp11_veneer  0x00000000        0x0 Init_Interruptions.o
 .vfp11_veneer  0x00000000        0x0 Init_Peripherals.o
 .vfp11_veneer  0x00000000        0x0 main.o
 .vfp11_veneer  0x00000000        0x0 Pattern_Recognition.o
 .vfp11_veneer  0x00000000        0x0 Shared.o
 .vfp11_veneer  0x00000000        0x0 /opt/devkitPro/libnds/lib/libdswifi9.a(sgIP_Hub.o)
 .vfp11_veneer  0x00000000        0x0 /opt/devkitPro/libnds/lib/libdswifi9.a(sgIP_memblock.o)
 .vfp11_veneer  0x00000000        0x0 /opt/devkitPro/libnds/lib/libdswifi9.a(sgIP_sockets.o)
 .vfp11_veneer  0x00000000        0x0 /opt/devkitPro/libnds/lib/libdswifi9.a(wifi_arm9.o)
 .vfp11_veneer  0x00000000        0x0 /opt/devkitPro/libnds/lib/libdswifi9.a(spinlock.o)
 .vfp11_veneer  0x00000000        0x0 /opt/devkitPro/libnds/lib/libdswifi9.a(sgIP.o)
 .vfp11_veneer  0x00000000        0x0 /opt/devkitPro/libnds/lib/libdswifi9.a(sgIP_ARP.o)
 .vfp11_veneer  0x00000000        0x0 /opt/devkitPro/libnds/lib/libdswifi9.a(sgIP_DHCP.o)
 .vfp11_veneer  0x00000000        0x0 /opt/devkitPro/libnds/lib/libdswifi9.a(sgIP_DNS.o)
 .vfp11_veneer  0x00000000        0x0 /opt/devkitPro/libnds/lib/libdswifi9.a(sgIP_IP.o)
 .vfp11_veneer  0x00000000        0x0 /opt/devkitPro/libnds/lib/libdswifi9.a(sgIP_TCP.o)
 .vfp11_veneer  0x00000000        0x0 /opt/devkitPro/libnds/lib/libdswifi9.a(sgIP_UDP.o)
 .vfp11_veneer  0x00000000        0x0 /opt/devkitPro/libnds/lib/libdswifi9.a(sgIP_ICMP.o)
 .vfp11_veneer  0x00000000        0x0 /opt/devkitPro/devkitARM/lib/gcc/arm-eabi/4.3.3/../../../../arm-eabi/lib/thumb/libm.a(lib_a-w_acos.o)
 .vfp11_veneer  0x00000000        0x0 /opt/devkitPro/devkitARM/lib/gcc/arm-eabi/4.3.3/../../../../arm-eabi/lib/thumb/libm.a(lib_a-w_sqrt.o)
 .vfp11_veneer  0x00000000        0x0 /opt/devkitPro/devkitARM/lib/gcc/arm-eabi/4.3.3/../../../../arm-eabi/lib/thumb/libm.a(lib_a-e_acos.o)
 .vfp11_veneer  0x00000000        0x0 /opt/devkitPro/devkitARM/lib/gcc/arm-eabi/4.3.3/../../../../arm-eabi/lib/thumb/libm.a(lib_a-e_sqrt.o)
 .vfp11_veneer  0x00000000        0x0 /opt/devkitPro/devkitARM/lib/gcc/arm-eabi/4.3.3/../../../../arm-eabi/lib/thumb/libm.a(lib_a-s_fabs.o)
 .vfp11_veneer  0x00000000        0x0 /opt/devkitPro/devkitARM/lib/gcc/arm-eabi/4.3.3/../../../../arm-eabi/lib/thumb/libm.a(lib_a-s_isnand.o)
 .vfp11_veneer  0x00000000        0x0 /opt/devkitPro/devkitARM/lib/gcc/arm-eabi/4.3.3/../../../../arm-eabi/lib/thumb/libm.a(lib_a-s_lib_ver.o)
 .vfp11_veneer  0x00000000        0x0 /opt/devkitPro/devkitARM/lib/gcc/arm-eabi/4.3.3/../../../../arm-eabi/lib/thumb/libm.a(lib_a-s_matherr.o)
 .vfp11_veneer  0x00000000        0x0 /opt/devkitPro/devkitARM/lib/gcc/arm-eabi/4.3.3/../../../../arm-eabi/lib/thumb/libm.a(lib_a-s_nan.o)
 .vfp11_veneer  0x00000000        0x0 /opt/devkitPro/libnds/lib/libnds9.a(initSystem.o)
 .vfp11_veneer  0x00000000        0x0 /opt/devkitPro/libnds/lib/libnds9.a(keys.o)
 .vfp11_veneer  0x00000000        0x0 /opt/devkitPro/libnds/lib/libnds9.a(system.o)
 .vfp11_veneer  0x00000000        0x0 /opt/devkitPro/libnds/lib/libnds9.a(touch.o)
 .vfp11_veneer  0x00000000        0x0 /opt/devkitPro/libnds/lib/libnds9.a(videoGL.o)
 .vfp11_veneer  0x00000000        0x0 /opt/devkitPro/libnds/lib/libnds9.a(fifosystem.o)
 .vfp11_veneer  0x00000000        0x0 /opt/devkitPro/libnds/lib/libnds9.a(interrupts.o)
 .vfp11_veneer  0x00000000        0x0 /opt/devkitPro/libnds/lib/libnds9.a(dcache.o)
 .vfp11_veneer  0x00000000        0x0 /opt/devkitPro/libnds/lib/libnds9.a(biosCalls.o)
 .vfp11_veneer  0x00000000        0x0 /opt/devkitPro/libnds/lib/libnds9.a(interruptDispatcher.o)
 .vfp11_veneer  0x00000000        0x0 /opt/devkitPro/libnds/lib/libnds9.a(trig.o)
 .vfp11_veneer  0x00000000        0x0 /opt/devkitPro/libnds/lib/libnds9.a(video.o)
 .vfp11_veneer  0x00000000        0x0 /opt/devkitPro/libnds/lib/libmm9.a(mm_comms.o)
 .vfp11_veneer  0x00000000        0x0 /opt/devkitPro/libnds/lib/libmm9.a(mm_main9.o)
 .vfp11_veneer  0x00000000        0x0 /opt/devkitPro/libnds/lib/libmm9.a(mm_memory.o)
 .vfp11_veneer  0x00000000        0x0 /opt/devkitPro/libnds/lib/libmm9.a(mm_soundbank.o)
 .vfp11_veneer  0x00000000        0x0 /opt/devkitPro/libnds/lib/libmm9.a(mm_flusher.o)
 .vfp11_veneer  0x00000000        0x0 /opt/devkitPro/devkitARM/lib/gcc/arm-eabi/4.3.3/thumb/libgcc.a(_udivsi3.o)
 .vfp11_veneer  0x00000000        0x0 /opt/devkitPro/devkitARM/lib/gcc/arm-eabi/4.3.3/thumb/libgcc.a(_divsi3.o)
 .vfp11_veneer  0x00000000        0x0 /opt/devkitPro/devkitARM/lib/gcc/arm-eabi/4.3.3/thumb/libgcc.a(_dvmd_tls.o)
 .vfp11_veneer  0x00000000        0x0 /opt/devkitPro/devkitARM/lib/gcc/arm-eabi/4.3.3/thumb/libgcc.a(_addsubdf3.o)
 .vfp11_veneer  0x00000000        0x0 /opt/devkitPro/devkitARM/lib/gcc/arm-eabi/4.3.3/thumb/libgcc.a(_muldivdf3.o)
 .vfp11_veneer  0x00000000        0x0 /opt/devkitPro/devkitARM/lib/gcc/arm-eabi/4.3.3/thumb/libgcc.a(_cmpdf2.o)
 .vfp11_veneer  0x00000000        0x0 /opt/devkitPro/devkitARM/lib/gcc/arm-eabi/4.3.3/thumb/libgcc.a(_fixdfsi.o)
 .vfp11_veneer  0x00000000        0x0 /opt/devkitPro/devkitARM/lib/gcc/arm-eabi/4.3.3/thumb/libgcc.a(_muldi3.o)
 .vfp11_veneer  0x00000000        0x0 /opt/devkitPro/devkitARM/lib/gcc/arm-eabi/4.3.3/../../../../arm-eabi/lib/thumb/libg.a(lib_a-bsearch.o)
 .vfp11_veneer  0x00000000        0x0 /opt/devkitPro/devkitARM/lib/gcc/arm-eabi/4.3.3/../../../../arm-eabi/lib/thumb/libg.a(lib_a-errno.o)
 .vfp11_veneer  0x00000000        0x0 /opt/devkitPro/devkitARM/lib/gcc/arm-eabi/4.3.3/../../../../arm-eabi/lib/thumb/libg.a(lib_a-fclose.o)
 .vfp11_veneer  0x00000000        0x0 /opt/devkitPro/devkitARM/lib/gcc/arm-eabi/4.3.3/../../../../arm-eabi/lib/thumb/libg.a(lib_a-fflush.o)
 .vfp11_veneer  0x00000000        0x0 /opt/devkitPro/devkitARM/lib/gcc/arm-eabi/4.3.3/../../../../arm-eabi/lib/thumb/libg.a(lib_a-findfp.o)
 .vfp11_veneer  0x00000000        0x0 /opt/devkitPro/devkitARM/lib/gcc/arm-eabi/4.3.3/../../../../arm-eabi/lib/thumb/libg.a(lib_a-fopen.o)
 .vfp11_veneer  0x00000000        0x0 /opt/devkitPro/devkitARM/lib/gcc/arm-eabi/4.3.3/../../../../arm-eabi/lib/thumb/libg.a(lib_a-fread.o)
 .vfp11_veneer  0x00000000        0x0 /opt/devkitPro/devkitARM/lib/gcc/arm-eabi/4.3.3/../../../../arm-eabi/lib/thumb/libg.a(lib_a-freer.o)
 .vfp11_veneer  0x00000000        0x0 /opt/devkitPro/devkitARM/lib/gcc/arm-eabi/4.3.3/../../../../arm-eabi/lib/thumb/libg.a(lib_a-fseek.o)
 .vfp11_veneer  0x00000000        0x0 /opt/devkitPro/devkitARM/lib/gcc/arm-eabi/4.3.3/../../../../arm-eabi/lib/thumb/libg.a(lib_a-fwalk.o)
 .vfp11_veneer  0x00000000        0x0 /opt/devkitPro/devkitARM/lib/gcc/arm-eabi/4.3.3/../../../../arm-eabi/lib/thumb/libg.a(lib_a-impure.o)
 .vfp11_veneer  0x00000000        0x0 /opt/devkitPro/devkitARM/lib/gcc/arm-eabi/4.3.3/../../../../arm-eabi/lib/thumb/libg.a(lib_a-init.o)
 .vfp11_veneer  0x00000000        0x0 /opt/devkitPro/devkitARM/lib/gcc/arm-eabi/4.3.3/../../../../arm-eabi/lib/thumb/libg.a(lib_a-makebuf.o)
 .vfp11_veneer  0x00000000        0x0 /opt/devkitPro/devkitARM/lib/gcc/arm-eabi/4.3.3/../../../../arm-eabi/lib/thumb/libg.a(lib_a-malloc.o)
 .vfp11_veneer  0x00000000        0x0 /opt/devkitPro/devkitARM/lib/gcc/arm-eabi/4.3.3/../../../../arm-eabi/lib/thumb/libg.a(lib_a-mallocr.o)
 .vfp11_veneer  0x00000000        0x0 /opt/devkitPro/devkitARM/lib/gcc/arm-eabi/4.3.3/../../../../arm-eabi/lib/thumb/libg.a(lib_a-memcpy.o)
 .vfp11_veneer  0x00000000        0x0 /opt/devkitPro/devkitARM/lib/gcc/arm-eabi/4.3.3/../../../../arm-eabi/lib/thumb/libg.a(lib_a-memset.o)
 .vfp11_veneer  0x00000000        0x0 /opt/devkitPro/devkitARM/lib/gcc/arm-eabi/4.3.3/../../../../arm-eabi/lib/thumb/libg.a(lib_a-mlock.o)
 .vfp11_veneer  0x00000000        0x0 /opt/devkitPro/devkitARM/lib/gcc/arm-eabi/4.3.3/../../../../arm-eabi/lib/thumb/libg.a(lib_a-rand.o)
 .vfp11_veneer  0x00000000        0x0 /opt/devkitPro/devkitARM/lib/gcc/arm-eabi/4.3.3/../../../../arm-eabi/lib/thumb/libg.a(lib_a-realloc.o)
 .vfp11_veneer  0x00000000        0x0 /opt/devkitPro/devkitARM/lib/gcc/arm-eabi/4.3.3/../../../../arm-eabi/lib/thumb/libg.a(lib_a-reallocr.o)
 .vfp11_veneer  0x00000000        0x0 /opt/devkitPro/devkitARM/lib/gcc/arm-eabi/4.3.3/../../../../arm-eabi/lib/thumb/libg.a(lib_a-refill.o)
 .vfp11_veneer  0x00000000        0x0 /opt/devkitPro/devkitARM/lib/gcc/arm-eabi/4.3.3/../../../../arm-eabi/lib/thumb/libg.a(lib_a-stdio.o)
 .vfp11_veneer  0x00000000        0x0 /opt/devkitPro/devkitARM/lib/gcc/arm-eabi/4.3.3/../../../../arm-eabi/lib/thumb/libg.a(lib_a-strcmp.o)
 .vfp11_veneer  0x00000000        0x0 /opt/devkitPro/devkitARM/lib/gcc/arm-eabi/4.3.3/../../../../arm-eabi/lib/thumb/libg.a(lib_a-strlen.o)
 .vfp11_veneer  0x00000000        0x0 /opt/devkitPro/devkitARM/lib/gcc/arm-eabi/4.3.3/../../../../arm-eabi/lib/thumb/libg.a(lib_a-strncpy.o)
 .vfp11_veneer  0x00000000        0x0 /opt/devkitPro/devkitARM/lib/gcc/arm-eabi/4.3.3/../../../../arm-eabi/lib/thumb/libg.a(lib_a-time.o)
 .vfp11_veneer  0x00000000        0x0 /opt/devkitPro/devkitARM/lib/gcc/arm-eabi/4.3.3/../../../../arm-eabi/lib/thumb/libg.a(lib_a-flags.o)
 .vfp11_veneer  0x00000000        0x0 /opt/devkitPro/devkitARM/lib/gcc/arm-eabi/4.3.3/../../../../arm-eabi/lib/thumb/libg.a(lib_a-memmove.o)
 .vfp11_veneer  0x00000000        0x0 /opt/devkitPro/devkitARM/lib/gcc/arm-eabi/4.3.3/../../../../arm-eabi/lib/thumb/libsysbase.a(close.o)
 .vfp11_veneer  0x00000000        0x0 /opt/devkitPro/devkitARM/lib/gcc/arm-eabi/4.3.3/../../../../arm-eabi/lib/thumb/libsysbase.a(fstat.o)
 .vfp11_veneer  0x00000000        0x0 /opt/devkitPro/devkitARM/lib/gcc/arm-eabi/4.3.3/../../../../arm-eabi/lib/thumb/libsysbase.a(isatty.o)
 .vfp11_veneer  0x00000000        0x0 /opt/devkitPro/devkitARM/lib/gcc/arm-eabi/4.3.3/../../../../arm-eabi/lib/thumb/libsysbase.a(lseek.o)
 .vfp11_veneer  0x00000000        0x0 /opt/devkitPro/devkitARM/lib/gcc/arm-eabi/4.3.3/../../../../arm-eabi/lib/thumb/libsysbase.a(open.o)
 .vfp11_veneer  0x00000000        0x0 /opt/devkitPro/devkitARM/lib/gcc/arm-eabi/4.3.3/../../../../arm-eabi/lib/thumb/libsysbase.a(read.o)
 .vfp11_veneer  0x00000000        0x0 /opt/devkitPro/devkitARM/lib/gcc/arm-eabi/4.3.3/../../../../arm-eabi/lib/thumb/libsysbase.a(sbrk.o)
 .vfp11_veneer  0x00000000        0x0 /opt/devkitPro/devkitARM/lib/gcc/arm-eabi/4.3.3/../../../../arm-eabi/lib/thumb/libsysbase.a(times.o)
 .vfp11_veneer  0x00000000        0x0 /opt/devkitPro/devkitARM/lib/gcc/arm-eabi/4.3.3/../../../../arm-eabi/lib/thumb/libsysbase.a(write.o)
 .vfp11_veneer  0x00000000        0x0 /opt/devkitPro/devkitARM/lib/gcc/arm-eabi/4.3.3/../../../../arm-eabi/lib/thumb/libsysbase.a(malloc_vars.o)
 .vfp11_veneer  0x00000000        0x0 /opt/devkitPro/devkitARM/lib/gcc/arm-eabi/4.3.3/../../../../arm-eabi/lib/thumb/libsysbase.a(build_argv.o)
 .vfp11_veneer  0x00000000        0x0 /opt/devkitPro/devkitARM/lib/gcc/arm-eabi/4.3.3/../../../../arm-eabi/lib/thumb/libsysbase.a(handle_manager.o)
 .vfp11_veneer  0x00000000        0x0 /opt/devkitPro/devkitARM/lib/gcc/arm-eabi/4.3.3/../../../../arm-eabi/lib/thumb/libsysbase.a(iosupport.o)
 .vfp11_veneer  0x00000000        0x0 /opt/devkitPro/devkitARM/lib/gcc/arm-eabi/4.3.3/../../../../arm-eabi/lib/thumb/libg.a(lib_a-strncmp.o)
 .vfp11_veneer  0x00000000        0x0 /opt/devkitPro/devkitARM/lib/gcc/arm-eabi/4.3.3/thumb/crtend.o
 .vfp11_veneer  0x00000000        0x0 /opt/devkitPro/devkitARM/lib/gcc/arm-eabi/4.3.3/thumb/crtn.o

.v4_bx          0x00000000        0x0
 .v4_bx         0x00000000        0x0 /opt/devkitPro/devkitARM/lib/gcc/arm-eabi/4.3.3/../../../../arm-eabi/lib/thumb/ds_arm9_crt0.o
 .v4_bx         0x00000000        0x0 /opt/devkitPro/devkitARM/lib/gcc/arm-eabi/4.3.3/thumb/crti.o
 .v4_bx         0x00000000        0x0 /opt/devkitPro/devkitARM/lib/gcc/arm-eabi/4.3.3/thumb/crtbegin.o
 .v4_bx         0x00000000        0x0 soundbank.bin.o
 .v4_bx         0x00000000        0x0 Assemblage.o
 .v4_bx         0x00000000        0x0 Background2.o
 .v4_bx         0x00000000        0x0 Background.o
 .v4_bx         0x00000000        0x0 ecranBase.o
 .v4_bx         0x00000000        0x0 MenuDescription.o
 .v4_bx         0x00000000        0x0 MenuInstruction.o
 .v4_bx         0x00000000        0x0 Menu.o
 .v4_bx         0x00000000        0x0 MenuTactile.o
 .v4_bx         0x00000000        0x0 Paper.o
 .v4_bx         0x00000000        0x0 Rock.o
 .v4_bx         0x00000000        0x0 RSP.o
 .v4_bx         0x00000000        0x0 Scissor.o
 .v4_bx         0x00000000        0x0 WIN.o
 .v4_bx         0x00000000        0x0 YourChoice.o
 .v4_bx         0x00000000        0x0 Game_Update.o
 .v4_bx         0x00000000        0x0 Handle_Outcome.o
 .v4_bx         0x00000000        0x0 Init_Graphics.o
 .v4_bx         0x00000000        0x0 Init_Interruptions.o
 .v4_bx         0x00000000        0x0 Init_Peripherals.o
 .v4_bx         0x00000000        0x0 main.o
 .v4_bx         0x00000000        0x0 Pattern_Recognition.o
 .v4_bx         0x00000000        0x0 Shared.o
 .v4_bx         0x00000000        0x0 /opt/devkitPro/libnds/lib/libdswifi9.a(sgIP_Hub.o)
 .v4_bx         0x00000000        0x0 /opt/devkitPro/libnds/lib/libdswifi9.a(sgIP_memblock.o)
 .v4_bx         0x00000000        0x0 /opt/devkitPro/libnds/lib/libdswifi9.a(sgIP_sockets.o)
 .v4_bx         0x00000000        0x0 /opt/devkitPro/libnds/lib/libdswifi9.a(wifi_arm9.o)
 .v4_bx         0x00000000        0x0 /opt/devkitPro/libnds/lib/libdswifi9.a(spinlock.o)
 .v4_bx         0x00000000        0x0 /opt/devkitPro/libnds/lib/libdswifi9.a(sgIP.o)
 .v4_bx         0x00000000        0x0 /opt/devkitPro/libnds/lib/libdswifi9.a(sgIP_ARP.o)
 .v4_bx         0x00000000        0x0 /opt/devkitPro/libnds/lib/libdswifi9.a(sgIP_DHCP.o)
 .v4_bx         0x00000000        0x0 /opt/devkitPro/libnds/lib/libdswifi9.a(sgIP_DNS.o)
 .v4_bx         0x00000000        0x0 /opt/devkitPro/libnds/lib/libdswifi9.a(sgIP_IP.o)
 .v4_bx         0x00000000        0x0 /opt/devkitPro/libnds/lib/libdswifi9.a(sgIP_TCP.o)
 .v4_bx         0x00000000        0x0 /opt/devkitPro/libnds/lib/libdswifi9.a(sgIP_UDP.o)
 .v4_bx         0x00000000        0x0 /opt/devkitPro/libnds/lib/libdswifi9.a(sgIP_ICMP.o)
 .v4_bx         0x00000000        0x0 /opt/devkitPro/devkitARM/lib/gcc/arm-eabi/4.3.3/../../../../arm-eabi/lib/thumb/libm.a(lib_a-w_acos.o)
 .v4_bx         0x00000000        0x0 /opt/devkitPro/devkitARM/lib/gcc/arm-eabi/4.3.3/../../../../arm-eabi/lib/thumb/libm.a(lib_a-w_sqrt.o)
 .v4_bx         0x00000000        0x0 /opt/devkitPro/devkitARM/lib/gcc/arm-eabi/4.3.3/../../../../arm-eabi/lib/thumb/libm.a(lib_a-e_acos.o)
 .v4_bx         0x00000000        0x0 /opt/devkitPro/devkitARM/lib/gcc/arm-eabi/4.3.3/../../../../arm-eabi/lib/thumb/libm.a(lib_a-e_sqrt.o)
 .v4_bx         0x00000000        0x0 /opt/devkitPro/devkitARM/lib/gcc/arm-eabi/4.3.3/../../../../arm-eabi/lib/thumb/libm.a(lib_a-s_fabs.o)
 .v4_bx         0x00000000        0x0 /opt/devkitPro/devkitARM/lib/gcc/arm-eabi/4.3.3/../../../../arm-eabi/lib/thumb/libm.a(lib_a-s_isnand.o)
 .v4_bx         0x00000000        0x0 /opt/devkitPro/devkitARM/lib/gcc/arm-eabi/4.3.3/../../../../arm-eabi/lib/thumb/libm.a(lib_a-s_lib_ver.o)
 .v4_bx         0x00000000        0x0 /opt/devkitPro/devkitARM/lib/gcc/arm-eabi/4.3.3/../../../../arm-eabi/lib/thumb/libm.a(lib_a-s_matherr.o)
 .v4_bx         0x00000000        0x0 /opt/devkitPro/devkitARM/lib/gcc/arm-eabi/4.3.3/../../../../arm-eabi/lib/thumb/libm.a(lib_a-s_nan.o)
 .v4_bx         0x00000000        0x0 /opt/devkitPro/libnds/lib/libnds9.a(initSystem.o)
 .v4_bx         0x00000000        0x0 /opt/devkitPro/libnds/lib/libnds9.a(keys.o)
 .v4_bx         0x00000000        0x0 /opt/devkitPro/libnds/lib/libnds9.a(system.o)
 .v4_bx         0x00000000        0x0 /opt/devkitPro/libnds/lib/libnds9.a(touch.o)
 .v4_bx         0x00000000        0x0 /opt/devkitPro/libnds/lib/libnds9.a(videoGL.o)
 .v4_bx         0x00000000        0x0 /opt/devkitPro/libnds/lib/libnds9.a(fifosystem.o)
 .v4_bx         0x00000000        0x0 /opt/devkitPro/libnds/lib/libnds9.a(interrupts.o)
 .v4_bx         0x00000000        0x0 /opt/devkitPro/libnds/lib/libnds9.a(dcache.o)
 .v4_bx         0x00000000        0x0 /opt/devkitPro/libnds/lib/libnds9.a(biosCalls.o)
 .v4_bx         0x00000000        0x0 /opt/devkitPro/libnds/lib/libnds9.a(interruptDispatcher.o)
 .v4_bx         0x00000000        0x0 /opt/devkitPro/libnds/lib/libnds9.a(trig.o)
 .v4_bx         0x00000000        0x0 /opt/devkitPro/libnds/lib/libnds9.a(video.o)
 .v4_bx         0x00000000        0x0 /opt/devkitPro/libnds/lib/libmm9.a(mm_comms.o)
 .v4_bx         0x00000000        0x0 /opt/devkitPro/libnds/lib/libmm9.a(mm_main9.o)
 .v4_bx         0x00000000        0x0 /opt/devkitPro/libnds/lib/libmm9.a(mm_memory.o)
 .v4_bx         0x00000000        0x0 /opt/devkitPro/libnds/lib/libmm9.a(mm_soundbank.o)
 .v4_bx         0x00000000        0x0 /opt/devkitPro/libnds/lib/libmm9.a(mm_flusher.o)
 .v4_bx         0x00000000        0x0 /opt/devkitPro/devkitARM/lib/gcc/arm-eabi/4.3.3/thumb/libgcc.a(_udivsi3.o)
 .v4_bx         0x00000000        0x0 /opt/devkitPro/devkitARM/lib/gcc/arm-eabi/4.3.3/thumb/libgcc.a(_divsi3.o)
 .v4_bx         0x00000000        0x0 /opt/devkitPro/devkitARM/lib/gcc/arm-eabi/4.3.3/thumb/libgcc.a(_dvmd_tls.o)
 .v4_bx         0x00000000        0x0 /opt/devkitPro/devkitARM/lib/gcc/arm-eabi/4.3.3/thumb/libgcc.a(_addsubdf3.o)
 .v4_bx         0x00000000        0x0 /opt/devkitPro/devkitARM/lib/gcc/arm-eabi/4.3.3/thumb/libgcc.a(_muldivdf3.o)
 .v4_bx         0x00000000        0x0 /opt/devkitPro/devkitARM/lib/gcc/arm-eabi/4.3.3/thumb/libgcc.a(_cmpdf2.o)
 .v4_bx         0x00000000        0x0 /opt/devkitPro/devkitARM/lib/gcc/arm-eabi/4.3.3/thumb/libgcc.a(_fixdfsi.o)
 .v4_bx         0x00000000        0x0 /opt/devkitPro/devkitARM/lib/gcc/arm-eabi/4.3.3/thumb/libgcc.a(_muldi3.o)
 .v4_bx         0x00000000        0x0 /opt/devkitPro/devkitARM/lib/gcc/arm-eabi/4.3.3/../../../../arm-eabi/lib/thumb/libg.a(lib_a-bsearch.o)
 .v4_bx         0x00000000        0x0 /opt/devkitPro/devkitARM/lib/gcc/arm-eabi/4.3.3/../../../../arm-eabi/lib/thumb/libg.a(lib_a-errno.o)
 .v4_bx         0x00000000        0x0 /opt/devkitPro/devkitARM/lib/gcc/arm-eabi/4.3.3/../../../../arm-eabi/lib/thumb/libg.a(lib_a-fclose.o)
 .v4_bx         0x00000000        0x0 /opt/devkitPro/devkitARM/lib/gcc/arm-eabi/4.3.3/../../../../arm-eabi/lib/thumb/libg.a(lib_a-fflush.o)
 .v4_bx         0x00000000        0x0 /opt/devkitPro/devkitARM/lib/gcc/arm-eabi/4.3.3/../../../../arm-eabi/lib/thumb/libg.a(lib_a-findfp.o)
 .v4_bx         0x00000000        0x0 /opt/devkitPro/devkitARM/lib/gcc/arm-eabi/4.3.3/../../../../arm-eabi/lib/thumb/libg.a(lib_a-fopen.o)
 .v4_bx         0x00000000        0x0 /opt/devkitPro/devkitARM/lib/gcc/arm-eabi/4.3.3/../../../../arm-eabi/lib/thumb/libg.a(lib_a-fread.o)
 .v4_bx         0x00000000        0x0 /opt/devkitPro/devkitARM/lib/gcc/arm-eabi/4.3.3/../../../../arm-eabi/lib/thumb/libg.a(lib_a-freer.o)
 .v4_bx         0x00000000        0x0 /opt/devkitPro/devkitARM/lib/gcc/arm-eabi/4.3.3/../../../../arm-eabi/lib/thumb/libg.a(lib_a-fseek.o)
 .v4_bx         0x00000000        0x0 /opt/devkitPro/devkitARM/lib/gcc/arm-eabi/4.3.3/../../../../arm-eabi/lib/thumb/libg.a(lib_a-fwalk.o)
 .v4_bx         0x00000000        0x0 /opt/devkitPro/devkitARM/lib/gcc/arm-eabi/4.3.3/../../../../arm-eabi/lib/thumb/libg.a(lib_a-impure.o)
 .v4_bx         0x00000000        0x0 /opt/devkitPro/devkitARM/lib/gcc/arm-eabi/4.3.3/../../../../arm-eabi/lib/thumb/libg.a(lib_a-init.o)
 .v4_bx         0x00000000        0x0 /opt/devkitPro/devkitARM/lib/gcc/arm-eabi/4.3.3/../../../../arm-eabi/lib/thumb/libg.a(lib_a-makebuf.o)
 .v4_bx         0x00000000        0x0 /opt/devkitPro/devkitARM/lib/gcc/arm-eabi/4.3.3/../../../../arm-eabi/lib/thumb/libg.a(lib_a-malloc.o)
 .v4_bx         0x00000000        0x0 /opt/devkitPro/devkitARM/lib/gcc/arm-eabi/4.3.3/../../../../arm-eabi/lib/thumb/libg.a(lib_a-mallocr.o)
 .v4_bx         0x00000000        0x0 /opt/devkitPro/devkitARM/lib/gcc/arm-eabi/4.3.3/../../../../arm-eabi/lib/thumb/libg.a(lib_a-memcpy.o)
 .v4_bx         0x00000000        0x0 /opt/devkitPro/devkitARM/lib/gcc/arm-eabi/4.3.3/../../../../arm-eabi/lib/thumb/libg.a(lib_a-memset.o)
 .v4_bx         0x00000000        0x0 /opt/devkitPro/devkitARM/lib/gcc/arm-eabi/4.3.3/../../../../arm-eabi/lib/thumb/libg.a(lib_a-mlock.o)
 .v4_bx         0x00000000        0x0 /opt/devkitPro/devkitARM/lib/gcc/arm-eabi/4.3.3/../../../../arm-eabi/lib/thumb/libg.a(lib_a-rand.o)
 .v4_bx         0x00000000        0x0 /opt/devkitPro/devkitARM/lib/gcc/arm-eabi/4.3.3/../../../../arm-eabi/lib/thumb/libg.a(lib_a-realloc.o)
 .v4_bx         0x00000000        0x0 /opt/devkitPro/devkitARM/lib/gcc/arm-eabi/4.3.3/../../../../arm-eabi/lib/thumb/libg.a(lib_a-reallocr.o)
 .v4_bx         0x00000000        0x0 /opt/devkitPro/devkitARM/lib/gcc/arm-eabi/4.3.3/../../../../arm-eabi/lib/thumb/libg.a(lib_a-refill.o)
 .v4_bx         0x00000000        0x0 /opt/devkitPro/devkitARM/lib/gcc/arm-eabi/4.3.3/../../../../arm-eabi/lib/thumb/libg.a(lib_a-stdio.o)
 .v4_bx         0x00000000        0x0 /opt/devkitPro/devkitARM/lib/gcc/arm-eabi/4.3.3/../../../../arm-eabi/lib/thumb/libg.a(lib_a-strcmp.o)
 .v4_bx         0x00000000        0x0 /opt/devkitPro/devkitARM/lib/gcc/arm-eabi/4.3.3/../../../../arm-eabi/lib/thumb/libg.a(lib_a-strlen.o)
 .v4_bx         0x00000000        0x0 /opt/devkitPro/devkitARM/lib/gcc/arm-eabi/4.3.3/../../../../arm-eabi/lib/thumb/libg.a(lib_a-strncpy.o)
 .v4_bx         0x00000000        0x0 /opt/devkitPro/devkitARM/lib/gcc/arm-eabi/4.3.3/../../../../arm-eabi/lib/thumb/libg.a(lib_a-time.o)
 .v4_bx         0x00000000        0x0 /opt/devkitPro/devkitARM/lib/gcc/arm-eabi/4.3.3/../../../../arm-eabi/lib/thumb/libg.a(lib_a-flags.o)
 .v4_bx         0x00000000        0x0 /opt/devkitPro/devkitARM/lib/gcc/arm-eabi/4.3.3/../../../../arm-eabi/lib/thumb/libg.a(lib_a-memmove.o)
 .v4_bx         0x00000000        0x0 /opt/devkitPro/devkitARM/lib/gcc/arm-eabi/4.3.3/../../../../arm-eabi/lib/thumb/libsysbase.a(close.o)
 .v4_bx         0x00000000        0x0 /opt/devkitPro/devkitARM/lib/gcc/arm-eabi/4.3.3/../../../../arm-eabi/lib/thumb/libsysbase.a(fstat.o)
 .v4_bx         0x00000000        0x0 /opt/devkitPro/devkitARM/lib/gcc/arm-eabi/4.3.3/../../../../arm-eabi/lib/thumb/libsysbase.a(isatty.o)
 .v4_bx         0x00000000        0x0 /opt/devkitPro/devkitARM/lib/gcc/arm-eabi/4.3.3/../../../../arm-eabi/lib/thumb/libsysbase.a(lseek.o)
 .v4_bx         0x00000000        0x0 /opt/devkitPro/devkitARM/lib/gcc/arm-eabi/4.3.3/../../../../arm-eabi/lib/thumb/libsysbase.a(open.o)
 .v4_bx         0x00000000        0x0 /opt/devkitPro/devkitARM/lib/gcc/arm-eabi/4.3.3/../../../../arm-eabi/lib/thumb/libsysbase.a(read.o)
 .v4_bx         0x00000000        0x0 /opt/devkitPro/devkitARM/lib/gcc/arm-eabi/4.3.3/../../../../arm-eabi/lib/thumb/libsysbase.a(sbrk.o)
 .v4_bx         0x00000000        0x0 /opt/devkitPro/devkitARM/lib/gcc/arm-eabi/4.3.3/../../../../arm-eabi/lib/thumb/libsysbase.a(times.o)
 .v4_bx         0x00000000        0x0 /opt/devkitPro/devkitARM/lib/gcc/arm-eabi/4.3.3/../../../../arm-eabi/lib/thumb/libsysbase.a(write.o)
 .v4_bx         0x00000000        0x0 /opt/devkitPro/devkitARM/lib/gcc/arm-eabi/4.3.3/../../../../arm-eabi/lib/thumb/libsysbase.a(malloc_vars.o)
 .v4_bx         0x00000000        0x0 /opt/devkitPro/devkitARM/lib/gcc/arm-eabi/4.3.3/../../../../arm-eabi/lib/thumb/libsysbase.a(build_argv.o)
 .v4_bx         0x00000000        0x0 /opt/devkitPro/devkitARM/lib/gcc/arm-eabi/4.3.3/../../../../arm-eabi/lib/thumb/libsysbase.a(handle_manager.o)
 .v4_bx         0x00000000        0x0 /opt/devkitPro/devkitARM/lib/gcc/arm-eabi/4.3.3/../../../../arm-eabi/lib/thumb/libsysbase.a(iosupport.o)
 .v4_bx         0x00000000        0x0 /opt/devkitPro/devkitARM/lib/gcc/arm-eabi/4.3.3/../../../../arm-eabi/lib/thumb/libg.a(lib_a-strncmp.o)
 .v4_bx         0x00000000        0x0 /opt/devkitPro/devkitARM/lib/gcc/arm-eabi/4.3.3/thumb/crtend.o
 .v4_bx         0x00000000        0x0 /opt/devkitPro/devkitARM/lib/gcc/arm-eabi/4.3.3/thumb/crtn.o

.fini           0x0200e074        0xc
 *(.fini)
 .fini          0x0200e074        0x4 /opt/devkitPro/devkitARM/lib/gcc/arm-eabi/4.3.3/thumb/crti.o
                0x0200e074                _fini
 .fini          0x0200e078        0x8 /opt/devkitPro/devkitARM/lib/gcc/arm-eabi/4.3.3/thumb/crtn.o
                0x0200e080                __text_end = .

.rodata         0x0200e080    0xfb87c
 *(.rodata)
 .rodata        0x0200e080    0xbc9e0 soundbank.bin.o
                0x020caa5c                soundbank_bin_end
                0x0200e080                soundbank_bin
                0x020caa5c                soundbank_bin_size
 .rodata        0x020caa60     0x3fc0 Assemblage.o
                0x020caa60                AssemblageTiles
                0x020ce820                AssemblagePal
                0x020cdda0                AssemblageMap
 .rodata        0x020cea20     0x8700 Background2.o
                0x020d6f20                Background2Pal
                0x020d6920                Background2Map
                0x020cea20                Background2Tiles
 .rodata        0x020d7120     0xe080 Background.o
                0x020e3fa0                BackgroundMap
                0x020d7120                BackgroundTiles
                0x020e4fa0                BackgroundPal
 .rodata        0x020e51a0     0x32c0 ecranBase.o
                0x020e51a0                ecranBaseTiles
                0x020e8260                ecranBasePal
                0x020e7a60                ecranBaseMap
 .rodata        0x020e8460     0x6940 MenuDescription.o
                0x020e8460                MenuDescriptionTiles