Archive member included because of file (symbol)

/opt/devkitPro/libnds/lib/libdswifi9.a(sgIP_Hub.o)
                              Init_Peripherals.o (htons)
/opt/devkitPro/libnds/lib/libdswifi9.a(sgIP_memblock.o)
                              /opt/devkitPro/libnds/lib/libdswifi9.a(sgIP_Hub.o) (sgIP_memblock_exposeheader)
/opt/devkitPro/libnds/lib/libdswifi9.a(sgIP_sockets.o)
                              Init_Peripherals.o (ioctl)
/opt/devkitPro/libnds/lib/libdswifi9.a(wifi_arm9.o)
                              /opt/devkitPro/libnds/lib/libdswifi9.a(sgIP_memblock.o) (sgIP_DisableInterrupts)
/opt/devkitPro/libnds/lib/libdswifi9.a(spinlock.o)
                              /opt/devkitPro/libnds/lib/libdswifi9.a(wifi_arm9.o) (SLasm_Acquire)
/opt/devkitPro/libnds/lib/libdswifi9.a(sgIP.o)
                              /opt/devkitPro/libnds/lib/libdswifi9.a(wifi_arm9.o) (sgIP_Timer)
/opt/devkitPro/libnds/lib/libdswifi9.a(sgIP_ARP.o)
                              /opt/devkitPro/libnds/lib/libdswifi9.a(sgIP.o) (sgIP_ARP_Init)
/opt/devkitPro/libnds/lib/libdswifi9.a(sgIP_DHCP.o)
                              /opt/devkitPro/libnds/lib/libdswifi9.a(wifi_arm9.o) (gethostname)
/opt/devkitPro/libnds/lib/libdswifi9.a(sgIP_DNS.o)
                              /opt/devkitPro/libnds/lib/libdswifi9.a(sgIP.o) (sgIP_DNS_Init)
/opt/devkitPro/libnds/lib/libdswifi9.a(sgIP_IP.o)
                              /opt/devkitPro/libnds/lib/libdswifi9.a(sgIP.o) (sgIP_IP_ReceivePacket)
/opt/devkitPro/libnds/lib/libdswifi9.a(sgIP_TCP.o)
                              /opt/devkitPro/libnds/lib/libdswifi9.a(sgIP.o) (sgIP_TCP_Init)
/opt/devkitPro/libnds/lib/libdswifi9.a(sgIP_UDP.o)
                              /opt/devkitPro/libnds/lib/libdswifi9.a(sgIP.o) (sgIP_UDP_Init)
/opt/devkitPro/libnds/lib/libdswifi9.a(sgIP_ICMP.o)
                              /opt/devkitPro/libnds/lib/libdswifi9.a(sgIP_IP.o) (sgIP_ICMP_ReceivePacket)
/opt/devkitPro/devkitARM/lib/gcc/arm-eabi/4.3.3/../../../../arm-eabi/lib/thumb/libm.a(lib_a-w_acos.o)
                              Pattern_Recognition.o (acos)
/opt/devkitPro/devkitARM/lib/gcc/arm-eabi/4.3.3/../../../../arm-eabi/lib/thumb/libm.a(lib_a-w_sqrt.o)
                              Pattern_Recognition.o (sqrt)
/opt/devkitPro/devkitARM/lib/gcc/arm-eabi/4.3.3/../../../../arm-eabi/lib/thumb/libm.a(lib_a-e_acos.o)
                              /opt/devkitPro/devkitARM/lib/gcc/arm-eabi/4.3.3/../../../../arm-eabi/lib/thumb/libm.a(lib_a-w_acos.o) (__ieee754_acos)
/opt/devkitPro/devkitARM/lib/gcc/arm-eabi/4.3.3/../../../../arm-eabi/lib/thumb/libm.a(lib_a-e_sqrt.o)
                              /opt/devkitPro/devkitARM/lib/gcc/arm-eabi/4.3.3/../../../../arm-eabi/lib/thumb/libm.a(lib_a-w_sqrt.o) (__ieee754_sqrt)
/opt/devkitPro/devkitARM/lib/gcc/arm-eabi/4.3.3/../../../../arm-eabi/lib/thumb/libm.a(lib_a-s_fabs.o)
                              /opt/devkitPro/devkitARM/lib/gcc/arm-eabi/4.3.3/../../../../arm-eabi/lib/thumb/libm.a(lib_a-w_acos.o) (fabs)
/opt/devkitPro/devkitARM/lib/gcc/arm-eabi/4.3.3/../../../../arm-eabi/lib/thumb/libm.a(lib_a-s_isnand.o)
                              /opt/devkitPro/devkitARM/lib/gcc/arm-eabi/4.3.3/../../../../arm-eabi/lib/thumb/libm.a(lib_a-w_acos.o) (__isnand)
/opt/devkitPro/devkitARM/lib/gcc/arm-eabi/4.3.3/../../../../arm-eabi/lib/thumb/libm.a(lib_a-s_lib_ver.o)
                              /opt/devkitPro/devkitARM/lib/gcc/arm-eabi/4.3.3/../../../../arm-eabi/lib/thumb/libm.a(lib_a-w_acos.o) (__fdlib_version)
/opt/devkitPro/devkitARM/lib/gcc/arm-eabi/4.3.3/../../../../arm-eabi/lib/thumb/libm.a(lib_a-s_matherr.o)
                              /opt/devkitPro/devkitARM/lib/gcc/arm-eabi/4.3.3/../../../../arm-eabi/lib/thumb/libm.a(lib_a-w_acos.o) (matherr)
/opt/devkitPro/devkitARM/lib/gcc/arm-eabi/4.3.3/../../../../arm-eabi/lib/thumb/libm.a(lib_a-s_nan.o)
                              /opt/devkitPro/devkitARM/lib/gcc/arm-eabi/4.3.3/../../../../arm-eabi/lib/thumb/libm.a(lib_a-w_acos.o) (nan)
/opt/devkitPro/libnds/lib/libnds9.a(initSystem.o)
                              /opt/devkitPro/devkitARM/lib/gcc/arm-eabi/4.3.3/../../../../arm-eabi/lib/thumb/ds_arm9_crt0.o (initSystem)
/opt/devkitPro/libnds/lib/libnds9.a(keys.o)
                              Game_Update.o (scanKeys)
/opt/devkitPro/libnds/lib/libnds9.a(system.o)
                              /opt/devkitPro/libnds/lib/libnds9.a(initSystem.o) (powerValueHandler)
/opt/devkitPro/libnds/lib/libnds9.a(touch.o)
                              Pattern_Recognition.o (touchRead)
/opt/devkitPro/libnds/lib/libnds9.a(videoGL.o)
                              Game_Update.o (glGlobalData)
/opt/devkitPro/libnds/lib/libnds9.a(fifosystem.o)
                              /opt/devkitPro/libnds/lib/libdswifi9.a(wifi_arm9.o) (fifoSetValue32Handler)
/opt/devkitPro/libnds/lib/libnds9.a(interrupts.o)
                              Game_Update.o (irqSet)
/opt/devkitPro/libnds/lib/libnds9.a(dcache.o)
[...]
Memory Configuration

Name             Origin             Length             Attributes
rom              0x08000000         0x02000000
ewram            0x02000000         0x003ff000
dtcm             0x0b000000         0x00004000
vectors          0x01000000         0x00000100
itcm             0x01000100         0x00007f00
*default*        0x00000000         0xffffffff

Linker script and memory map

                0x01000000                __vectors_start = 0x1000000
                0x01000100                __itcm_start = 0x1000100
                0x023ff000                __ewram_end = 0x23ff000
                0x023ff000                __eheap_end = 0x23ff000
                0x0b000000                __dtcm_start = 0xb000000
                0x0b004000                __dtcm_top = 0xb004000
                0x0b003ff8                __irq_flags = (__dtcm_top - 0x8)
                0x0b003ffc                __irq_vector = (__dtcm_top - 0x4)
                0x0b003f00                __sp_svc = (__dtcm_top - 0x100)
                0x0b003e00                __sp_irq = (__sp_svc - 0x100)
                0x0b003d00                __sp_usr = (__sp_irq - 0x100)

.init           0x02000000      0x30c
                0x02000000                __text_start = .
 *(.init)
 .init          0x02000000      0x300 /opt/devkitPro/devkitARM/lib/gcc/arm-eabi/4.3.3/../../../../arm-eabi/lib/thumb/ds_arm9_crt0.o
                0x02000000                _start
 .init          0x02000300        0x4 /opt/devkitPro/devkitARM/lib/gcc/arm-eabi/4.3.3/thumb/crti.o
                0x02000300                _init
 .init          0x02000304        0x8 /opt/devkitPro/devkitARM/lib/gcc/arm-eabi/4.3.3/thumb/crtn.o
                0x0200030c                . = ALIGN (0x4)

.plt
 *(.plt)

.text           0x02000310     0xdce4
 *(EXCLUDE_FILE(*.itcm*) .text)
 .text          0x02000310        0x0 /opt/devkitPro/devkitARM/lib/gcc/arm-eabi/4.3.3/../../../../arm-eabi/lib/thumb/ds_arm9_crt0.o
 .text          0x02000310        0x0 /opt/devkitPro/devkitARM/lib/gcc/arm-eabi/4.3.3/thumb/crti.o
 .text          0x02000310       0x70 /opt/devkitPro/devkitARM/lib/gcc/arm-eabi/4.3.3/thumb/crtbegin.o
 .text          0x02000380        0x0 soundbank.bin.o
 .text          0x02000380        0x0 Assemblage.o
 .text          0x02000380        0x0 Background2.o
 .text          0x02000380        0x0 Background.o
 .text          0x02000380        0x0 ecranBase.o
 .text          0x02000380        0x0 MenuDescription.o
 .text          0x02000380        0x0 MenuInstruction.o
 .text          0x02000380        0x0 Menu.o
 .text          0x02000380        0x0 MenuTactile.o
 .text          0x02000380        0x0 Paper.o
 .text          0x02000380        0x0 Rock.o
 .text          0x02000380        0x0 RSP.o
 .text          0x02000380        0x0 Scissor.o
 .text          0x02000380        0x0 WIN.o
 .text          0x02000380        0x0 YourChoice.o
 .text          0x02000380      0x770 Game_Update.o
                0x02000aa0                ISR_Timer0
                0x02000380                Game_Update
                0x02000754                drawArea
                0x0200099c                checkIfThe2HavePlayed
                0x02000558                Opponent_Move
                0x02000608                Check_Results
                0x020008a0                userPlayed
                0x02000530                Handle_Button
                0x020006b8                printMenu2
                0x02000a78                delay_ds
 .text          0x02000af0      0x338 Handle_Outcome.o
                0x02000bf4                Draw_Round
                0x02000c68                printTimesUp
                0x02000b68                Loose_Round
                0x02000ccc                printScore
                0x02000af0                Win_Round
                0x02000dbc                handleScore
 .text          0x02000e28      0x148 Init_Graphics.o
                0x02000e28                Init_Graphics
                0x02000ed4                Init_Sub_Graphics
                0x02000e38                Init_Main_Graphics
 .text          0x02000f70       0x3c Init_Interruptions.o
                0x02000f80                Init_Timer
                0x02000f70                Init_Interruptions
                0x02000fa8                Init_Keys
 .text          0x02000fac      0x2fc Init_Peripherals.o
                0x020010b0                openSocket
                0x02000fd8                initWiFi
                0x020011c8                disconnectFromWiFi
                0x02001238                receiveData
                0x02000fac                Init_Sound
                0x020011e8                sendData
                0x02001194                closeSocket
 .text          0x020012a8       0x34 main.o
                0x020012c8                Initialization
                0x020012a8                main
 *fill*         0x020012dc        0x4 ff
 .text          0x020012e0      0xac0 Pattern_Recognition.o
                0x020012e0                Detect_Move
                0x02001c90                Vectors_Angle
 .text          0x02001da0        0x0 Shared.o
 .text          0x02001da0      0x204 /opt/devkitPro/libnds/lib/libdswifi9.a(sgIP_Hub.o)
                0x02001ed4                sgIP_Hub_SendRawPacket
                0x02001f44                sgIP_Hub_ReceiveHardwarePacket
                0x02001e78                sgIP_Hub_GetCompatibleIP
                0x02001eb4                htonl
                0x02001df0                sgIP_Hub_AddHardwareInterface
                0x02001e50                sgIP_Hub_RemoveHardwareInterface
                0x02001e90                sgIP_Hub_GetDefaultInterface
                0x02001da0                sgIP_Hub_Init
                0x02001e70                sgIP_Hub_IPMaxMessageSize
                0x02001db4                sgIP_Hub_AddProtocolInterface
                0x02001ea4                htons
                0x02001efc                sgIP_Hub_SendProtocolPacket
                0x02001e30                sgIP_Hub_RemoveProtocolInterface
 .text          0x02001fa4      0x2e0 /opt/devkitPro/libnds/lib/libdswifi9.a(sgIP_memblock.o)
                0x020021e8                sgIP_memblock_free
                0x020020fc                sgIP_memblock_CopyFromLinear
                0x02002274                sgIP_memblock_alloc
                0x020020f8                sgIP_memblock_CopyBlock
                0x02002174                sgIP_memblock_CopyToLinear
                0x02001fd8                sgIP_memblock_IPChecksum
                0x02001fa4                sgIP_memblock_Init
                0x02001fa8                sgIP_memblock_exposeheader
                0x02002218                sgIP_memblock_trimsize
                0x0200224c                sgIP_memblock_allocHW
 .text          0x02002284      0xb4c /opt/devkitPro/libnds/lib/libdswifi9.a(sgIP_sockets.o)
                0x0200267c                ioctl
                0x02002a64                recv
                0x02002b9c                connect
                0x02002714                kill_socket
                0x02002924                recvfrom
                0x02002d38                socket
                0x020022ac                select
                0x02002b00                send
                0x020027fc                accept
                0x02002284                sgIP_sockets_Init
                0x02002c84                bind
                0x020022a4                setsockopt
                0x020029f0                sendto
                0x020028d4                listen
                0x0200274c                spawn_socket
                0x020027ac                shutdown
                0x02002534                gethostbyname
                0x02002ce4                closesocket
                0x020025e4                getpeername
                0x020022a8                getsockopt
                0x02002540                getsockname
 .text          0x02002dd0     0x15dc /opt/devkitPro/libnds/lib/libdswifi9.a(wifi_arm9.o)
                0x020042e0                Wifi_InitDefault
                0x02002eb0                wHeapFree
                0x020031e8                Wifi_RawSetPacketHandler
                0x02003238                Wifi_SetPromiscuousMode
                0x020037e4                wifiValue32Handler
                0x020031f4                Wifi_SetSyncHandler
                0x0200340c                Wifi_GetData
                0x02003078                Wifi_RawTxFrame
                0x02002efc                ethhdr_print
                0x020034b4                Wifi_SetIP
                0x02004224                wHeapAllocInit
                0x02003314                Wifi_DisconnectAP
                0x020034a4                arm9_synctoarm7
                0x020033cc                Wifi_GetIPInfo
                0x02003284                Wifi_SetChannel
                0x020037f8                Wifi_Timer
                0x0200338c                Wifi_CheckInit
                0x02002de0                sgIP_RestoreInterrupts
                0x02002df0                sgIP_IntrWaitEvent
                0x0200424c                Wifi_Init
                0x02003818                Wifi_TransmitFunction
                0x02003c1c                Wifi_FindMatchingAP
                0x020032ac                Wifi_GetNumAP
                0x02002f14                Wifi_CopyMacAddr
                0x020037d8                Wifi_Sync
                0x02002f00                erasemem
                0x0200321c                Wifi_EnableWifi
                0x02002fdc                Wifi_RxRawReadPacket
                0x02003344                Wifi_Interface_Init
                0x020040f4                Wifi_ConnectAP
                0x020033b8                Wifi_GetIP
                0x02003808                Timer_50ms
                0x02003408                Wifi_SetDHCP
                0x02002f24                Wifi_CmpMacAddr
                0x02003268                Wifi_ScanMode
                0x02003b74                Wifi_GetAPData
                0x020032e4                Wifi_AutoConnect
                0x02002edc                sgIP_free
                0x02003d4c                Wifi_AssocStatus
                0x02002ed0                sgIP_malloc
                0x02002f50                Wifi_TxBufferWordsAvailable
                0x02002df4                wHeapAlloc
                0x02002f78                Wifi_TxBufferWrite
                0x020034dc                Wifi_Update
                0x0200304c                Wifi_RxReadOffset
                0x02003480                Wifi_GetStats
                0x02003200                Wifi_DisableWifi
                0x02002dd0                sgIP_DisableInterrupts
 .text          0x020043ac       0x5c /opt/devkitPro/libnds/lib/libdswifi9.a(spinlock.o)
                0x020043ac                SLasm_Acquire
                0x020043e0                SLasm_Release
 .text          0x02004408       0xa4 /opt/devkitPro/libnds/lib/libdswifi9.a(sgIP.o)
                0x02004408                sgIP_Timer
                0x02004470                sgIP_Init
 .text          0x020044ac      0x668 /opt/devkitPro/libnds/lib/libdswifi9.a(sgIP_ARP.o)
                0x020049f8                sgIP_ARP_ProcessARPFrame
                0x020044e0                sgIP_is_broadcast_address
                0x020047f0                sgIP_ARP_Timer100ms
                0x020044f0                sgIP_ARP_Init
                0x0200462c                sgIP_ARP_SendGratARP
                0x02004544                sgIP_ARP_ProcessIPFrame
                0x020044ec                sgIP_ARP_Check_isok
                0x02004510                sgIP_ARP_FlushInterface
                0x02004548                sgIP_ARP_SendARPRequest
                0x02004710                sgIP_ARP_SendARPResponse
                0x020048c0                sgIP_ARP_SendProtocolFrame
                0x02004868                sgIP_GetArpSlot
                0x020044ac                sgIP_FindArpSlot
 .text          0x02004b14      0x8e8 /opt/devkitPro/libnds/lib/libdswifi9.a(sgIP_DHCP.o)
                0x02004b14                sgIP_DHCP_IsDhcpIp
                0x020053bc                sgIP_DHCP_Init
                0x02004ef8                sgIP_DHCP_Update
                0x020052b8                sgIP_DHCP_Release
                0x02004c34                sgIP_DHCP_BeginDgram
                0x02004bfc                sgIP_DHCP_Terminate
                0x02004b24                sethostname
                0x02004e7c                sgIP_DHCP_SendDgram
                0x02004ba0                gethostname
                0x020052f0                sgIP_DHCP_Start
                0x02004be0                sgIP_DHCP_SetHostName
 .text          0x020053fc      0xabc /opt/devkitPro/libnds/lib/libdswifi9.a(sgIP_DNS.o)
                0x02005aa4                sgIP_DNS_gethostbyname
                0x02005688                sgIP_DNS_GetUnusedRecord
                0x0200571c                sgIP_DNS_FindDNSRecord
                0x02005a88                inet_addr
                0x02005434                sgIP_DNS_Timer1000ms
                0x0200552c                sgIP_DNS_GenerateHostent
                0x02005a6c                inet_aton
                0x02005674                inet_ntoa
                0x020053fc                sgIP_DNS_Init
                0x02005834                sgIP_DNS_isipaddress
                0x02005600                sgIP_DNS_CopyAliasAt
 .text          0x02005eb8      0x150 /opt/devkitPro/libnds/lib/libdswifi9.a(sgIP_IP.o)
                0x02005eb8                sgIP_IP_RequiredHeaderSize
                0x02005f70                sgIP_IP_ReceivePacket
                0x02005ed0                sgIP_IP_SendViaIP
                0x02005ebc                sgIP_IP_GetLocalBindAddr
                0x02005f60                sgIP_IP_MaxContentsSize
 .text          0x02006008     0x11cc /opt/devkitPro/libnds/lib/libdswifi9.a(sgIP_TCP.o)
                0x02006008                sgIP_TCP_Init
                0x0200608c                sgIP_TCP_GetUnusedOutgoingPort
                0x020060f8                sgIP_TCP_Close
                0x02006908                sgIP_TCP_Timer
                0x02006628                sgIP_TCP_Recv
                0x02006220                sgIP_TCP_AllocRecord
                0x02006270                sgIP_TCP_FreeRecord
                0x02006b74                sgIP_TCP_CalcChecksum
                0x02006128                sgIP_TCP_Accept
                0x0200635c                sgIP_TCP_GenHeader
                0x020061c8                sgIP_TCP_Listen
                0x0200683c                sgIP_TCP_Connect
                0x0200649c                sgIP_TCP_SendSynReply
                0x02006be0                sgIP_TCP_ReceivePacket
                0x02006540                sgIP_TCP_SendPacket
                0x02006728                sgIP_TCP_Send
                0x0200603c                sgIP_TCP_support_seqhash
                0x020061a0                sgIP_TCP_Bind
                0x02006420                sgIP_TCP_FixChecksum
 .text          0x020071d4      0x474 /opt/devkitPro/libnds/lib/libdswifi9.a(sgIP_UDP.o)
                0x02007258                sgIP_UDP_Bind
                0x020071f0                sgIP_UDP_GetUnusedOutgoingPort
                0x0200742c                sgIP_UDP_CalcChecksum
                0x020071d4                sgIP_UDP_Init
                0x02007388                sgIP_UDP_FreeRecord
                0x020074a0                sgIP_UDP_SendPacket
                0x0200759c                sgIP_UDP_ReceivePacket
                0x02007588                sgIP_UDP_SendTo
                0x02007294                sgIP_UDP_RecvFrom
                0x020073ec                sgIP_UDP_AllocRecord
 .text          0x02007648       0x6c /opt/devkitPro/libnds/lib/libdswifi9.a(sgIP_ICMP.o)
                0x0200764c                sgIP_ICMP_ReceivePacket
                0x02007648                sgIP_ICMP_Init
 *fill*         0x020076b4        0x4 ff
 .text          0x020076b8       0xc8 /opt/devkitPro/devkitARM/lib/gcc/arm-eabi/4.3.3/../../../../arm-eabi/lib/thumb/libm.a(lib_a-w_acos.o)
                0x020076b8                acos
 .text          0x02007780       0xc8 /opt/devkitPro/devkitARM/lib/gcc/arm-eabi/4.3.3/../../../../arm-eabi/lib/thumb/libm.a(lib_a-w_sqrt.o)
                0x02007780                sqrt
 .text          0x02007848      0x4a0 /opt/devkitPro/devkitARM/lib/gcc/arm-eabi/4.3.3/../../../../arm-eabi/lib/thumb/libm.a(lib_a-e_acos.o)
                0x02007848                __ieee754_acos
 .text          0x02007ce8      0x1dc /opt/devkitPro/devkitARM/lib/gcc/arm-eabi/4.3.3/../../../../arm-eabi/lib/thumb/libm.a(lib_a-e_sqrt.o)
                0x02007ce8                __ieee754_sqrt
 .text          0x02007ec4       0x14 /opt/devkitPro/devkitARM/lib/gcc/arm-eabi/4.3.3/../../../../arm-eabi/lib/thumb/libm.a(lib_a-s_fabs.o)
                0x02007ec4                fabs
 .text          0x02007ed8       0x1c /opt/devkitPro/devkitARM/lib/gcc/arm-eabi/4.3.3/../../../../arm-eabi/lib/thumb/libm.a(lib_a-s_isnand.o)
                0x02007ed8                __isnand
 .text          0x02007ef4        0x0 /opt/devkitPro/devkitARM/lib/gcc/arm-eabi/4.3.3/../../../../arm-eabi/lib/thumb/libm.a(lib_a-s_lib_ver.o)
 .text          0x02007ef4        0x4 /opt/devkitPro/devkitARM/lib/gcc/arm-eabi/4.3.3/../../../../arm-eabi/lib/thumb/libm.a(lib_a-s_matherr.o)
                0x02007ef4                matherr
 .text          0x02007ef8       0x10 /opt/devkitPro/devkitARM/lib/gcc/arm-eabi/4.3.3/../../../../arm-eabi/lib/thumb/libm.a(lib_a-s_nan.o)
                0x02007ef8                nan
 .text          0x02007f08       0xec /opt/devkitPro/libnds/lib/libnds9.a(initSystem.o)
                0x02007f08                initSystem
 .text          0x02007ff4      0x134 /opt/devkitPro/libnds/lib/libnds9.a(keys.o)
                0x020080b4                keysSetRepeat
                0x020080a4                keysDownRepeat
                0x020080f0                keysCurrent
                0x02008084                keysHeld
                0x020080d8                keysUp
                0x02008090                keysDown
                0x02007ff4                scanKeys
 .text          0x02008128       0xf4 /opt/devkitPro/libnds/lib/libnds9.a(system.o)
                0x020081d8                systemMsgHandler
                0x02008170                powerOn
                0x020081c0                powerValueHandler
                0x02008128                ledBlink
                0x020081a4                systemSleep
                0x02008140                powerOff
 .text          0x0200821c       0x4c /opt/devkitPro/libnds/lib/libnds9.a(touch.o)
                0x0200821c                touchRead
                0x02008244                touchReadXY
 .text          0x02008268      0xa94 /opt/devkitPro/libnds/lib/libnds9.a(videoGL.o)
                0x020083b0                glTexCoord2f32
                0x020086ec                glTexImage2D
                0x02008324                glGenTextures
                0x020082f4                glResetTextures
                0x02008a08                glRotatef32i
                0x02008694                glTexLoadPal
                0x0200843c                glTexParameter
                0x02008268                glGetGlobals
                0x020084bc                getNextPaletteSlot
                0x02008510                vramGetBank
                0x020084ac                alignVal
                0x02008494                glGetTexParameter
                0x020086c8                gluTexLoadPal
                0x02008270                glMaterialf
                0x02008364                glBindTexture
                0x0200846c                glGetTexturePointer
                0x020085d0                vramIsTextureBank
                0x02008394                glColorTable
                0x02008630                getNextTextureSlot
                0x02008864                glInit_C
 .text          0x02008cfc     0x18b8 /opt/devkitPro/libnds/lib/libnds9.a(fifosystem.o)
                0x02009c98                fifoInternalRecvPopFirst
                0x02008d84                fifoCheckValue32
                0x02008e94                fifoCheckDatamsgLength
                0x0200968c                fifoGetLostWordCount
                0x020095fc                fifoGetBufferUsage
                0x0200a35c                fifoSendValue32
                0x0200a26c                fifoInternalSend
                0x02009364                fifoGetDatamsg
                0x0200917c                fifoGetValue32
                0x02008f94                fifoGetAddress
                0x02008f24                fifoCountDatamsg
                0x020092cc                fifoForceValue32Handler
                0x02008e0c                fifoCheckDatamsg
                0x02009c38                fifoInternalRecvPeek
                0x0200a18c                fifoInternalAllocFreeBlock
                0x02009154                fifoSetAddressHandler
                0x02009bf8                fifoInternalProtect
                0x02009540                fifoForceDatamsgHandler
                0x0200a0a0                fifoInternalSendEnqueue
                0x0200a304                fifoSendDatamsg
                0x02009ed8                fifoInternalSendEmpty
                0x0200a024                fifoInternalSendInterrupt
                0x0200a3a4                fifoSendAddress
                0x02009ee8                fifoInternalSendDeque
                0x02009698                fifoInternalRecvInterrupt
                0x02008cfc                fifoCheckAddress
                0x0200a1e0                fifoInternalFreeCheck
                0x02009d6c                fifoInternalRecvWordCount
                0x02009dec                fifoInternalRecvPushBack
                0x02009c14                fifoInternalUnprotect
                0x020090e4                fifoForceAddressHandler
                0x0200933c                fifoSetValue32Handler
                0x02009fbc                fifoInternalBeginSend
                0x0200a3e0                fifoInit
                0x020095d4                fifoSetDatamsgHandler
                0x0200a1bc                fifoInternalFreeBlock
 .text          0x0200a5b4      0x1a8 /opt/devkitPro/libnds/lib/libnds9.a(interrupts.o)
                0x0200a694                irqEnable
                0x0200a5b8                irqSet
                0x0200a6e0                irqDisable
                0x0200a618                irqInit
                0x0200a5b4                irqDummy
                0x0200a664                irqInitHandler
                0x0200a72c                irqClear
 .text          0x0200a75c       0x70 /opt/devkitPro/libnds/lib/libnds9.a(dcache.o)
                0x0200a75c                DC_FlushAll
                0x0200a788                DC_FlushRange
                0x0200a7b0                DC_InvalidateRange
                0x0200a7a4                DC_InvalidateAll
 *fill*         0x0200a7cc        0x4 ff
 .text          0x0200a7d0       0x70 /opt/devkitPro/libnds/lib/libnds9.a(biosCalls.o)
                0x0200a7e0                swiSleep
                0x0200a81a                swiDecompressLZSSVram
                0x0200a802                swiFastCopy
                0x0200a806                swiSqrt
                0x0200a7d0                swiSoftReset
                0x0200a80a                swiCRC16
                0x0200a81e                swiDecompressHuffman
                0x0200a836                swiSetHaltCR
                0x0200a7ec                swiRemainder
                0x0200a812                swiUnpackBits
                0x0200a816                swiDecompressLZSSWram
                0x0200a832                swiDecodeDelta16
                0x0200a7d4                swiDelay
                0x0200a7f2                swiDivMod
                0x0200a826                swiDecompressRLEVram
                0x0200a822                swiDecompressRLEWram
                0x0200a82e                swiDecodeDelta8
                0x0200a7e8                swiDivide
                0x0200a7e4                swiChangeSoundBias
                0x0200a7dc                swiWaitForVBlank
                0x0200a7d8                swiIntrWait
                0x0200a80e                swiIsDebugger
                0x0200a82a                swiWaitForIRQ
                0x0200a7fe                swiCopy
 .text          0x0200a840        0x0 /opt/devkitPro/libnds/lib/libnds9.a(interruptDispatcher.o)
 .text          0x0200a840      0x264 /opt/devkitPro/libnds/lib/libnds9.a(trig.o)
                0x0200a9d8                arcSinComp
                0x0200aa08                asinLerp
                0x0200a998                tanLerp
                0x0200a840                sinLutLookup
                0x0200a94c                tanLutLookup
                0x0200a930                cosLerp
                0x0200aa88                acosLerp
                0x0200a890                sinLerp
 .text          0x0200aaa4      0x144 /opt/devkitPro/libnds/lib/libnds9.a(video.o)
                0x0200ab58                vramSetBankF
                0x0200aae8                vramRestoreMainBanks
                0x0200ab80                vramSetBankH
                0x0200ab30                vramSetBankD
                0x0200ab44                vramSetBankE
                0x0200aba8                setBrightness
                0x0200ab6c                vramSetBankG
                0x0200ab08                vramSetBankB
                0x0200ab1c                vramSetBankC
                0x0200ab94                vramSetBankI
                0x0200aaa4                vramSetMainBanks
                0x0200aaf4                vramSetBankA
 .text          0x0200abe8      0x240 /opt/devkitPro/libnds/lib/libmm9.a(mm_comms.o)
                0x0200add6                mmReverbStop
                0x0200ad04                mmEffectVolume
                0x0200ac6a                mmSetModulePitch
                0x0200ac72                mmSelectMode
                0x0200ac4a                mmPause
                0x0200ac62                mmSetJingleVolume
                0x0200ad6e                mmReverbEnable
                0x0200ac40                mmStart
                0x0200ac6e                mmSetEffectsVolume
                0x0200ad26                mmEffectCancel
                0x0200ac5a                mmJingle
                0x0200ac4e                mmResume
                0x0200ac8a                mmStreamEnd
                0x0200ac34                mmLockChannels
                0x0200abe8                mmSetupComms
                0x0200ac3a                mmUnlockChannels
                0x0200ad0c                mmEffectRate
                0x0200ace0                mmEffect
                0x0200ac66                mmSetModuleTempo
                0x0200ad20                mmEffectRelease
                0x0200ad08                mmEffectPanning
                0x0200ac5e                mmSetModuleVolume
                0x0200add2                mmReverbStart
                0x0200ad76                mmReverbConfigure
                0x0200ac76                mmStreamBegin
                0x0200ac56                mmPosition
                0x0200ad72                mmReverbDisable
                0x0200ac52                mmStop
                0x0200ad2c                mmEffectEx
                0x0200ad6a                mmEffectCancelAll
                0x0200ad16                mmEffectScaleRate
                0x0200ac2a                mmSendBank
 .text          0x0200ae28      0x108 /opt/devkitPro/libnds/lib/libmm9.a(mm_main9.o)
                0x0200ae5e                mmInitDefault
                0x0200aee8                mmRestoreIRQ_t
                0x0200aea8                mmInitDefaultMem
                0x0200aeca                mmSuspendIRQ_t
                0x0200ae34                mmInit
                0x0200ae2e                mmSetEventHandler
                0x0200ae28                mmActive
 .text          0x0200af30      0x120 /opt/devkitPro/libnds/lib/libmm9.a(mm_memory.o)
                0x0200af30                mmLoad
                0x0200afd8                mmLoadEffect
                0x0200af80                mmUnload
                0x0200b010                mmUnloadEffect
 .text          0x0200b050      0x100 /opt/devkitPro/libnds/lib/libmm9.a(mm_soundbank.o)
                0x0200b096                mmsHandleFileOp
                0x0200b058                mmSoundBankInFiles
                0x0200b050                mmSoundBankInMemory
                0x0200b06a                mmSetCustomSoundBankHandler
 .text          0x0200b150       0x3c /opt/devkitPro/libnds/lib/libmm9.a(mm_flusher.o)
                0x0200b150                mmFlushBank
 .text          0x0200b18c       0x8c /opt/devkitPro/devkitARM/lib/gcc/arm-eabi/4.3.3/thumb/libgcc.a(_udivsi3.o)
                0x0200b18c                __udivsi3
                0x0200b18c                __aeabi_uidiv
                0x0200b208                __aeabi_uidivmod
 .text          0x0200b218       0xa4 /opt/devkitPro/devkitARM/lib/gcc/arm-eabi/4.3.3/thumb/libgcc.a(_divsi3.o)
                0x0200b218                __aeabi_idiv
                0x0200b218                __divsi3
                0x0200b2ac                __aeabi_idivmod
 .text          0x0200b2bc        0x4 /opt/devkitPro/devkitARM/lib/gcc/arm-eabi/4.3.3/thumb/libgcc.a(_dvmd_tls.o)
                0x0200b2bc                __aeabi_ldiv0
                0x0200b2bc                __div0
                0x0200b2bc                __aeabi_idiv0
 .text          0x0200b2c0      0x41c /opt/devkitPro/devkitARM/lib/gcc/arm-eabi/4.3.3/thumb/libgcc.a(_addsubdf3.o)
                0x0200b67c                __floatdidf
                0x0200b600                __floatsidf
                0x0200b5dc                __aeabi_ui2d
                0x0200b2c0                __aeabi_drsub
                0x0200b628                __extendsfdf2
                0x0200b2cc                __adddf3
                0x0200b5dc                __floatunsidf
                0x0200b2cc                __aeabi_dadd
                0x0200b668                __aeabi_ul2d
                0x0200b2c8                __aeabi_dsub
                0x0200b668                __floatundidf
                0x0200b600                __aeabi_i2d
                0x0200b67c                __aeabi_l2d
                0x0200b628                __aeabi_f2d
                0x0200b2c8                __subdf3
 .text          0x0200b6dc      0x49c /opt/devkitPro/devkitARM/lib/gcc/arm-eabi/4.3.3/thumb/libgcc.a(_muldivdf3.o)
                0x0200b96c                __aeabi_ddiv
                0x0200b6dc                __aeabi_dmul
                0x0200b96c                __divdf3
                0x0200b6dc                __muldf3
 .text          0x0200bb78      0x140 /opt/devkitPro/devkitARM/lib/gcc/arm-eabi/4.3.3/thumb/libgcc.a(_cmpdf2.o)
                0x0200bc70                __aeabi_dcmple
                0x0200bb88                __cmpdf2
                0x0200bb88                __eqdf2
                0x0200bb78                __gtdf2
                0x0200bc28                __aeabi_cdcmple
                0x0200bc0c                __aeabi_cdrcmple
                0x0200bb80                __ltdf2
                0x0200bc58                __aeabi_dcmplt
                0x0200bb80                __ledf2
                0x0200bca0                __aeabi_dcmpgt
                0x0200bc88                __aeabi_dcmpge
                0x0200bb88                __nedf2
                0x0200bc40                __aeabi_dcmpeq
                0x0200bc28                __aeabi_cdcmpeq
                0x0200bb78                __gedf2
 .text          0x0200bcb8       0x5c /opt/devkitPro/devkitARM/lib/gcc/arm-eabi/4.3.3/thumb/libgcc.a(_fixdfsi.o)
                0x0200bcb8                __fixdfsi
                0x0200bcb8                __aeabi_d2iz
 .text          0x0200bd14       0x70 /opt/devkitPro/devkitARM/lib/gcc/arm-eabi/4.3.3/thumb/libgcc.a(_muldi3.o)
                0x0200bd14                __aeabi_lmul
                0x0200bd14                __muldi3
 .text          0x0200bd84       0x5c /opt/devkitPro/devkitARM/lib/gcc/arm-eabi/4.3.3/../../../../arm-eabi/lib/thumb/libg.a(lib_a-bsearch.o)
                0x0200bd84                bsearch
 .text          0x0200bde0        0xc /opt/devkitPro/devkitARM/lib/gcc/arm-eabi/4.3.3/../../../../arm-eabi/lib/thumb/libg.a(lib_a-errno.o)
                0x0200bde0                __errno
 .text          0x0200bdec       0xc0 /opt/devkitPro/devkitARM/lib/gcc/arm-eabi/4.3.3/../../../../arm-eabi/lib/thumb/libg.a(lib_a-fclose.o)
                0x0200bdec                _fclose_r
                0x0200be90                fclose
 .text          0x0200beac      0x150 /opt/devkitPro/devkitARM/lib/gcc/arm-eabi/4.3.3/../../../../arm-eabi/lib/thumb/libg.a(lib_a-fflush.o)
                0x0200bfc8                fflush
                0x0200beac                _fflush_r
 .text          0x0200bffc      0x1f0 /opt/devkitPro/devkitARM/lib/gcc/arm-eabi/4.3.3/../../../../arm-eabi/lib/thumb/libg.a(lib_a-findfp.o)
                0x0200c0c8                __sinit
                0x0200c124                __sfmoreglue
                0x0200c060                _cleanup
                0x0200c04c                _cleanup_r
                0x0200c030                __fp_lock_all
                0x0200bffc                __sfp_lock_acquire
                0x0200c158                __sfp
                0x0200c008                __sinit_lock_release
                0x0200c014                __fp_unlock_all
                0x0200c000                __sfp_lock_release
                0x0200c004                __sinit_lock_acquire
 .text          0x0200c1ec       0xa4 /opt/devkitPro/devkitARM/lib/gcc/arm-eabi/4.3.3/../../../../arm-eabi/lib/thumb/libg.a(lib_a-fopen.o)
                0x0200c274                fopen
                0x0200c1ec                _fopen_r
 .text          0x0200c290      0x19c /opt/devkitPro/devkitARM/lib/gcc/arm-eabi/4.3.3/../../../../arm-eabi/lib/thumb/libg.a(lib_a-fread.o)
                0x0200c404                fread
                0x0200c290                _fread_r
 .text          0x0200c42c      0x23c /opt/devkitPro/devkitARM/lib/gcc/arm-eabi/4.3.3/../../../../arm-eabi/lib/thumb/libg.a(lib_a-freer.o)
                0x0200c4d4                _free_r
                0x0200c42c                _malloc_trim_r
 .text          0x0200c668      0x30c /opt/devkitPro/devkitARM/lib/gcc/arm-eabi/4.3.3/../../../../arm-eabi/lib/thumb/libg.a(lib_a-fseek.o)
                0x0200c94c                fseek
                0x0200c668                _fseek_r
 .text          0x0200c974       0xc8 /opt/devkitPro/devkitARM/lib/gcc/arm-eabi/4.3.3/../../../../arm-eabi/lib/thumb/libg.a(lib_a-fwalk.o)
                0x0200c9dc                _fwalk
                0x0200c974                _fwalk_reent
 .text          0x0200ca3c        0x0 /opt/devkitPro/devkitARM/lib/gcc/arm-eabi/4.3.3/../../../../arm-eabi/lib/thumb/libg.a(lib_a-impure.o)
 .text          0x0200ca3c       0x88 /opt/devkitPro/devkitARM/lib/gcc/arm-eabi/4.3.3/../../../../arm-eabi/lib/thumb/libg.a(lib_a-init.o)
                0x0200ca6c                __libc_init_array
                0x0200ca3c                __libc_fini_array
 .text          0x0200cac4       0xe8 /opt/devkitPro/devkitARM/lib/gcc/arm-eabi/4.3.3/../../../../arm-eabi/lib/thumb/libg.a(lib_a-makebuf.o)
                0x0200cac4                __smakebuf_r
 .text          0x0200cbac       0x30 /opt/devkitPro/devkitARM/lib/gcc/arm-eabi/4.3.3/../../../../arm-eabi/lib/thumb/libg.a(lib_a-malloc.o)
                0x0200cbc4                malloc
                0x0200cbac                free
 .text          0x0200cbdc      0x510 /opt/devkitPro/devkitARM/lib/gcc/arm-eabi/4.3.3/../../../../arm-eabi/lib/thumb/libg.a(lib_a-mallocr.o)
                0x0200cbdc                _malloc_r
 .text          0x0200d0ec       0x88 /opt/devkitPro/devkitARM/lib/gcc/arm-eabi/4.3.3/../../../../arm-eabi/lib/thumb/libg.a(lib_a-memcpy.o)
                0x0200d0ec                memcpy
 .text          0x0200d174       0xb0 /opt/devkitPro/devkitARM/lib/gcc/arm-eabi/4.3.3/../../../../arm-eabi/lib/thumb/libg.a(lib_a-memset.o)
                0x0200d174                memset
 .text          0x0200d224        0x8 /opt/devkitPro/devkitARM/lib/gcc/arm-eabi/4.3.3/../../../../arm-eabi/lib/thumb/libg.a(lib_a-mlock.o)
                0x0200d228                __malloc_unlock
                0x0200d224                __malloc_lock
 *fill*         0x0200d22c        0x4 ff
 .text          0x0200d230       0x58 /opt/devkitPro/devkitARM/lib/gcc/arm-eabi/4.3.3/../../../../arm-eabi/lib/thumb/libg.a(lib_a-rand.o)
                0x0200d244                rand
                0x0200d230                srand
 .text          0x0200d288       0x1c /opt/devkitPro/devkitARM/lib/gcc/arm-eabi/4.3.3/../../../../arm-eabi/lib/thumb/libg.a(lib_a-realloc.o)
                0x0200d288                realloc
 .text          0x0200d2a4      0x340 /opt/devkitPro/devkitARM/lib/gcc/arm-eabi/4.3.3/../../../../arm-eabi/lib/thumb/libg.a(lib_a-reallocr.o)
                0x0200d2a4                _realloc_r
 .text          0x0200d5e4      0x128 /opt/devkitPro/devkitARM/lib/gcc/arm-eabi/4.3.3/../../../../arm-eabi/lib/thumb/libg.a(lib_a-refill.o)
                0x0200d5e4                __srefill_r
 .text          0x0200d70c       0xb8 /opt/devkitPro/devkitARM/lib/gcc/arm-eabi/4.3.3/../../../../arm-eabi/lib/thumb/libg.a(lib_a-stdio.o)
                0x0200d720                __sseek
                0x0200d794                __sread
                0x0200d70c                __sclose
                0x0200d754                __swrite
 .text          0x0200d7c4       0x5c /opt/devkitPro/devkitARM/lib/gcc/arm-eabi/4.3.3/../../../../arm-eabi/lib/thumb/libg.a(lib_a-strcmp.o)
                0x0200d7c4                strcmp
 .text          0x0200d820       0x60 /opt/devkitPro/devkitARM/lib/gcc/arm-eabi/4.3.3/../../../../arm-eabi/lib/thumb/libg.a(lib_a-strlen.o)
                0x0200d820                strlen
 .text          0x0200d880       0x74 /opt/devkitPro/devkitARM/lib/gcc/arm-eabi/4.3.3/../../../../arm-eabi/lib/thumb/libg.a(lib_a-strncpy.o)
                0x0200d880                strncpy
 .text          0x0200d8f4       0x34 /opt/devkitPro/devkitARM/lib/gcc/arm-eabi/4.3.3/../../../../arm-eabi/lib/thumb/libg.a(lib_a-time.o)
                0x0200d8f4                time
 .text          0x0200d928       0x7c /opt/devkitPro/devkitARM/lib/gcc/arm-eabi/4.3.3/../../../../arm-eabi/lib/thumb/libg.a(lib_a-flags.o)
                0x0200d928                __sflags
 .text          0x0200d9a4       0xb0 /opt/devkitPro/devkitARM/lib/gcc/arm-eabi/4.3.3/../../../../arm-eabi/lib/thumb/libg.a(lib_a-memmove.o)
                0x0200d9a4                memmove
 .text          0x0200da54       0x54 /opt/devkitPro/devkitARM/lib/gcc/arm-eabi/4.3.3/../../../../arm-eabi/lib/thumb/libsysbase.a(close.o)
                0x0200da54                _close_r
 .text          0x0200daa8       0x5c /opt/devkitPro/devkitARM/lib/gcc/arm-eabi/4.3.3/../../../../arm-eabi/lib/thumb/libsysbase.a(fstat.o)
                0x0200daa8                _fstat_r
 .text          0x0200db04        0x4 /opt/devkitPro/devkitARM/lib/gcc/arm-eabi/4.3.3/../../../../arm-eabi/lib/thumb/libsysbase.a(isatty.o)
                0x0200db04                _isatty_r
 .text          0x0200db08       0x54 /opt/devkitPro/devkitARM/lib/gcc/arm-eabi/4.3.3/../../../../arm-eabi/lib/thumb/libsysbase.a(lseek.o)
                0x0200db08                _lseek_r
 .text          0x0200db5c       0x9c /opt/devkitPro/devkitARM/lib/gcc/arm-eabi/4.3.3/../../../../arm-eabi/lib/thumb/libsysbase.a(open.o)
                0x0200db5c                _open_r
 .text          0x0200dbf8       0x54 /opt/devkitPro/devkitARM/lib/gcc/arm-eabi/4.3.3/../../../../arm-eabi/lib/thumb/libsysbase.a(read.o)
                0x0200dbf8                _read_r
 .text          0x0200dc4c       0x54 /opt/devkitPro/devkitARM/lib/gcc/arm-eabi/4.3.3/../../../../arm-eabi/lib/thumb/libsysbase.a(sbrk.o)
                0x0200dc4c                _sbrk_r
 .text          0x0200dca0       0x4c /opt/devkitPro/devkitARM/lib/gcc/arm-eabi/4.3.3/../../../../arm-eabi/lib/thumb/libsysbase.a(times.o)
                0x0200dca8                _gettimeofday_r
                0x0200dca0                _times_r
                0x0200dcd4                _times
 .text          0x0200dcec       0x54 /opt/devkitPro/devkitARM/lib/gcc/arm-eabi/4.3.3/../../../../arm-eabi/lib/thumb/libsysbase.a(write.o)
                0x0200dcec                _write_r
 .text          0x0200dd40        0x0 /opt/devkitPro/devkitARM/lib/gcc/arm-eabi/4.3.3/../../../../arm-eabi/lib/thumb/libsysbase.a(malloc_vars.o)
 .text          0x0200dd40       0x54 /opt/devkitPro/devkitARM/lib/gcc/arm-eabi/4.3.3/../../../../arm-eabi/lib/thumb/libsysbase.a(build_argv.o)
                0x0200dd40                build_argv
 .text          0x0200dd94       0x90 /opt/devkitPro/devkitARM/lib/gcc/arm-eabi/4.3.3/../../../../arm-eabi/lib/thumb/libsysbase.a(handle_manager.o)
                0x0200ddf4                __release_handle
                0x0200ddb4                __alloc_handle
                0x0200dd94                __get_handle
 .text          0x0200de24      0x134 /opt/devkitPro/devkitARM/lib/gcc/arm-eabi/4.3.3/../../../../arm-eabi/lib/thumb/libsysbase.a(iosupport.o)
                0x0200df34                RemoveDevice
                0x0200de24                setDefaultDevice
                0x0200de38                AddDevice
                0x0200df14                GetDeviceOpTab
                0x0200deb0                FindDevice
 .text          0x0200df58       0x9c /opt/devkitPro/devkitARM/lib/gcc/arm-eabi/4.3.3/../../../../arm-eabi/lib/thumb/libg.a(lib_a-strncmp.o)
                0x0200df58                strncmp
 .text          0x0200dff4        0x0 /opt/devkitPro/devkitARM/lib/gcc/arm-eabi/4.3.3/thumb/crtend.o
 .text          0x0200dff4        0x0 /opt/devkitPro/devkitARM/lib/gcc/arm-eabi/4.3.3/thumb/crtn.o
 *(.text.*)
 *(.stub)
 *(.gnu.warning)
 *(.gnu.linkonce.t*)
 *(.glue_7)
 .glue_7        0x0200dff4        0x0 /opt/devkitPro/devkitARM/lib/gcc/arm-eabi/4.3.3/../../../../arm-eabi/lib/thumb/ds_arm9_crt0.o
 .glue_7        0x0200dff4        0x0 /opt/devkitPro/devkitARM/lib/gcc/arm-eabi/4.3.3/thumb/crti.o
 .glue_7        0x0200dff4        0x0 /opt/devkitPro/devkitARM/lib/gcc/arm-eabi/4.3.3/thumb/crtbegin.o
 .glue_7        0x0200dff4        0x0 soundbank.bin.o
 .glue_7        0x0200dff4        0x0 Assemblage.o
 .glue_7        0x0200dff4        0x0 Background2.o
 .glue_7        0x0200dff4        0x0 Background.o
 .glue_7        0x0200dff4        0x0 ecranBase.o
 .glue_7        0x0200dff4        0x0 MenuDescription.o
 .glue_7        0x0200dff4        0x0 MenuInstruction.o
 .glue_7        0x0200dff4        0x0 Menu.o
 .glue_7        0x0200dff4        0x0 MenuTactile.o
 .glue_7        0x0200dff4        0x0 Paper.o
 .glue_7        0x0200dff4        0x0 Rock.o
 .glue_7        0x0200dff4        0x0 RSP.o
 .glue_7        0x0200dff4        0x0 Scissor.o
 .glue_7        0x0200dff4        0x0 WIN.o
 .glue_7        0x0200dff4        0x0 YourChoice.o
 .glue_7        0x0200dff4        0x0 Game_Update.o
 .glue_7        0x0200dff4        0x0 Handle_Outcome.o
 .glue_7        0x0200dff4        0x0 Init_Graphics.o
 .glue_7        0x0200dff4        0x0 Init_Interruptions.o
 .glue_7        0x0200dff4        0x0 Init_Peripherals.o
 .glue_7        0x0200dff4        0x0 main.o
 .glue_7        0x0200dff4        0x0 Pattern_Recognition.o
 .glue_7        0x0200dff4        0x0 Shared.o
 .glue_7        0x0200dff4        0x0 /opt/devkitPro/libnds/lib/libdswifi9.a(sgIP_Hub.o)
 .glue_7        0x0200dff4        0x0 /opt/devkitPro/libnds/lib/libdswifi9.a(sgIP_memblock.o)
 .glue_7        0x0200dff4        0x0 /opt/devkitPro/libnds/lib/libdswifi9.a(sgIP_sockets.o)
 .glue_7        0x0200dff4        0x0 /opt/devkitPro/libnds/lib/libdswifi9.a(wifi_arm9.o)
 .glue_7        0x0200dff4        0x0 /opt/devkitPro/libnds/lib/libdswifi9.a(spinlock.o)
 .glue_7        0x0200dff4        0x0 /opt/devkitPro/libnds/lib/libdswifi9.a(sgIP.o)
 .glue_7        0x0200dff4        0x0 /opt/devkitPro/libnds/lib/libdswifi9.a(sgIP_ARP.o)
 .glue_7        0x0200dff4        0x0 /opt/devkitPro/libnds/lib/libdswifi9.a(sgIP_DHCP.o)
 .glue_7        0x0200dff4        0x0 /opt/devkitPro/libnds/lib/libdswifi9.a(sgIP_DNS.o)
 .glue_7        0x0200dff4        0x0 /opt/devkitPro/libnds/lib/libdswifi9.a(sgIP_IP.o)
 .glue_7        0x0200dff4        0x0 /opt/devkitPro/libnds/lib/libdswifi9.a(sgIP_TCP.o)
 .glue_7        0x0200dff4        0x0 /opt/devkitPro/libnds/lib/libdswifi9.a(sgIP_UDP.o)
 .glue_7        0x0200dff4        0x0 /opt/devkitPro/libnds/lib/libdswifi9.a(sgIP_ICMP.o)
 .glue_7        0x0200dff4        0x0 /opt/devkitPro/devkitARM/lib/gcc/arm-eabi/4.3.3/../../../../arm-eabi/lib/thumb/libm.a(lib_a-w_acos.o)
 .glue_7        0x0200dff4        0x0 /opt/devkitPro/devkitARM/lib/gcc/arm-eabi/4.3.3/../../../../arm-eabi/lib/thumb/libm.a(lib_a-w_sqrt.o)
 .glue_7        0x0200dff4        0x0 /opt/devkitPro/devkitARM/lib/gcc/arm-eabi/4.3.3/../../../../arm-eabi/lib/thumb/libm.a(lib_a-e_acos.o)
 .glue_7        0x0200dff4        0x0 /opt/devkitPro/devkitARM/lib/gcc/arm-eabi/4.3.3/../../../../arm-eabi/lib/thumb/libm.a(lib_a-e_sqrt.o)
 .glue_7        0x0200dff4        0x0 /opt/devkitPro/devkitARM/lib/gcc/arm-eabi/4.3.3/../../../../arm-eabi/lib/thumb/libm.a(lib_a-s_fabs.o)
 .glue_7        0x0200dff4        0x0 /opt/devkitPro/devkitARM/lib/gcc/arm-eabi/4.3.3/../../../../arm-eabi/lib/thumb/libm.a(lib_a-s_isnand.o)
 .glue_7        0x0200dff4        0x0 /opt/devkitPro/devkitARM/lib/gcc/arm-eabi/4.3.3/../../../../arm-eabi/lib/thumb/libm.a(lib_a-s_lib_ver.o)
 .glue_7        0x0200dff4        0x0 /opt/devkitPro/devkitARM/lib/gcc/arm-eabi/4.3.3/../../../../arm-eabi/lib/thumb/libm.a(lib_a-s_matherr.o)
 .glue_7        0x0200dff4        0x0 /opt/devkitPro/devkitARM/lib/gcc/arm-eabi/4.3.3/../../../../arm-eabi/lib/thumb/libm.a(lib_a-s_nan.o)
 .glue_7        0x0200dff4        0x0 /opt/devkitPro/libnds/lib/libnds9.a(initSystem.o)
 .glue_7        0x0200dff4        0x0 /opt/devkitPro/libnds/lib/libnds9.a(keys.o)
 .glue_7        0x0200dff4        0x0 /opt/devkitPro/libnds/lib/libnds9.a(system.o)
 .glue_7        0x0200dff4        0x0 /opt/devkitPro/libnds/lib/libnds9.a(touch.o)
 .glue_7        0x0200dff4        0x0 /opt/devkitPro/libnds/lib/libnds9.a(videoGL.o)
 .glue_7        0x0200dff4        0x0 /opt/devkitPro/libnds/lib/libnds9.a(fifosystem.o)
 .glue_7        0x0200dff4        0x0 /opt/devkitPro/libnds/lib/libnds9.a(interrupts.o)
 .glue_7        0x0200dff4        0x0 /opt/devkitPro/libnds/lib/libnds9.a(dcache.o)
 .glue_7        0x0200dff4        0x0 /opt/devkitPro/libnds/lib/libnds9.a(biosCalls.o)
 .glue_7        0x0200dff4        0x0 /opt/devkitPro/libnds/lib/libnds9.a(interruptDispatcher.o)
 .glue_7        0x0200dff4        0x0 /opt/devkitPro/libnds/lib/libnds9.a(trig.o)
 .glue_7        0x0200dff4        0x0 /opt/devkitPro/libnds/lib/libnds9.a(video.o)
 .glue_7        0x0200dff4        0x0 /opt/devkitPro/libnds/lib/libmm9.a(mm_comms.o)
 .glue_7        0x0200dff4        0x0 /opt/devkitPro/libnds/lib/libmm9.a(mm_main9.o)
 .glue_7        0x0200dff4        0x0 /opt/devkitPro/libnds/lib/libmm9.a(mm_memory.o)
 .glue_7        0x0200dff4        0x0 /opt/devkitPro/libnds/lib/libmm9.a(mm_soundbank.o)
 .glue_7        0x0200dff4        0x0 /opt/devkitPro/libnds/lib/libmm9.a(mm_flusher.o)
 .glue_7        0x0200dff4        0x0 /opt/devkitPro/devkitARM/lib/gcc/arm-eabi/4.3.3/thumb/libgcc.a(_udivsi3.o)
 .glue_7        0x0200dff4        0x0 /opt/devkitPro/devkitARM/lib/gcc/arm-eabi/4.3.3/thumb/libgcc.a(_divsi3.o)
 .glue_7        0x0200dff4        0x0 /opt/devkitPro/devkitARM/lib/gcc/arm-eabi/4.3.3/thumb/libgcc.a(_dvmd_tls.o)
 .glue_7        0x0200dff4        0x0 /opt/devkitPro/devkitARM/lib/gcc/arm-eabi/4.3.3/thumb/libgcc.a(_addsubdf3.o)
 .glue_7        0x0200dff4        0x0 /opt/devkitPro/devkitARM/lib/gcc/arm-eabi/4.3.3/thumb/libgcc.a(_muldivdf3.o)
 .glue_7        0x0200dff4        0x0 /opt/devkitPro/devkitARM/lib/gcc/arm-eabi/4.3.3/thumb/libgcc.a(_cmpdf2.o)
 .glue_7        0x0200dff4        0x0 /opt/devkitPro/devkitARM/lib/gcc/arm-eabi/4.3.3/thumb/libgcc.a(_fixdfsi.o)
 .glue_7        0x0200dff4        0x0 /opt/devkitPro/devkitARM/lib/gcc/arm-eabi/4.3.3/thumb/libgcc.a(_muldi3.o)
 .glue_7        0x0200dff4        0x0 /opt/devkitPro/devkitARM/lib/gcc/arm-eabi/4.3.3/../../../../arm-eabi/lib/thumb/libg.a(lib_a-bsearch.o)
 .glue_7        0x0200dff4        0x0 /opt/devkitPro/devkitARM/lib/gcc/arm-eabi/4.3.3/../../../../arm-eabi/lib/thumb/libg.a(lib_a-errno.o)
 .glue_7        0x0200dff4        0x0 /opt/devkitPro/devkitARM/lib/gcc/arm-eabi/4.3.3/../../../../arm-eabi/lib/thumb/libg.a(lib_a-fclose.o)
 .glue_7        0x0200dff4        0x0 /opt/devkitPro/devkitARM/lib/gcc/arm-eabi/4.3.3/../../../../arm-eabi/lib/thumb/libg.a(lib_a-fflush.o)
 .glue_7        0x0200dff4        0x0 /opt/devkitPro/devkitARM/lib/gcc/arm-eabi/4.3.3/../../../../arm-eabi/lib/thumb/libg.a(lib_a-findfp.o)
 .glue_7        0x0200dff4        0x0 /opt/devkitPro/devkitARM/lib/gcc/arm-eabi/4.3.3/../../../../arm-eabi/lib/thumb/libg.a(lib_a-fopen.o)
 .glue_7        0x0200dff4        0x0 /opt/devkitPro/devkitARM/lib/gcc/arm-eabi/4.3.3/../../../../arm-eabi/lib/thumb/libg.a(lib_a-fread.o)
 .glue_7        0x0200dff4        0x0 /opt/devkitPro/devkitARM/lib/gcc/arm-eabi/4.3.3/../../../../arm-eabi/lib/thumb/libg.a(lib_a-freer.o)
 .glue_7        0x0200dff4        0x0 /opt/devkitPro/devkitARM/lib/gcc/arm-eabi/4.3.3/../../../../arm-eabi/lib/thumb/libg.a(lib_a-fseek.o)
 .glue_7        0x0200dff4        0x0 /opt/devkitPro/devkitARM/lib/gcc/arm-eabi/4.3.3/../../../../arm-eabi/lib/thumb/libg.a(lib_a-fwalk.o)
 .glue_7        0x0200dff4        0x0 /opt/devkitPro/devkitARM/lib/gcc/arm-eabi/4.3.3/../../../../arm-eabi/lib/thumb/libg.a(lib_a-impure.o)
 .glue_7        0x0200dff4        0x0 /opt/devkitPro/devkitARM/lib/gcc/arm-eabi/4.3.3/../../../../arm-eabi/lib/thumb/libg.a(lib_a-init.o)
 .glue_7        0x0200dff4        0x0 /opt/devkitPro/devkitARM/lib/gcc/arm-eabi/4.3.3/../../../../arm-eabi/lib/thumb/libg.a(lib_a-makebuf.o)
 .glue_7        0x0200dff4        0x0 /opt/devkitPro/devkitARM/lib/gcc/arm-eabi/4.3.3/../../../../arm-eabi/lib/thumb/libg.a(lib_a-malloc.o)
 .glue_7        0x0200dff4        0x0 /opt/devkitPro/devkitARM/lib/gcc/arm-eabi/4.3.3/../../../../arm-eabi/lib/thumb/libg.a(lib_a-mallocr.o)
 .glue_7        0x0200dff4        0x0 /opt/devkitPro/devkitARM/lib/gcc/arm-eabi/4.3.3/../../../../arm-eabi/lib/thumb/libg.a(lib_a-memcpy.o)
 .glue_7        0x0200dff4        0x0 /opt/devkitPro/devkitARM/lib/gcc/arm-eabi/4.3.3/../../../../arm-eabi/lib/thumb/libg.a(lib_a-memset.o)
 .glue_7        0x0200dff4        0x0 /opt/devkitPro/devkitARM/lib/gcc/arm-eabi/4.3.3/../../../../arm-eabi/lib/thumb/libg.a(lib_a-mlock.o)
 .glue_7        0x0200dff4        0x0 /opt/devkitPro/devkitARM/lib/gcc/arm-eabi/4.3.3/../../../../arm-eabi/lib/thumb/libg.a(lib_a-rand.o)
 .glue_7        0x0200dff4        0x0 /opt/devkitPro/devkitARM/lib/gcc/arm-eabi/4.3.3/../../../../arm-eabi/lib/thumb/libg.a(lib_a-realloc.o)
 .glue_7        0x0200dff4        0x0 /opt/devkitPro/devkitARM/lib/gcc/arm-eabi/4.3.3/../../../../arm-eabi/lib/thumb/libg.a(lib_a-reallocr.o)
 .glue_7        0x0200dff4        0x0 /opt/devkitPro/devkitARM/lib/gcc/arm-eabi/4.3.3/../../../../arm-eabi/lib/thumb/libg.a(lib_a-refill.o)
 .glue_7        0x0200dff4        0x0 /opt/devkitPro/devkitARM/lib/gcc/arm-eabi/4.3.3/../../../../arm-eabi/lib/thumb/libg.a(lib_a-stdio.o)
 .glue_7        0x0200dff4        0x0 /opt/devkitPro/devkitARM/lib/gcc/arm-eabi/4.3.3/../../../../arm-eabi/lib/thumb/libg.a(lib_a-strcmp.o)
 .glue_7        0x0200dff4        0x0 /opt/devkitPro/devkitARM/lib/gcc/arm-eabi/4.3.3/../../../../arm-eabi/lib/thumb/libg.a(lib_a-strlen.o)
 .glue_7        0x0200dff4        0x0 /opt/devkitPro/devkitARM/lib/gcc/arm-eabi/4.3.3/../../../../arm-eabi/lib/thumb/libg.a(lib_a-strncpy.o)
 .glue_7        0x0200dff4        0x0 /opt/devkitPro/devkitARM/lib/gcc/arm-eabi/4.3.3/../../../../arm-eabi/lib/thumb/libg.a(lib_a-time.o)
 .glue_7        0x0200dff4        0x0 /opt/devkitPro/devkitARM/lib/gcc/arm-eabi/4.3.3/../../../../arm-eabi/lib/thumb/libg.a(lib_a-flags.o)
 .glue_7        0x0200dff4        0x0 /opt/devkitPro/devkitARM/lib/gcc/arm-eabi/4.3.3/../../../../arm-eabi/lib/thumb/libg.a(lib_a-memmove.o)
 .glue_7        0x0200dff4        0x0 /opt/devkitPro/devkitARM/lib/gcc/arm-eabi/4.3.3/../../../../arm-eabi/lib/thumb/libsysbase.a(close.o)
 .glue_7        0x0200dff4        0x0 /opt/devkitPro/devkitARM/lib/gcc/arm-eabi/4.3.3/../../../../arm-eabi/lib/thumb/libsysbase.a(fstat.o)
 .glue_7        0x0200dff4        0x0 /opt/devkitPro/devkitARM/lib/gcc/arm-eabi/4.3.3/../../../../arm-eabi/lib/thumb/libsysbase.a(isatty.o)
 .glue_7        0x0200dff4        0x0 /opt/devkitPro/devkitARM/lib/gcc/arm-eabi/4.3.3/../../../../arm-eabi/lib/thumb/libsysbase.a(lseek.o)
 .glue_7        0x0200dff4        0x0 /opt/devkitPro/devkitARM/lib/gcc/arm-eabi/4.3.3/../../../../arm-eabi/lib/thumb/libsysbase.a(open.o)
 .glue_7        0x0200dff4        0x0 /opt/devkitPro/devkitARM/lib/gcc/arm-eabi/4.3.3/../../../../arm-eabi/lib/thumb/libsysbase.a(read.o)
 .glue_7        0x0200dff4        0x0 /opt/devkitPro/devkitARM/lib/gcc/arm-eabi/4.3.3/../../../../arm-eabi/lib/thumb/libsysbase.a(sbrk.o)
 .glue_7        0x0200dff4        0x0 /opt/devkitPro/devkitARM/lib/gcc/arm-eabi/4.3.3/../../../../arm-eabi/lib/thumb/libsysbase.a(times.o)
 .glue_7        0x0200dff4        0x0 /opt/devkitPro/devkitARM/lib/gcc/arm-eabi/4.3.3/../../../../arm-eabi/lib/thumb/libsysbase.a(write.o)
 .glue_7        0x0200dff4        0x0 /opt/devkitPro/devkitARM/lib/gcc/arm-eabi/4.3.3/../../../../arm-eabi/lib/thumb/libsysbase.a(malloc_vars.o)
 .glue_7        0x0200dff4        0x0 /opt/devkitPro/devkitARM/lib/gcc/arm-eabi/4.3.3/../../../../arm-eabi/lib/thumb/libsysbase.a(build_argv.o)
 .glue_7        0x0200dff4        0x0 /opt/devkitPro/devkitARM/lib/gcc/arm-eabi/4.3.3/../../../../arm-eabi/lib/thumb/libsysbase.a(handle_manager.o)
 .glue_7        0x0200dff4        0x0 /opt/devkitPro/devkitARM/lib/gcc/arm-eabi/4.3.3/../../../../arm-eabi/lib/thumb/libsysbase.a(iosupport.o)
 .glue_7        0x0200dff4        0x0 /opt/devkitPro/devkitARM/lib/gcc/arm-eabi/4.3.3/../../../../arm-eabi/lib/thumb/libg.a(lib_a-strncmp.o)
 .glue_7        0x0200dff4        0x0 /opt/devkitPro/devkitARM/lib/gcc/arm-eabi/4.3.3/thumb/crtend.o
 .glue_7        0x0200dff4        0x0 /opt/devkitPro/devkitARM/lib/gcc/arm-eabi/4.3.3/thumb/crtn.o
 *(.glue_7t)
 .glue_7t       0x0200dff4        0x0 /opt/devkitPro/devkitARM/lib/gcc/arm-eabi/4.3.3/../../../../arm-eabi/lib/thumb/ds_arm9_crt0.o
 .glue_7t       0x0200dff4        0x0 /opt/devkitPro/devkitARM/lib/gcc/arm-eabi/4.3.3/thumb/crti.o
 .glue_7t       0x0200dff4        0x0 /opt/devkitPro/devkitARM/lib/gcc/arm-eabi/4.3.3/thumb/crtbegin.o
 .glue_7t       0x0200dff4        0x0 soundbank.bin.o
 .glue_7t       0x0200dff4        0x0 Assemblage.o
 .glue_7t       0x0200dff4        0x0 Background2.o
 .glue_7t       0x0200dff4        0x0 Background.o
 .glue_7t       0x0200dff4        0x0 ecranBase.o
 .glue_7t       0x0200dff4        0x0 MenuDescription.o
 .glue_7t       0x0200dff4        0x0 MenuInstruction.o
 .glue_7t       0x0200dff4        0x0 Menu.o
 .glue_7t       0x0200dff4        0x0 MenuTactile.o
 .glue_7t       0x0200dff4        0x0 Paper.o
 .glue_7t       0x0200dff4        0x0 Rock.o
 .glue_7t       0x0200dff4        0x0 RSP.o
 .glue_7t       0x0200dff4        0x0 Scissor.o
 .glue_7t       0x0200dff4        0x0 WIN.o
 .glue_7t       0x0200dff4        0x0 YourChoice.o
 .glue_7t       0x0200dff4        0x0 Game_Update.o
 .glue_7t       0x0200dff4        0x0 Handle_Outcome.o
 .glue_7t       0x0200dff4        0x0 Init_Graphics.o
 .glue_7t       0x0200dff4        0x0 Init_Interruptions.o
 .glue_7t       0x0200dff4        0x0 Init_Peripherals.o
 .glue_7t       0x0200dff4        0x0 main.o
 .glue_7t       0x0200dff4        0x0 Pattern_Recognition.o
 .glue_7t       0x0200dff4        0x0 Shared.o
 .glue_7t       0x0200dff4        0x0 /opt/devkitPro/libnds/lib/libdswifi9.a(sgIP_Hub.o)
 .glue_7t       0x0200dff4        0x0 /opt/devkitPro/libnds/lib/libdswifi9.a(sgIP_memblock.o)
 .glue_7t       0x0200dff4        0x0 /opt/devkitPro/libnds/lib/libdswifi9.a(sgIP_sockets.o)
 .glue_7t       0x0200dff4        0x0 /opt/devkitPro/libnds/lib/libdswifi9.a(wifi_arm9.o)
 .glue_7t       0x0200dff4        0x0 /opt/devkitPro/libnds/lib/libdswifi9.a(spinlock.o)
 .glue_7t       0x0200dff4        0x0 /opt/devkitPro/libnds/lib/libdswifi9.a(sgIP.o)
 .glue_7t       0x0200dff4        0x0 /opt/devkitPro/libnds/lib/libdswifi9.a(sgIP_ARP.o)
 .glue_7t       0x0200dff4        0x0 /opt/devkitPro/libnds/lib/libdswifi9.a(sgIP_DHCP.o)
 .glue_7t       0x0200dff4        0x0 /opt/devkitPro/libnds/lib/libdswifi9.a(sgIP_DNS.o)
 .glue_7t       0x0200dff4        0x0 /opt/devkitPro/libnds/lib/libdswifi9.a(sgIP_IP.o)
 .glue_7t       0x0200dff4        0x0 /opt/devkitPro/libnds/lib/libdswifi9.a(sgIP_TCP.o)
 .glue_7t       0x0200dff4        0x0 /opt/devkitPro/libnds/lib/libdswifi9.a(sgIP_UDP.o)
 .glue_7t       0x0200dff4        0x0 /opt/devkitPro/libnds/lib/libdswifi9.a(sgIP_ICMP.o)
 .glue_7t       0x0200dff4        0x0 /opt/devkitPro/devkitARM/lib/gcc/arm-eabi/4.3.3/../../../../arm-eabi/lib/thumb/libm.a(lib_a-w_acos.o)
 .glue_7t       0x0200dff4        0x0 /opt/devkitPro/devkitARM/lib/gcc/arm-eabi/4.3.3/../../../../arm-eabi/lib/thumb/libm.a(lib_a-w_sqrt.o)
 .glue_7t       0x0200dff4        0x0 /opt/devkitPro/devkitARM/lib/gcc/arm-eabi/4.3.3/../../../../arm-eabi/lib/thumb/libm.a(lib_a-e_acos.o)
 .glue_7t       0x0200dff4        0x0 /opt/devkitPro/devkitARM/lib/gcc/arm-eabi/4.3.3/../../../../arm-eabi/lib/thumb/libm.a(lib_a-e_sqrt.o)
 .glue_7t       0x0200dff4        0x0 /opt/devkitPro/devkitARM/lib/gcc/arm-eabi/4.3.3/../../../../arm-eabi/lib/thumb/libm.a(lib_a-s_fabs.o)
 .glue_7t       0x0200dff4        0x0 /opt/devkitPro/devkitARM/lib/gcc/arm-eabi/4.3.3/../../../../arm-eabi/lib/thumb/libm.a(lib_a-s_isnand.o)
 .glue_7t       0x0200dff4        0x0 /opt/devkitPro/devkitARM/lib/gcc/arm-eabi/4.3.3/../../../../arm-eabi/lib/thumb/libm.a(lib_a-s_lib_ver.o)
 .glue_7t       0x0200dff4        0x0 /opt/devkitPro/devkitARM/lib/gcc/arm-eabi/4.3.3/../../../../arm-eabi/lib/thumb/libm.a(lib_a-s_matherr.o)
 .glue_7t       0x0200dff4        0x0 /opt/devkitPro/devkitARM/lib/gcc/arm-eabi/4.3.3/../../../../arm-eabi/lib/thumb/libm.a(lib_a-s_nan.o)
 .glue_7t       0x0200dff4        0x0 /opt/devkitPro/libnds/lib/libnds9.a(initSystem.o)
 .glue_7t       0x0200dff4        0x0 /opt/devkitPro/libnds/lib/libnds9.a(keys.o)
 .glue_7t       0x0200dff4        0x0 /opt/devkitPro/libnds/lib/libnds9.a(system.o)
 .glue_7t       0x0200dff4        0x0 /opt/devkitPro/libnds/lib/libnds9.a(touch.o)
 .glue_7t       0x0200dff4        0x0 /opt/devkitPro/libnds/lib/libnds9.a(videoGL.o)
 .glue_7t       0x0200dff4        0x0 /opt/devkitPro/libnds/lib/libnds9.a(fifosystem.o)
 .glue_7t       0x0200dff4        0x0 /opt/devkitPro/libnds/lib/libnds9.a(interrupts.o)
 .glue_7t       0x0200dff4        0x0 /opt/devkitPro/libnds/lib/libnds9.a(dcache.o)
 .glue_7t       0x0200dff4        0x0 /opt/devkitPro/libnds/lib/libnds9.a(biosCalls.o)
 .glue_7t       0x0200dff4        0x0 /opt/devkitPro/libnds/lib/libnds9.a(interruptDispatcher.o)
 .glue_7t       0x0200dff4        0x0 /opt/devkitPro/libnds/lib/libnds9.a(trig.o)
 .glue_7t       0x0200dff4        0x0 /opt/devkitPro/libnds/lib/libnds9.a(video.o)
 .glue_7t       0x0200dff4        0x0 /opt/devkitPro/libnds/lib/libmm9.a(mm_comms.o)
 .glue_7t       0x0200dff4        0x0 /opt/devkitPro/libnds/lib/libmm9.a(mm_main9.o)
 .glue_7t       0x0200dff4        0x0 /opt/devkitPro/libnds/lib/libmm9.a(mm_memory.o)
 .glue_7t       0x0200dff4        0x0 /opt/devkitPro/libnds/lib/libmm9.a(mm_soundbank.o)
 .glue_7t       0x0200dff4        0x0 /opt/devkitPro/libnds/lib/libmm9.a(mm_flusher.o)
 .glue_7t       0x0200dff4        0x0 /opt/devkitPro/devkitARM/lib/gcc/arm-eabi/4.3.3/thumb/libgcc.a(_udivsi3.o)
 .glue_7t       0x0200dff4        0x0 /opt/devkitPro/devkitARM/lib/gcc/arm-eabi/4.3.3/thumb/libgcc.a(_divsi3.o)
 .glue_7t       0x0200dff4        0x0 /opt/devkitPro/devkitARM/lib/gcc/arm-eabi/4.3.3/thumb/libgcc.a(_dvmd_tls.o)
 .glue_7t       0x0200dff4        0x0 /opt/devkitPro/devkitARM/lib/gcc/arm-eabi/4.3.3/thumb/libgcc.a(_addsubdf3.o)
 .glue_7t       0x0200dff4        0x0 /opt/devkitPro/devkitARM/lib/gcc/arm-eabi/4.3.3/thumb/libgcc.a(_muldivdf3.o)
 .glue_7t       0x0200dff4        0x0 /opt/devkitPro/devkitARM/lib/gcc/arm-eabi/4.3.3/thumb/libgcc.a(_cmpdf2.o)
 .glue_7t       0x0200dff4        0x0 /opt/devkitPro/devkitARM/lib/gcc/arm-eabi/4.3.3/thumb/libgcc.a(_fixdfsi.o)
 .glue_7t       0x0200dff4        0x0 /opt/devkitPro/devkitARM/lib/gcc/arm-eabi/4.3.3/thumb/libgcc.a(_muldi3.o)
 .glue_7t       0x0200dff4        0x0 /opt/devkitPro/devkitARM/lib/gcc/arm-eabi/4.3.3/../../../../arm-eabi/lib/thumb/libg.a(lib_a-bsearch.o)
 .glue_7t       0x0200dff4        0x0 /opt/devkitPro/devkitARM/lib/gcc/arm-eabi/4.3.3/../../../../arm-eabi/lib/thumb/libg.a(lib_a-errno.o)
 .glue_7t       0x0200dff4        0x0 /opt/devkitPro/devkitARM/lib/gcc/arm-eabi/4.3.3/../../../../arm-eabi/lib/thumb/libg.a(lib_a-fclose.o)
 .glue_7t       0x0200dff4        0x0 /opt/devkitPro/devkitARM/lib/gcc/arm-eabi/4.3.3/../../../../arm-eabi/lib/thumb/libg.a(lib_a-fflush.o)
 .glue_7t       0x0200dff4        0x0 /opt/devkitPro/devkitARM/lib/gcc/arm-eabi/4.3.3/../../../../arm-eabi/lib/thumb/libg.a(lib_a-findfp.o)
 .glue_7t       0x0200dff4        0x0 /opt/devkitPro/devkitARM/lib/gcc/arm-eabi/4.3.3/../../../../arm-eabi/lib/thumb/libg.a(lib_a-fopen.o)
 .glue_7t       0x0200dff4        0x0 /opt/devkitPro/devkitARM/lib/gcc/arm-eabi/4.3.3/../../../../arm-eabi/lib/thumb/libg.a(lib_a-fread.o)
 .glue_7t       0x0200dff4        0x0 /opt/devkitPro/devkitARM/lib/gcc/arm-eabi/4.3.3/../../../../arm-eabi/lib/thumb/libg.a(lib_a-freer.o)
 .glue_7t       0x0200dff4        0x0 /opt/devkitPro/devkitARM/lib/gcc/arm-eabi/4.3.3/../../../../arm-eabi/lib/thumb/libg.a(lib_a-fseek.o)
 .glue_7t       0x0200dff4        0x0 /opt/devkitPro/devkitARM/lib/gcc/arm-eabi/4.3.3/../../../../arm-eabi/lib/thumb/libg.a(lib_a-fwalk.o)
 .glue_7t       0x0200dff4        0x0 /opt/devkitPro/devkitARM/lib/gcc/arm-eabi/4.3.3/../../../../arm-eabi/lib/thumb/libg.a(lib_a-impure.o)
 .glue_7t       0x0200dff4        0x0 /opt/devkitPro/devkitARM/lib/gcc/arm-eabi/4.3.3/../../../../arm-eabi/lib/thumb/libg.a(lib_a-init.o)
 .glue_7t       0x0200dff4        0x0 /opt/devkitPro/devkitARM/lib/gcc/arm-eabi/4.3.3/../../../../arm-eabi/lib/thumb/libg.a(lib_a-makebuf.o)
 .glue_7t       0x0200dff4        0x0 /opt/devkitPro/devkitARM/lib/gcc/arm-eabi/4.3.3/../../../../arm-eabi/lib/thumb/libg.a(lib_a-malloc.o)
 .glue_7t       0x0200dff4        0x0 /opt/devkitPro/devkitARM/lib/gcc/arm-eabi/4.3.3/../../../../arm-eabi/lib/thumb/libg.a(lib_a-mallocr.o)
 .glue_7t       0x0200dff4        0x0 /opt/devkitPro/devkitARM/lib/gcc/arm-eabi/4.3.3/../../../../arm-eabi/lib/thumb/libg.a(lib_a-memcpy.o)
 .glue_7t       0x0200dff4        0x0 /opt/devkitPro/devkitARM/lib/gcc/arm-eabi/4.3.3/../../../../arm-eabi/lib/thumb/libg.a(lib_a-memset.o)
 .glue_7t       0x0200dff4        0x0 /opt/devkitPro/devkitARM/lib/gcc/arm-eabi/4.3.3/../../../../arm-eabi/lib/thumb/libg.a(lib_a-mlock.o)
 .glue_7t       0x0200dff4        0x0 /opt/devkitPro/devkitARM/lib/gcc/arm-eabi/4.3.3/../../../../arm-eabi/lib/thumb/libg.a(lib_a-rand.o)
 .glue_7t       0x0200dff4        0x0 /opt/devkitPro/devkitARM/lib/gcc/arm-eabi/4.3.3/../../../../arm-eabi/lib/thumb/libg.a(lib_a-realloc.o)
 .glue_7t       0x0200dff4        0x0 /opt/devkitPro/devkitARM/lib/gcc/arm-eabi/4.3.3/../../../../arm-eabi/lib/thumb/libg.a(lib_a-reallocr.o)
 .glue_7t       0x0200dff4        0x0 /opt/devkitPro/devkitARM/lib/gcc/arm-eabi/4.3.3/../../../../arm-eabi/lib/thumb/libg.a(lib_a-refill.o)
 .glue_7t       0x0200dff4        0x0 /opt/devkitPro/devkitARM/lib/gcc/arm-eabi/4.3.3/../../../../arm-eabi/lib/thumb/libg.a(lib_a-stdio.o)
 .glue_7t       0x0200dff4        0x0 /opt/devkitPro/devkitARM/lib/gcc/arm-eabi/4.3.3/../../../../arm-eabi/lib/thumb/libg.a(lib_a-strcmp.o)
 .glue_7t       0x0200dff4        0x0 /opt/devkitPro/devkitARM/lib/gcc/arm-eabi/4.3.3/../../../../arm-eabi/lib/thumb/libg.a(lib_a-strlen.o)
 .glue_7t       0x0200dff4        0x0 /opt/devkitPro/devkitARM/lib/gcc/arm-eabi/4.3.3/../../../../arm-eabi/lib/thumb/libg.a(lib_a-strncpy.o)
 .glue_7t       0x0200dff4        0x0 /opt/devkitPro/devkitARM/lib/gcc/arm-eabi/4.3.3/../../../../arm-eabi/lib/thumb/libg.a(lib_a-time.o)
 .glue_7t       0x0200dff4        0x0 /opt/devkitPro/devkitARM/lib/gcc/arm-eabi/4.3.3/../../../../arm-eabi/lib/thumb/libg.a(lib_a-flags.o)
 .glue_7t       0x0200dff4        0x0 /opt/devkitPro/devkitARM/lib/gcc/arm-eabi/4.3.3/../../../../arm-eabi/lib/thumb/libg.a(lib_a-memmove.o)
 .glue_7t       0x0200dff4        0x0 /opt/devkitPro/devkitARM/lib/gcc/arm-eabi/4.3.3/../../../../arm-eabi/lib/thumb/libsysbase.a(close.o)
 .glue_7t       0x0200dff4        0x0 /opt/devkitPro/devkitARM/lib/gcc/arm-eabi/4.3.3/../../../../arm-eabi/lib/thumb/libsysbase.a(fstat.o)
 .glue_7t       0x0200dff4        0x0 /opt/devkitPro/devkitARM/lib/gcc/arm-eabi/4.3.3/../../../../arm-eabi/lib/thumb/libsysbase.a(isatty.o)
 .glue_7t       0x0200dff4        0x0 /opt/devkitPro/devkitARM/lib/gcc/arm-eabi/4.3.3/../../../../arm-eabi/lib/thumb/libsysbase.a(lseek.o)
 .glue_7t       0x0200dff4        0x0 /opt/devkitPro/devkitARM/lib/gcc/arm-eabi/4.3.3/../../../../arm-eabi/lib/thumb/libsysbase.a(open.o)
 .glue_7t       0x0200dff4        0x0 /opt/devkitPro/devkitARM/lib/gcc/arm-eabi/4.3.3/../../../../arm-eabi/lib/thumb/libsysbase.a(read.o)
 .glue_7t       0x0200dff4        0x0 /opt/devkitPro/devkitARM/lib/gcc/arm-eabi/4.3.3/../../../../arm-eabi/lib/thumb/libsysbase.a(sbrk.o)
 .glue_7t       0x0200dff4        0x0 /opt/devkitPro/devkitARM/lib/gcc/arm-eabi/4.3.3/../../../../arm-eabi/lib/thumb/libsysbase.a(times.o)
 .glue_7t       0x0200dff4        0x0 /opt/devkitPro/devkitARM/lib/gcc/arm-eabi/4.3.3/../../../../arm-eabi/lib/thumb/libsysbase.a(write.o)
 .glue_7t       0x0200dff4        0x0 /opt/devkitPro/devkitARM/lib/gcc/arm-eabi/4.3.3/../../../../arm-eabi/lib/thumb/libsysbase.a(malloc_vars.o)
 .glue_7t       0x0200dff4        0x0 /opt/devkitPro/devkitARM/lib/gcc/arm-eabi/4.3.3/../../../../arm-eabi/lib/thumb/libsysbase.a(build_argv.o)
 .glue_7t       0x0200dff4        0x0 /opt/devkitPro/devkitARM/lib/gcc/arm-eabi/4.3.3/../../../../arm-eabi/lib/thumb/libsysbase.a(handle_manager.o)
 .glue_7t       0x0200dff4        0x0 /opt/devkitPro/devkitARM/lib/gcc/arm-eabi/4.3.3/../../../../arm-eabi/lib/thumb/libsysbase.a(iosupport.o)
 .glue_7t       0x0200dff4        0x0 /opt/devkitPro/devkitARM/lib/gcc/arm-eabi/4.3.3/../../../../arm-eabi/lib/thumb/libg.a(lib_a-strncmp.o)
 .glue_7t       0x0200dff4        0x0 /opt/devkitPro/devkitARM/lib/gcc/arm-eabi/4.3.3/thumb/crtend.o
 .glue_7t       0x0200dff4        0x0 /opt/devkitPro/devkitARM/lib/gcc/arm-eabi/4.3.3/thumb/crtn.o
                0x0200dff4                . = ALIGN (0x4)

.vfp11_veneer   0x00000000        0x0
 .vfp11_veneer  0x00000000        0x0 /opt/devkitPro/devkitARM/lib/gcc/arm-eabi/4.3.3/../../../../arm-eabi/lib/thumb/ds_arm9_crt0.o
 .vfp11_veneer  0x00000000        0x0 /opt/devkitPro/devkitARM/lib/gcc/arm-eabi/4.3.3/thumb/crti.o
 .vfp11_veneer  0x00000000        0x0 /opt/devkitPro/devkitARM/lib/gcc/arm-eabi/4.3.3/thumb/crtbegin.o
 .vfp11_veneer  0x00000000        0x0 soundbank.bin.o
 .vfp11_veneer  0x00000000        0x0 Assemblage.o
 .vfp11_veneer  0x00000000        0x0 Background2.o
 .vfp11_veneer  0x00000000        0x0 Background.o
 .vfp11_veneer  0x00000000        0x0 ecranBase.o
 .vfp11_veneer  0x00000000        0x0 MenuDescription.o
 .vfp11_veneer  0x00000000        0x0 MenuInstruction.o
 .vfp11_veneer  0x00000000        0x0 Menu.o
 .vfp11_veneer  0x00000000        0x0 MenuTactile.o
 .vfp11_veneer  0x00000000        0x0 Paper.o
 .vfp11_veneer  0x00000000        0x0 Rock.o
 .vfp11_veneer  0x00000000        0x0 RSP.o
 .vfp11_veneer  0x00000000        0x0 Scissor.o
 .vfp11_veneer  0x00000000        0x0 WIN.o
 .vfp11_veneer  0x00000000        0x0 YourChoice.o
 .vfp11_veneer  0x00000000        0x0 Game_Update.o
 .vfp11_veneer  0x00000000        0x0 Handle_Outcome.o
 .vfp11_veneer  0x00000000        0x0 Init_Graphics.o
 .vfp11_veneer  0x00000000        0x0 Init_Interruptions.o
 .vfp11_veneer  0x00000000        0x0 Init_Peripherals.o
 .vfp11_veneer  0x00000000        0x0 main.o
 .vfp11_veneer  0x00000000        0x0 Pattern_Recognition.o
 .vfp11_veneer  0x00000000        0x0 Shared.o
 .vfp11_veneer  0x00000000        0x0 /opt/devkitPro/libnds/lib/libdswifi9.a(sgIP_Hub.o)
 .vfp11_veneer  0x00000000        0x0 /opt/devkitPro/libnds/lib/libdswifi9.a(sgIP_memblock.o)
 .vfp11_veneer  0x00000000        0x0 /opt/devkitPro/libnds/lib/libdswifi9.a(sgIP_sockets.o)
 .vfp11_veneer  0x00000000        0x0 /opt/devkitPro/libnds/lib/libdswifi9.a(wifi_arm9.o)
 .vfp11_veneer  0x00000000        0x0 /opt/devkitPro/libnds/lib/libdswifi9.a(spinlock.o)
 .vfp11_veneer  0x00000000        0x0 /opt/devkitPro/libnds/lib/libdswifi9.a(sgIP.o)
 .vfp11_veneer  0x00000000        0x0 /opt/devkitPro/libnds/lib/libdswifi9.a(sgIP_ARP.o)
 .vfp11_veneer  0x00000000        0x0 /opt/devkitPro/libnds/lib/libdswifi9.a(sgIP_DHCP.o)
 .vfp11_veneer  0x00000000        0x0 /opt/devkitPro/libnds/lib/libdswifi9.a(sgIP_DNS.o)
 .vfp11_veneer  0x00000000        0x0 /opt/devkitPro/libnds/lib/libdswifi9.a(sgIP_IP.o)
 .vfp11_veneer  0x00000000        0x0 /opt/devkitPro/libnds/lib/libdswifi9.a(sgIP_TCP.o)
 .vfp11_veneer  0x00000000        0x0 /opt/devkitPro/libnds/lib/libdswifi9.a(sgIP_UDP.o)
 .vfp11_veneer  0x00000000        0x0 /opt/devkitPro/libnds/lib/libdswifi9.a(sgIP_ICMP.o)
 .vfp11_veneer  0x00000000        0x0 /opt/devkitPro/devkitARM/lib/gcc/arm-eabi/4.3.3/../../../../arm-eabi/lib/thumb/libm.a(lib_a-w_acos.o)
 .vfp11_veneer  0x00000000        0x0 /opt/devkitPro/devkitARM/lib/gcc/arm-eabi/4.3.3/../../../../arm-eabi/lib/thumb/libm.a(lib_a-w_sqrt.o)
 .vfp11_veneer  0x00000000        0x0 /opt/devkitPro/devkitARM/lib/gcc/arm-eabi/4.3.3/../../../../arm-eabi/lib/thumb/libm.a(lib_a-e_acos.o)
 .vfp11_veneer  0x00000000        0x0 /opt/devkitPro/devkitARM/lib/gcc/arm-eabi/4.3.3/../../../../arm-eabi/lib/thumb/libm.a(lib_a-e_sqrt.o)
 .vfp11_veneer  0x00000000        0x0 /opt/devkitPro/devkitARM/lib/gcc/arm-eabi/4.3.3/../../../../arm-eabi/lib/thumb/libm.a(lib_a-s_fabs.o)
 .vfp11_veneer  0x00000000        0x0 /opt/devkitPro/devkitARM/lib/gcc/arm-eabi/4.3.3/../../../../arm-eabi/lib/thumb/libm.a(lib_a-s_isnand.o)
 .vfp11_veneer  0x00000000        0x0 /opt/devkitPro/devkitARM/lib/gcc/arm-eabi/4.3.3/../../../../arm-eabi/lib/thumb/libm.a(lib_a-s_lib_ver.o)
 .vfp11_veneer  0x00000000        0x0 /opt/devkitPro/devkitARM/lib/gcc/arm-eabi/4.3.3/../../../../arm-eabi/lib/thumb/libm.a(lib_a-s_matherr.o)
 .vfp11_veneer  0x00000000        0x0 /opt/devkitPro/devkitARM/lib/gcc/arm-eabi/4.3.3/../../../../arm-eabi/lib/thumb/libm.a(lib_a-s_nan.o)
 .vfp11_veneer  0x00000000        0x0 /opt/devkitPro/libnds/lib/libnds9.a(initSystem.o)
 .vfp11_veneer  0x00000000        0x0 /opt/devkitPro/libnds/lib/libnds9.a(keys.o)
 .vfp11_veneer  0x00000000        0x0 /opt/devkitPro/libnds/lib/libnds9.a(system.o)
 .vfp11_veneer  0x00000000        0x0 /opt/devkitPro/libnds/lib/libnds9.a(touch.o)
 .vfp11_veneer  0x00000000        0x0 /opt/devkitPro/libnds/lib/libnds9.a(videoGL.o)
 .vfp11_veneer  0x00000000        0x0 /opt/devkitPro/libnds/lib/libnds9.a(fifosystem.o)
 .vfp11_veneer  0x00000000        0x0 /opt/devkitPro/libnds/lib/libnds9.a(interrupts.o)
 .vfp11_veneer  0x00000000        0x0 /opt/devkitPro/libnds/lib/libnds9.a(dcache.o)
 .vfp11_veneer  0x00000000        0x0 /opt/devkitPro/libnds/lib/libnds9.a(biosCalls.o)
 .vfp11_veneer  0x00000000        0x0 /opt/devkitPro/libnds/lib/libnds9.a(interruptDispatcher.o)
 .vfp11_veneer  0x00000000        0x0 /opt/devkitPro/libnds/lib/libnds9.a(trig.o)
 .vfp11_veneer  0x00000000        0x0 /opt/devkitPro/libnds/lib/libnds9.a(video.o)
 .vfp11_veneer  0x00000000        0x0 /opt/devkitPro/libnds/lib/libmm9.a(mm_comms.o)
 .vfp11_veneer  0x00000000        0x0 /opt/devkitPro/libnds/lib/libmm9.a(mm_main9.o)
 .vfp11_veneer  0x00000000        0x0 /opt/devkitPro/libnds/lib/libmm9.a(mm_memory.o)
 .vfp11_veneer  0x00000000        0x0 /opt/devkitPro/libnds/lib/libmm9.a(mm_soundbank.o)
 .vfp11_veneer  0x00000000        0x0 /opt/devkitPro/libnds/lib/libmm9.a(mm_flusher.o)
 .vfp11_veneer  0x00000000        0x0 /opt/devkitPro/devkitARM/lib/gcc/arm-eabi/4.3.3/thumb/libgcc.a(_udivsi3.o)
 .vfp11_veneer  0x00000000        0x0 /opt/devkitPro/devkitARM/lib/gcc/arm-eabi/4.3.3/thumb/libgcc.a(_divsi3.o)
 .vfp11_veneer  0x00000000        0x0 /opt/devkitPro/devkitARM/lib/gcc/arm-eabi/4.3.3/thumb/libgcc.a(_dvmd_tls.o)
 .vfp11_veneer  0x00000000        0x0 /opt/devkitPro/devkitARM/lib/gcc/arm-eabi/4.3.3/thumb/libgcc.a(_addsubdf3.o)
 .vfp11_veneer  0x00000000        0x0 /opt/devkitPro/devkitARM/lib/gcc/arm-eabi/4.3.3/thumb/libgcc.a(_muldivdf3.o)
 .vfp11_veneer  0x00000000        0x0 /opt/devkitPro/devkitARM/lib/gcc/arm-eabi/4.3.3/thumb/libgcc.a(_cmpdf2.o)
 .vfp11_veneer  0x00000000        0x0 /opt/devkitPro/devkitARM/lib/gcc/arm-eabi/4.3.3/thumb/libgcc.a(_fixdfsi.o)
 .vfp11_veneer  0x00000000        0x0 /opt/devkitPro/devkitARM/lib/gcc/arm-eabi/4.3.3/thumb/libgcc.a(_muldi3.o)
 .vfp11_veneer  0x00000000        0x0 /opt/devkitPro/devkitARM/lib/gcc/arm-eabi/4.3.3/../../../../arm-eabi/lib/thumb/libg.a(lib_a-bsearch.o)
 .vfp11_veneer  0x00000000        0x0 /opt/devkitPro/devkitARM/lib/gcc/arm-eabi/4.3.3/../../../../arm-eabi/lib/thumb/libg.a(lib_a-errno.o)
 .vfp11_veneer  0x00000000        0x0 /opt/devkitPro/devkitARM/lib/gcc/arm-eabi/4.3.3/../../../../arm-eabi/lib/thumb/libg.a(lib_a-fclose.o)
 .vfp11_veneer  0x00000000        0x0 /opt/devkitPro/devkitARM/lib/gcc/arm-eabi/4.3.3/../../../../arm-eabi/lib/thumb/libg.a(lib_a-fflush.o)
 .vfp11_veneer  0x00000000        0x0 /opt/devkitPro/devkitARM/lib/gcc/arm-eabi/4.3.3/../../../../arm-eabi/lib/thumb/libg.a(lib_a-findfp.o)
 .vfp11_veneer  0x00000000        0x0 /opt/devkitPro/devkitARM/lib/gcc/arm-eabi/4.3.3/../../../../arm-eabi/lib/thumb/libg.a(lib_a-fopen.o)
 .vfp11_veneer  0x00000000        0x0 /opt/devkitPro/devkitARM/lib/gcc/arm-eabi/4.3.3/../../../../arm-eabi/lib/thumb/libg.a(lib_a-fread.o)
 .vfp11_veneer  0x00000000        0x0 /opt/devkitPro/devkitARM/lib/gcc/arm-eabi/4.3.3/../../../../arm-eabi/lib/thumb/libg.a(lib_a-freer.o)
 .vfp11_veneer  0x00000000        0x0 /opt/devkitPro/devkitARM/lib/gcc/arm-eabi/4.3.3/../../../../arm-eabi/lib/thumb/libg.a(lib_a-fseek.o)
 .vfp11_veneer  0x00000000        0x0 /opt/devkitPro/devkitARM/lib/gcc/arm-eabi/4.3.3/../../../../arm-eabi/lib/thumb/libg.a(lib_a-fwalk.o)
 .vfp11_veneer  0x00000000        0x0 /opt/devkitPro/devkitARM/lib/gcc/arm-eabi/4.3.3/../../../../arm-eabi/lib/thumb/libg.a(lib_a-impure.o)
 .vfp11_veneer  0x00000000        0x0 /opt/devkitPro/devkitARM/lib/gcc/arm-eabi/4.3.3/../../../../arm-eabi/lib/thumb/libg.a(lib_a-init.o)
 .vfp11_veneer  0x00000000        0x0 /opt/devkitPro/devkitARM/lib/gcc/arm-eabi/4.3.3/../../../../arm-eabi/lib/thumb/libg.a(lib_a-makebuf.o)
 .vfp11_veneer  0x00000000        0x0 /opt/devkitPro/devkitARM/lib/gcc/arm-eabi/4.3.3/../../../../arm-eabi/lib/thumb/libg.a(lib_a-malloc.o)
 .vfp11_veneer  0x00000000        0x0 /opt/devkitPro/devkitARM/lib/gcc/arm-eabi/4.3.3/../../../../arm-eabi/lib/thumb/libg.a(lib_a-mallocr.o)
 .vfp11_veneer  0x00000000        0x0 /opt/devkitPro/devkitARM/lib/gcc/arm-eabi/4.3.3/../../../../arm-eabi/lib/thumb/libg.a(lib_a-memcpy.o)
 .vfp11_veneer  0x00000000        0x0 /opt/devkitPro/devkitARM/lib/gcc/arm-eabi/4.3.3/../../../../arm-eabi/lib/thumb/libg.a(lib_a-memset.o)
 .vfp11_veneer  0x00000000        0x0 /opt/devkitPro/devkitARM/lib/gcc/arm-eabi/4.3.3/../../../../arm-eabi/lib/thumb/libg.a(lib_a-mlock.o)
 .vfp11_veneer  0x00000000        0x0 /opt/devkitPro/devkitARM/lib/gcc/arm-eabi/4.3.3/../../../../arm-eabi/lib/thumb/libg.a(lib_a-rand.o)
 .vfp11_veneer  0x00000000        0x0 /opt/devkitPro/devkitARM/lib/gcc/arm-eabi/4.3.3/../../../../arm-eabi/lib/thumb/libg.a(lib_a-realloc.o)
 .vfp11_veneer  0x00000000        0x0 /opt/devkitPro/devkitARM/lib/gcc/arm-eabi/4.3.3/../../../../arm-eabi/lib/thumb/libg.a(lib_a-reallocr.o)
 .vfp11_veneer  0x00000000        0x0 /opt/devkitPro/devkitARM/lib/gcc/arm-eabi/4.3.3/../../../../arm-eabi/lib/thumb/libg.a(lib_a-refill.o)
 .vfp11_veneer  0x00000000        0x0 /opt/devkitPro/devkitARM/lib/gcc/arm-eabi/4.3.3/../../../../arm-eabi/lib/thumb/libg.a(lib_a-stdio.o)
 .vfp11_veneer  0x00000000        0x0 /opt/devkitPro/devkitARM/lib/gcc/arm-eabi/4.3.3/../../../../arm-eabi/lib/thumb/libg.a(lib_a-strcmp.o)
 .vfp11_veneer  0x00000000        0x0 /opt/devkitPro/devkitARM/lib/gcc/arm-eabi/4.3.3/../../../../arm-eabi/lib/thumb/libg.a(lib_a-strlen.o)
 .vfp11_veneer  0x00000000        0x0 /opt/devkitPro/devkitARM/lib/gcc/arm-eabi/4.3.3/../../../../arm-eabi/lib/thumb/libg.a(lib_a-strncpy.o)
 .vfp11_veneer  0x00000000        0x0 /opt/devkitPro/devkitARM/lib/gcc/arm-eabi/4.3.3/../../../../arm-eabi/lib/thumb/libg.a(lib_a-time.o)
 .vfp11_veneer  0x00000000        0x0 /opt/devkitPro/devkitARM/lib/gcc/arm-eabi/4.3.3/../../../../arm-eabi/lib/thumb/libg.a(lib_a-flags.o)
 .vfp11_veneer  0x00000000        0x0 /opt/devkitPro/devkitARM/lib/gcc/arm-eabi/4.3.3/../../../../arm-eabi/lib/thumb/libg.a(lib_a-memmove.o)
 .vfp11_veneer  0x00000000        0x0 /opt/devkitPro/devkitARM/lib/gcc/arm-eabi/4.3.3/../../../../arm-eabi/lib/thumb/libsysbase.a(close.o)
 .vfp11_veneer  0x00000000        0x0 /opt/devkitPro/devkitARM/lib/gcc/arm-eabi/4.3.3/../../../../arm-eabi/lib/thumb/libsysbase.a(fstat.o)
 .vfp11_veneer  0x00000000        0x0 /opt/devkitPro/devkitARM/lib/gcc/arm-eabi/4.3.3/../../../../arm-eabi/lib/thumb/libsysbase.a(isatty.o)
 .vfp11_veneer  0x00000000        0x0 /opt/devkitPro/devkitARM/lib/gcc/arm-eabi/4.3.3/../../../../arm-eabi/lib/thumb/libsysbase.a(lseek.o)
 .vfp11_veneer  0x00000000        0x0 /opt/devkitPro/devkitARM/lib/gcc/arm-eabi/4.3.3/../../../../arm-eabi/lib/thumb/libsysbase.a(open.o)
 .vfp11_veneer  0x00000000        0x0 /opt/devkitPro/devkitARM/lib/gcc/arm-eabi/4.3.3/../../../../arm-eabi/lib/thumb/libsysbase.a(read.o)
 .vfp11_veneer  0x00000000        0x0 /opt/devkitPro/devkitARM/lib/gcc/arm-eabi/4.3.3/../../../../arm-eabi/lib/thumb/libsysbase.a(sbrk.o)
 .vfp11_veneer  0x00000000        0x0 /opt/devkitPro/devkitARM/lib/gcc/arm-eabi/4.3.3/../../../../arm-eabi/lib/thumb/libsysbase.a(times.o)
 .vfp11_veneer  0x00000000        0x0 /opt/devkitPro/devkitARM/lib/gcc/arm-eabi/4.3.3/../../../../arm-eabi/lib/thumb/libsysbase.a(write.o)
 .vfp11_veneer  0x00000000        0x0 /opt/devkitPro/devkitARM/lib/gcc/arm-eabi/4.3.3/../../../../arm-eabi/lib/thumb/libsysbase.a(malloc_vars.o)
 .vfp11_veneer  0x00000000        0x0 /opt/devkitPro/devkitARM/lib/gcc/arm-eabi/4.3.3/../../../../arm-eabi/lib/thumb/libsysbase.a(build_argv.o)
 .vfp11_veneer  0x00000000        0x0 /opt/devkitPro/devkitARM/lib/gcc/arm-eabi/4.3.3/../../../../arm-eabi/lib/thumb/libsysbase.a(handle_manager.o)
 .vfp11_veneer  0x00000000        0x0 /opt/devkitPro/devkitARM/lib/gcc/arm-eabi/4.3.3/../../../../arm-eabi/lib/thumb/libsysbase.a(iosupport.o)
 .vfp11_veneer  0x00000000        0x0 /opt/devkitPro/devkitARM/lib/gcc/arm-eabi/4.3.3/../../../../arm-eabi/lib/thumb/libg.a(lib_a-strncmp.o)
 .vfp11_veneer  0x00000000        0x0 /opt/devkitPro/devkitARM/lib/gcc/arm-eabi/4.3.3/thumb/crtend.o
 .vfp11_veneer  0x00000000        0x0 /opt/devkitPro/devkitARM/lib/gcc/arm-eabi/4.3.3/thumb/crtn.o

.v4_bx          0x00000000        0x0
 .v4_bx         0x00000000        0x0 /opt/devkitPro/devkitARM/lib/gcc/arm-eabi/4.3.3/../../../../arm-eabi/lib/thumb/ds_arm9_crt0.o
 .v4_bx         0x00000000        0x0 /opt/devkitPro/devkitARM/lib/gcc/arm-eabi/4.3.3/thumb/crti.o
 .v4_bx         0x00000000        0x0 /opt/devkitPro/devkitARM/lib/gcc/arm-eabi/4.3.3/thumb/crtbegin.o
 .v4_bx         0x00000000        0x0 soundbank.bin.o
 .v4_bx         0x00000000        0x0 Assemblage.o
 .v4_bx         0x00000000        0x0 Background2.o
 .v4_bx         0x00000000        0x0 Background.o
 .v4_bx         0x00000000        0x0 ecranBase.o
 .v4_bx         0x00000000        0x0 MenuDescription.o
 .v4_bx         0x00000000        0x0 MenuInstruction.o
 .v4_bx         0x00000000        0x0 Menu.o
 .v4_bx         0x00000000        0x0 MenuTactile.o
 .v4_bx         0x00000000        0x0 Paper.o
 .v4_bx         0x00000000        0x0 Rock.o
 .v4_bx         0x00000000        0x0 RSP.o
 .v4_bx         0x00000000        0x0 Scissor.o
 .v4_bx         0x00000000        0x0 WIN.o
 .v4_bx         0x00000000        0x0 YourChoice.o
 .v4_bx         0x00000000        0x0 Game_Update.o
 .v4_bx         0x00000000        0x0 Handle_Outcome.o
 .v4_bx         0x00000000        0x0 Init_Graphics.o
 .v4_bx         0x00000000        0x0 Init_Interruptions.o
 .v4_bx         0x00000000        0x0 Init_Peripherals.o
 .v4_bx         0x00000000        0x0 main.o
 .v4_bx         0x00000000        0x0 Pattern_Recognition.o
 .v4_bx         0x00000000        0x0 Shared.o
 .v4_bx         0x00000000        0x0 /opt/devkitPro/libnds/lib/libdswifi9.a(sgIP_Hub.o)
 .v4_bx         0x00000000        0x0 /opt/devkitPro/libnds/lib/libdswifi9.a(sgIP_memblock.o)
 .v4_bx         0x00000000        0x0 /opt/devkitPro/libnds/lib/libdswifi9.a(sgIP_sockets.o)
 .v4_bx         0x00000000        0x0 /opt/devkitPro/libnds/lib/libdswifi9.a(wifi_arm9.o)
 .v4_bx         0x00000000        0x0 /opt/devkitPro/libnds/lib/libdswifi9.a(spinlock.o)
 .v4_bx         0x00000000        0x0 /opt/devkitPro/libnds/lib/libdswifi9.a(sgIP.o)
 .v4_bx         0x00000000        0x0 /opt/devkitPro/libnds/lib/libdswifi9.a(sgIP_ARP.o)
 .v4_bx         0x00000000        0x0 /opt/devkitPro/libnds/lib/libdswifi9.a(sgIP_DHCP.o)
 .v4_bx         0x00000000        0x0 /opt/devkitPro/libnds/lib/libdswifi9.a(sgIP_DNS.o)
 .v4_bx         0x00000000        0x0 /opt/devkitPro/libnds/lib/libdswifi9.a(sgIP_IP.o)
 .v4_bx         0x00000000        0x0 /opt/devkitPro/libnds/lib/libdswifi9.a(sgIP_TCP.o)
 .v4_bx         0x00000000        0x0 /opt/devkitPro/libnds/lib/libdswifi9.a(sgIP_UDP.o)
 .v4_bx         0x00000000        0x0 /opt/devkitPro/libnds/lib/libdswifi9.a(sgIP_ICMP.o)
 .v4_bx         0x00000000        0x0 /opt/devkitPro/devkitARM/lib/gcc/arm-eabi/4.3.3/../../../../arm-eabi/lib/thumb/libm.a(lib_a-w_acos.o)
 .v4_bx         0x00000000        0x0 /opt/devkitPro/devkitARM/lib/gcc/arm-eabi/4.3.3/../../../../arm-eabi/lib/thumb/libm.a(lib_a-w_sqrt.o)
 .v4_bx         0x00000000        0x0 /opt/devkitPro/devkitARM/lib/gcc/arm-eabi/4.3.3/../../../../arm-eabi/lib/thumb/libm.a(lib_a-e_acos.o)
 .v4_bx         0x00000000        0x0 /opt/devkitPro/devkitARM/lib/gcc/arm-eabi/4.3.3/../../../../arm-eabi/lib/thumb/libm.a(lib_a-e_sqrt.o)
 .v4_bx         0x00000000        0x0 /opt/devkitPro/devkitARM/lib/gcc/arm-eabi/4.3.3/../../../../arm-eabi/lib/thumb/libm.a(lib_a-s_fabs.o)
 .v4_bx         0x00000000        0x0 /opt/devkitPro/devkitARM/lib/gcc/arm-eabi/4.3.3/../../../../arm-eabi/lib/thumb/libm.a(lib_a-s_isnand.o)
 .v4_bx         0x00000000        0x0 /opt/devkitPro/devkitARM/lib/gcc/arm-eabi/4.3.3/../../../../arm-eabi/lib/thumb/libm.a(lib_a-s_lib_ver.o)
 .v4_bx         0x00000000        0x0 /opt/devkitPro/devkitARM/lib/gcc/arm-eabi/4.3.3/../../../../arm-eabi/lib/thumb/libm.a(lib_a-s_matherr.o)
 .v4_bx         0x00000000        0x0 /opt/devkitPro/devkitARM/lib/gcc/arm-eabi/4.3.3/../../../../arm-eabi/lib/thumb/libm.a(lib_a-s_nan.o)
 .v4_bx         0x00000000        0x0 /opt/devkitPro/libnds/lib/libnds9.a(initSystem.o)
 .v4_bx         0x00000000        0x0 /opt/devkitPro/libnds/lib/libnds9.a(keys.o)
 .v4_bx         0x00000000        0x0 /opt/devkitPro/libnds/lib/libnds9.a(system.o)
 .v4_bx         0x00000000        0x0 /opt/devkitPro/libnds/lib/libnds9.a(touch.o)
 .v4_bx         0x00000000        0x0 /opt/devkitPro/libnds/lib/libnds9.a(videoGL.o)
 .v4_bx         0x00000000        0x0 /opt/devkitPro/libnds/lib/libnds9.a(fifosystem.o)
 .v4_bx         0x00000000        0x0 /opt/devkitPro/libnds/lib/libnds9.a(interrupts.o)
 .v4_bx         0x00000000        0x0 /opt/devkitPro/libnds/lib/libnds9.a(dcache.o)
 .v4_bx         0x00000000        0x0 /opt/devkitPro/libnds/lib/libnds9.a(biosCalls.o)
 .v4_bx         0x00000000        0x0 /opt/devkitPro/libnds/lib/libnds9.a(interruptDispatcher.o)
 .v4_bx         0x00000000        0x0 /opt/devkitPro/libnds/lib/libnds9.a(trig.o)
 .v4_bx         0x00000000        0x0 /opt/devkitPro/libnds/lib/libnds9.a(video.o)
 .v4_bx         0x00000000        0x0 /opt/devkitPro/libnds/lib/libmm9.a(mm_comms.o)
 .v4_bx         0x00000000        0x0 /opt/devkitPro/libnds/lib/libmm9.a(mm_main9.o)
 .v4_bx         0x00000000        0x0 /opt/devkitPro/libnds/lib/libmm9.a(mm_memory.o)
 .v4_bx         0x00000000        0x0 /opt/devkitPro/libnds/lib/libmm9.a(mm_soundbank.o)
 .v4_bx         0x00000000        0x0 /opt/devkitPro/libnds/lib/libmm9.a(mm_flusher.o)
 .v4_bx         0x00000000        0x0 /opt/devkitPro/devkitARM/lib/gcc/arm-eabi/4.3.3/thumb/libgcc.a(_udivsi3.o)
 .v4_bx         0x00000000        0x0 /opt/devkitPro/devkitARM/lib/gcc/arm-eabi/4.3.3/thumb/libgcc.a(_divsi3.o)
 .v4_bx         0x00000000        0x0 /opt/devkitPro/devkitARM/lib/gcc/arm-eabi/4.3.3/thumb/libgcc.a(_dvmd_tls.o)
 .v4_bx         0x00000000        0x0 /opt/devkitPro/devkitARM/lib/gcc/arm-eabi/4.3.3/thumb/libgcc.a(_addsubdf3.o)
 .v4_bx         0x00000000        0x0 /opt/devkitPro/devkitARM/lib/gcc/arm-eabi/4.3.3/thumb/libgcc.a(_muldivdf3.o)
 .v4_bx         0x00000000        0x0 /opt/devkitPro/devkitARM/lib/gcc/arm-eabi/4.3.3/thumb/libgcc.a(_cmpdf2.o)
 .v4_bx         0x00000000        0x0 /opt/devkitPro/devkitARM/lib/gcc/arm-eabi/4.3.3/thumb/libgcc.a(_fixdfsi.o)
 .v4_bx         0x00000000        0x0 /opt/devkitPro/devkitARM/lib/gcc/arm-eabi/4.3.3/thumb/libgcc.a(_muldi3.o)
 .v4_bx         0x00000000        0x0 /opt/devkitPro/devkitARM/lib/gcc/arm-eabi/4.3.3/../../../../arm-eabi/lib/thumb/libg.a(lib_a-bsearch.o)
 .v4_bx         0x00000000        0x0 /opt/devkitPro/devkitARM/lib/gcc/arm-eabi/4.3.3/../../../../arm-eabi/lib/thumb/libg.a(lib_a-errno.o)
 .v4_bx         0x00000000        0x0 /opt/devkitPro/devkitARM/lib/gcc/arm-eabi/4.3.3/../../../../arm-eabi/lib/thumb/libg.a(lib_a-fclose.o)
 .v4_bx         0x00000000        0x0 /opt/devkitPro/devkitARM/lib/gcc/arm-eabi/4.3.3/../../../../arm-eabi/lib/thumb/libg.a(lib_a-fflush.o)
 .v4_bx         0x00000000        0x0 /opt/devkitPro/devkitARM/lib/gcc/arm-eabi/4.3.3/../../../../arm-eabi/lib/thumb/libg.a(lib_a-findfp.o)
 .v4_bx         0x00000000        0x0 /opt/devkitPro/devkitARM/lib/gcc/arm-eabi/4.3.3/../../../../arm-eabi/lib/thumb/libg.a(lib_a-fopen.o)
 .v4_bx         0x00000000        0x0 /opt/devkitPro/devkitARM/lib/gcc/arm-eabi/4.3.3/../../../../arm-eabi/lib/thumb/libg.a(lib_a-fread.o)
 .v4_bx         0x00000000        0x0 /opt/devkitPro/devkitARM/lib/gcc/arm-eabi/4.3.3/../../../../arm-eabi/lib/thumb/libg.a(lib_a-freer.o)
 .v4_bx         0x00000000        0x0 /opt/devkitPro/devkitARM/lib/gcc/arm-eabi/4.3.3/../../../../arm-eabi/lib/thumb/libg.a(lib_a-fseek.o)
 .v4_bx         0x00000000        0x0 /opt/devkitPro/devkitARM/lib/gcc/arm-eabi/4.3.3/../../../../arm-eabi/lib/thumb/libg.a(lib_a-fwalk.o)
 .v4_bx         0x00000000        0x0 /opt/devkitPro/devkitARM/lib/gcc/arm-eabi/4.3.3/../../../../arm-eabi/lib/thumb/libg.a(lib_a-impure.o)
 .v4_bx         0x00000000        0x0 /opt/devkitPro/devkitARM/lib/gcc/arm-eabi/4.3.3/../../../../arm-eabi/lib/thumb/libg.a(lib_a-init.o)
 .v4_bx         0x00000000        0x0 /opt/devkitPro/devkitARM/lib/gcc/arm-eabi/4.3.3/../../../../arm-eabi/lib/thumb/libg.a(lib_a-makebuf.o)
 .v4_bx         0x00000000        0x0 /opt/devkitPro/devkitARM/lib/gcc/arm-eabi/4.3.3/../../../../arm-eabi/lib/thumb/libg.a(lib_a-malloc.o)
 .v4_bx         0x00000000        0x0 /opt/devkitPro/devkitARM/lib/gcc/arm-eabi/4.3.3/../../../../arm-eabi/lib/thumb/libg.a(lib_a-mallocr.o)
 .v4_bx         0x00000000        0x0 /opt/devkitPro/devkitARM/lib/gcc/arm-eabi/4.3.3/../../../../arm-eabi/lib/thumb/libg.a(lib_a-memcpy.o)
 .v4_bx         0x00000000        0x0 /opt/devkitPro/devkitARM/lib/gcc/arm-eabi/4.3.3/../../../../arm-eabi/lib/thumb/libg.a(lib_a-memset.o)
 .v4_bx         0x00000000        0x0 /opt/devkitPro/devkitARM/lib/gcc/arm-eabi/4.3.3/../../../../arm-eabi/lib/thumb/libg.a(lib_a-mlock.o)
 .v4_bx         0x00000000        0x0 /opt/devkitPro/devkitARM/lib/gcc/arm-eabi/4.3.3/../../../../arm-eabi/lib/thumb/libg.a(lib_a-rand.o)
 .v4_bx         0x00000000        0x0 /opt/devkitPro/devkitARM/lib/gcc/arm-eabi/4.3.3/../../../../arm-eabi/lib/thumb/libg.a(lib_a-realloc.o)
 .v4_bx         0x00000000        0x0 /opt/devkitPro/devkitARM/lib/gcc/arm-eabi/4.3.3/../../../../arm-eabi/lib/thumb/libg.a(lib_a-reallocr.o)
 .v4_bx         0x00000000        0x0 /opt/devkitPro/devkitARM/lib/gcc/arm-eabi/4.3.3/../../../../arm-eabi/lib/thumb/libg.a(lib_a-refill.o)
 .v4_bx         0x00000000        0x0 /opt/devkitPro/devkitARM/lib/gcc/arm-eabi/4.3.3/../../../../arm-eabi/lib/thumb/libg.a(lib_a-stdio.o)
 .v4_bx         0x00000000        0x0 /opt/devkitPro/devkitARM/lib/gcc/arm-eabi/4.3.3/../../../../arm-eabi/lib/thumb/libg.a(lib_a-strcmp.o)
 .v4_bx         0x00000000        0x0 /opt/devkitPro/devkitARM/lib/gcc/arm-eabi/4.3.3/../../../../arm-eabi/lib/thumb/libg.a(lib_a-strlen.o)
 .v4_bx         0x00000000        0x0 /opt/devkitPro/devkitARM/lib/gcc/arm-eabi/4.3.3/../../../../arm-eabi/lib/thumb/libg.a(lib_a-strncpy.o)
 .v4_bx         0x00000000        0x0 /opt/devkitPro/devkitARM/lib/gcc/arm-eabi/4.3.3/../../../../arm-eabi/lib/thumb/libg.a(lib_a-time.o)
 .v4_bx         0x00000000        0x0 /opt/devkitPro/devkitARM/lib/gcc/arm-eabi/4.3.3/../../../../arm-eabi/lib/thumb/libg.a(lib_a-flags.o)
 .v4_bx         0x00000000        0x0 /opt/devkitPro/devkitARM/lib/gcc/arm-eabi/4.3.3/../../../../arm-eabi/lib/thumb/libg.a(lib_a-memmove.o)
 .v4_bx         0x00000000        0x0 /opt/devkitPro/devkitARM/lib/gcc/arm-eabi/4.3.3/../../../../arm-eabi/lib/thumb/libsysbase.a(close.o)
 .v4_bx         0x00000000        0x0 /opt/devkitPro/devkitARM/lib/gcc/arm-eabi/4.3.3/../../../../arm-eabi/lib/thumb/libsysbase.a(fstat.o)
 .v4_bx         0x00000000        0x0 /opt/devkitPro/devkitARM/lib/gcc/arm-eabi/4.3.3/../../../../arm-eabi/lib/thumb/libsysbase.a(isatty.o)
 .v4_bx         0x00000000        0x0 /opt/devkitPro/devkitARM/lib/gcc/arm-eabi/4.3.3/../../../../arm-eabi/lib/thumb/libsysbase.a(lseek.o)
 .v4_bx         0x00000000        0x0 /opt/devkitPro/devkitARM/lib/gcc/arm-eabi/4.3.3/../../../../arm-eabi/lib/thumb/libsysbase.a(open.o)
 .v4_bx         0x00000000        0x0 /opt/devkitPro/devkitARM/lib/gcc/arm-eabi/4.3.3/../../../../arm-eabi/lib/thumb/libsysbase.a(read.o)
 .v4_bx         0x00000000        0x0 /opt/devkitPro/devkitARM/lib/gcc/arm-eabi/4.3.3/../../../../arm-eabi/lib/thumb/libsysbase.a(sbrk.o)
 .v4_bx         0x00000000        0x0 /opt/devkitPro/devkitARM/lib/gcc/arm-eabi/4.3.3/../../../../arm-eabi/lib/thumb/libsysbase.a(times.o)
 .v4_bx         0x00000000        0x0 /opt/devkitPro/devkitARM/lib/gcc/arm-eabi/4.3.3/../../../../arm-eabi/lib/thumb/libsysbase.a(write.o)
 .v4_bx         0x00000000        0x0 /opt/devkitPro/devkitARM/lib/gcc/arm-eabi/4.3.3/../../../../arm-eabi/lib/thumb/libsysbase.a(malloc_vars.o)
 .v4_bx         0x00000000        0x0 /opt/devkitPro/devkitARM/lib/gcc/arm-eabi/4.3.3/../../../../arm-eabi/lib/thumb/libsysbase.a(build_argv.o)
 .v4_bx         0x00000000        0x0 /opt/devkitPro/devkitARM/lib/gcc/arm-eabi/4.3.3/../../../../arm-eabi/lib/thumb/libsysbase.a(handle_manager.o)
 .v4_bx         0x00000000        0x0 /opt/devkitPro/devkitARM/lib/gcc/arm-eabi/4.3.3/../../../../arm-eabi/lib/thumb/libsysbase.a(iosupport.o)
 .v4_bx         0x00000000        0x0 /opt/devkitPro/devkitARM/lib/gcc/arm-eabi/4.3.3/../../../../arm-eabi/lib/thumb/libg.a(lib_a-strncmp.o)
 .v4_bx         0x00000000        0x0 /opt/devkitPro/devkitARM/lib/gcc/arm-eabi/4.3.3/thumb/crtend.o
 .v4_bx         0x00000000        0x0 /opt/devkitPro/devkitARM/lib/gcc/arm-eabi/4.3.3/thumb/crtn.o

.fini           0x0200dff4        0xc
 *(.fini)
 .fini          0x0200dff4        0x4 /opt/devkitPro/devkitARM/lib/gcc/arm-eabi/4.3.3/thumb/crti.o
                0x0200dff4                _fini
 .fini          0x0200dff8        0x8 /opt/devkitPro/devkitARM/lib/gcc/arm-eabi/4.3.3/thumb/crtn.o
                0x0200e000                __text_end = .

.rodata         0x0200e000    0xfb6bc
 *(.rodata)
 .rodata        0x0200e000    0xbc9e0 soundbank.bin.o
                0x020ca9dc                soundbank_bin_end
                0x0200e000                soundbank_bin
                0x020ca9dc                soundbank_bin_size
 .rodata        0x020ca9e0     0x3fc0 Assemblage.o
                0x020ca9e0                AssemblageTiles
                0x020ce7a0                AssemblagePal
                0x020cdd20                AssemblageMap
 .rodata        0x020ce9a0     0x8700 Background2.o
                0x020d6ea0                Background2Pal
                0x020d68a0                Background2Map
                0x020ce9a0                Background2Tiles
 .rodata        0x020d70a0     0xe080 Background.o
                0x020e3f20                BackgroundMap
                0x020d70a0                BackgroundTiles
                0x020e4f20                BackgroundPal
 .rodata        0x020e5120     0x32c0 ecranBase.o
                0x020e5120                ecranBaseTiles
                0x020e81e0                ecranBasePal
                0x020e79e0                ecranBaseMap
 .rodata        0x020e83e0     0x6940 MenuDescription.o